Archive member included because of file (symbol)

c:/siliconlabs/simplicitystudio/v2/developer/toolchains/gnu_arm/4.8_2013q4/bin/../lib/gcc/arm-none-eabi/4.8.3/../../../../arm-none-eabi/lib/armv7-m\libc_s.a(lib_a-exit.o)
                              c:/siliconlabs/simplicitystudio/v2/developer/toolchains/gnu_arm/4.8_2013q4/bin/../lib/gcc/arm-none-eabi/4.8.3/../../../../arm-none-eabi/lib/armv7-m/crt0.o (exit)
c:/siliconlabs/simplicitystudio/v2/developer/toolchains/gnu_arm/4.8_2013q4/bin/../lib/gcc/arm-none-eabi/4.8.3/../../../../arm-none-eabi/lib/armv7-m\libc_s.a(lib_a-impure.o)
                              c:/siliconlabs/simplicitystudio/v2/developer/toolchains/gnu_arm/4.8_2013q4/bin/../lib/gcc/arm-none-eabi/4.8.3/../../../../arm-none-eabi/lib/armv7-m\libc_s.a(lib_a-exit.o) (_global_impure_ptr)
c:/siliconlabs/simplicitystudio/v2/developer/toolchains/gnu_arm/4.8_2013q4/bin/../lib/gcc/arm-none-eabi/4.8.3/../../../../arm-none-eabi/lib/armv7-m\libc_s.a(lib_a-init.o)
                              c:/siliconlabs/simplicitystudio/v2/developer/toolchains/gnu_arm/4.8_2013q4/bin/../lib/gcc/arm-none-eabi/4.8.3/../../../../arm-none-eabi/lib/armv7-m/crt0.o (__libc_init_array)
c:/siliconlabs/simplicitystudio/v2/developer/toolchains/gnu_arm/4.8_2013q4/bin/../lib/gcc/arm-none-eabi/4.8.3/../../../../arm-none-eabi/lib/armv7-m\libc_s.a(lib_a-memcpy-stub.o)
                              ./FreeRTOS/efm32gg/queue.o (memcpy)
c:/siliconlabs/simplicitystudio/v2/developer/toolchains/gnu_arm/4.8_2013q4/bin/../lib/gcc/arm-none-eabi/4.8.3/../../../../arm-none-eabi/lib/armv7-m\libc_s.a(lib_a-memset.o)
                              c:/siliconlabs/simplicitystudio/v2/developer/toolchains/gnu_arm/4.8_2013q4/bin/../lib/gcc/arm-none-eabi/4.8.3/../../../../arm-none-eabi/lib/armv7-m/crt0.o (memset)
c:/siliconlabs/simplicitystudio/v2/developer/toolchains/gnu_arm/4.8_2013q4/bin/../lib/gcc/arm-none-eabi/4.8.3/../../../../arm-none-eabi/lib/armv7-m\libnosys.a(_exit.o)
                              c:/siliconlabs/simplicitystudio/v2/developer/toolchains/gnu_arm/4.8_2013q4/bin/../lib/gcc/arm-none-eabi/4.8.3/../../../../arm-none-eabi/lib/armv7-m\libc_s.a(lib_a-exit.o) (_exit)

Allocating common symbols
Common symbol       size              file

SystemCoreClock     0x4               ./CMSIS/efm32gg/system_efm32gg.o
xQueueRegistry      0x50              ./FreeRTOS/efm32gg/queue.o

Discarded input sections

 .text          0x00000000        0x0 c:/siliconlabs/simplicitystudio/v2/developer/toolchains/gnu_arm/4.8_2013q4/bin/../lib/gcc/arm-none-eabi/4.8.3/armv7-m/crti.o
 .data          0x00000000        0x0 c:/siliconlabs/simplicitystudio/v2/developer/toolchains/gnu_arm/4.8_2013q4/bin/../lib/gcc/arm-none-eabi/4.8.3/armv7-m/crti.o
 .bss           0x00000000        0x0 c:/siliconlabs/simplicitystudio/v2/developer/toolchains/gnu_arm/4.8_2013q4/bin/../lib/gcc/arm-none-eabi/4.8.3/armv7-m/crti.o
 .data          0x00000000        0x4 c:/siliconlabs/simplicitystudio/v2/developer/toolchains/gnu_arm/4.8_2013q4/bin/../lib/gcc/arm-none-eabi/4.8.3/armv7-m/crtbegin.o
 .data          0x00000000        0x0 c:/siliconlabs/simplicitystudio/v2/developer/toolchains/gnu_arm/4.8_2013q4/bin/../lib/gcc/arm-none-eabi/4.8.3/../../../../arm-none-eabi/lib/armv7-m/crt0.o
 .bss           0x00000000        0x0 c:/siliconlabs/simplicitystudio/v2/developer/toolchains/gnu_arm/4.8_2013q4/bin/../lib/gcc/arm-none-eabi/4.8.3/../../../../arm-none-eabi/lib/armv7-m/crt0.o
 .ARM.extab     0x00000000        0x0 c:/siliconlabs/simplicitystudio/v2/developer/toolchains/gnu_arm/4.8_2013q4/bin/../lib/gcc/arm-none-eabi/4.8.3/../../../../arm-none-eabi/lib/armv7-m/crt0.o
 .text          0x00000000        0x0 ./src/low_power_tick_management.o
 .data          0x00000000        0x0 ./src/low_power_tick_management.o
 .bss           0x00000000        0x0 ./src/low_power_tick_management.o
 .text          0x00000000        0x0 ./src/main.o
 .data          0x00000000        0x0 ./src/main.o
 .bss           0x00000000        0x0 ./src/main.o
 .text          0x00000000        0x0 ./emlib/em_assert.o
 .data          0x00000000        0x0 ./emlib/em_assert.o
 .bss           0x00000000        0x0 ./emlib/em_assert.o
 .text          0x00000000        0x0 ./emlib/em_burtc.o
 .data          0x00000000        0x0 ./emlib/em_burtc.o
 .bss           0x00000000        0x0 ./emlib/em_burtc.o
 .text.BURTC_CompareGet
                0x00000000       0x2c ./emlib/em_burtc.o
 .text.BURTC_Reset
                0x00000000       0x5c ./emlib/em_burtc.o
 .text.BURTC_ClockFreqGet
                0x00000000       0x7c ./emlib/em_burtc.o
 .text          0x00000000        0x0 ./emlib/em_cmu.o
 .data          0x00000000        0x0 ./emlib/em_cmu.o
 .bss           0x00000000        0x0 ./emlib/em_cmu.o
 .text.CMU_FlashWaitStateMax
                0x00000000       0x64 ./emlib/em_cmu.o
 .text.CMU_Log2ToDiv
                0x00000000       0x1c ./emlib/em_cmu.o
 .text.CMU_FlashWaitStateControl
                0x00000000       0xcc ./emlib/em_cmu.o
 .text.CMU_Calibrate
                0x00000000       0xa4 ./emlib/em_cmu.o
 .text.CMU_CalibrateConfig
                0x00000000       0xfc ./emlib/em_cmu.o
 .text.CMU_ClockDivGet
                0x00000000      0x18c ./emlib/em_cmu.o
 .text.CMU_ClockDivSet
                0x00000000      0x2e8 ./emlib/em_cmu.o
 .text.CMU_ClockSelectSet
                0x00000000      0x2d8 ./emlib/em_cmu.o
 .text.CMU_FreezeEnable
                0x00000000       0x38 ./emlib/em_cmu.o
 .text.CMU_AUXHFRCOBandGet
                0x00000000       0x20 ./emlib/em_cmu.o
 .text.CMU_AUXHFRCOBandSet
                0x00000000       0xb8 ./emlib/em_cmu.o
 .text.CMU_HFRCOBandGet
                0x00000000       0x20 ./emlib/em_cmu.o
 .text.CMU_HFRCOBandSet
                0x00000000       0xd8 ./emlib/em_cmu.o
 .text.CMU_HFRCOStartupDelayGet
                0x00000000       0x1c ./emlib/em_cmu.o
 .text.CMU_HFRCOStartupDelaySet
                0x00000000       0x40 ./emlib/em_cmu.o
 .text.CMU_LCDClkFDIVGet
                0x00000000       0x1c ./emlib/em_cmu.o
 .text.CMU_LCDClkFDIVSet
                0x00000000       0x4c ./emlib/em_cmu.o
 .text.CMU_OscillatorEnable
                0x00000000       0xd0 ./emlib/em_cmu.o
 .text.CMU_OscillatorTuningGet
                0x00000000       0x5c ./emlib/em_cmu.o
 .text.CMU_OscillatorTuningSet
                0x00000000       0xb0 ./emlib/em_cmu.o
 .text.CMU_PCNTClockExternalGet
                0x00000000       0x64 ./emlib/em_cmu.o
 .text.CMU_PCNTClockExternalSet
                0x00000000       0x48 ./emlib/em_cmu.o
 .text          0x00000000        0x0 ./emlib/em_emu.o
 .data          0x00000000        0x0 ./emlib/em_emu.o
 .bss           0x00000000        0x0 ./emlib/em_emu.o
 .text.BITBAND_Peripheral
                0x00000000       0x2c ./emlib/em_emu.o
 .text.EMU_BUPinEnable
                0x00000000       0x20 ./emlib/em_emu.o
 .rodata        0x00000000       0x50 ./emlib/em_emu.o
 .text.EMU_MemPwrDown
                0x00000000       0x2c ./emlib/em_emu.o
 .text.EMU_UpdateOscConfig
                0x00000000       0x20 ./emlib/em_emu.o
 .text.EMU_EM4Init
                0x00000000       0x50 ./emlib/em_emu.o
 .text.EMU_BUPDInit
                0x00000000       0xcc ./emlib/em_emu.o
 .text.EMU_BUThresholdSet
                0x00000000       0x5c ./emlib/em_emu.o
 .text.EMU_BUThresRangeSet
                0x00000000       0x60 ./emlib/em_emu.o
 .text          0x00000000        0x0 ./emlib/em_gpio.o
 .data          0x00000000        0x0 ./emlib/em_gpio.o
 .bss           0x00000000        0x0 ./emlib/em_gpio.o
 .text.BITBAND_Peripheral
                0x00000000       0x2c ./emlib/em_gpio.o
 .text.GPIO_DbgLocationSet
                0x00000000       0x3c ./emlib/em_gpio.o
 .text.GPIO_DriveModeSet
                0x00000000       0x58 ./emlib/em_gpio.o
 .text.GPIO_IntConfig
                0x00000000       0xcc ./emlib/em_gpio.o
 .text          0x00000000        0x0 ./emlib/em_int.o
 .data          0x00000000        0x0 ./emlib/em_int.o
 .bss           0x00000000        0x0 ./emlib/em_int.o
 .text          0x00000000        0x0 ./emlib/em_rmu.o
 .data          0x00000000        0x0 ./emlib/em_rmu.o
 .bss           0x00000000        0x0 ./emlib/em_rmu.o
 .text          0x00000000        0x0 ./emlib/em_rtc.o
 .data          0x00000000        0x0 ./emlib/em_rtc.o
 .bss           0x00000000        0x0 ./emlib/em_rtc.o
 .text.BITBAND_Peripheral
                0x00000000       0x2c ./emlib/em_rtc.o
 .rodata        0x00000000       0x50 ./emlib/em_rtc.o
 .text.RTC_CompareGet
                0x00000000       0x4c ./emlib/em_rtc.o
 .text.RTC_CompareSet
                0x00000000       0x54 ./emlib/em_rtc.o
 .text.RTC_Enable
                0x00000000       0x20 ./emlib/em_rtc.o
 .text.RTC_FreezeEnable
                0x00000000       0x2c ./emlib/em_rtc.o
 .text.RTC_Init
                0x00000000       0x50 ./emlib/em_rtc.o
 .text.RTC_Reset
                0x00000000       0x34 ./emlib/em_rtc.o
 .text.RTC_CounterReset
                0x00000000       0x14 ./emlib/em_rtc.o
 .debug_info    0x00000000      0x329 ./emlib/em_rtc.o
 .debug_abbrev  0x00000000      0x17c ./emlib/em_rtc.o
 .debug_loc     0x00000000      0x1a8 ./emlib/em_rtc.o
 .debug_aranges
                0x00000000       0x58 ./emlib/em_rtc.o
 .debug_ranges  0x00000000       0x48 ./emlib/em_rtc.o
 .debug_line    0x00000000      0x2db ./emlib/em_rtc.o
 .debug_str     0x00000000      0x2b5 ./emlib/em_rtc.o
 .comment       0x00000000       0x71 ./emlib/em_rtc.o
 .ARM.attributes
                0x00000000       0x33 ./emlib/em_rtc.o
 .debug_frame   0x00000000       0xf8 ./emlib/em_rtc.o
 .text          0x00000000        0x0 ./emlib/em_system.o
 .data          0x00000000        0x0 ./emlib/em_system.o
 .bss           0x00000000        0x0 ./emlib/em_system.o
 .text.SYSTEM_GetCalibrationValue
                0x00000000       0x5c ./emlib/em_system.o
 .text          0x00000000        0x0 ./FreeRTOS/efm32gg/croutine.o
 .data          0x00000000        0x0 ./FreeRTOS/efm32gg/croutine.o
 .bss           0x00000000        0x0 ./FreeRTOS/efm32gg/croutine.o
 .bss.pxReadyCoRoutineLists
                0x00000000       0x14 ./FreeRTOS/efm32gg/croutine.o
 .bss.xDelayedCoRoutineList1
                0x00000000       0x14 ./FreeRTOS/efm32gg/croutine.o
 .bss.xDelayedCoRoutineList2
                0x00000000       0x14 ./FreeRTOS/efm32gg/croutine.o
 .bss.pxDelayedCoRoutineList
                0x00000000        0x4 ./FreeRTOS/efm32gg/croutine.o
 .bss.pxOverflowDelayedCoRoutineList
                0x00000000        0x4 ./FreeRTOS/efm32gg/croutine.o
 .bss.xPendingReadyCoRoutineList
                0x00000000       0x14 ./FreeRTOS/efm32gg/croutine.o
 .bss.pxCurrentCoRoutine
                0x00000000        0x4 ./FreeRTOS/efm32gg/croutine.o
 .bss.uxTopCoRoutineReadyPriority
                0x00000000        0x4 ./FreeRTOS/efm32gg/croutine.o
 .bss.xCoRoutineTickCount
                0x00000000        0x4 ./FreeRTOS/efm32gg/croutine.o
 .bss.xLastTickCount
                0x00000000        0x4 ./FreeRTOS/efm32gg/croutine.o
 .bss.xPassedTicks
                0x00000000        0x4 ./FreeRTOS/efm32gg/croutine.o
 .text.xCoRoutineCreate
                0x00000000       0xcc ./FreeRTOS/efm32gg/croutine.o
 .text.vCoRoutineAddToDelayedList
                0x00000000       0x84 ./FreeRTOS/efm32gg/croutine.o
 .text.prvCheckPendingReadyList
                0x00000000       0x78 ./FreeRTOS/efm32gg/croutine.o
 .text.prvCheckDelayedList
                0x00000000       0xf8 ./FreeRTOS/efm32gg/croutine.o
 .text.vCoRoutineSchedule
                0x00000000       0xa0 ./FreeRTOS/efm32gg/croutine.o
 .text.prvInitialiseCoRoutineLists
                0x00000000       0x68 ./FreeRTOS/efm32gg/croutine.o
 .text.xCoRoutineRemoveFromEventList
                0x00000000       0x50 ./FreeRTOS/efm32gg/croutine.o
 .debug_info    0x00000000      0x49d ./FreeRTOS/efm32gg/croutine.o
 .debug_abbrev  0x00000000      0x180 ./FreeRTOS/efm32gg/croutine.o
 .debug_loc     0x00000000      0x188 ./FreeRTOS/efm32gg/croutine.o
 .debug_aranges
                0x00000000       0x50 ./FreeRTOS/efm32gg/croutine.o
 .debug_ranges  0x00000000       0x40 ./FreeRTOS/efm32gg/croutine.o
 .debug_line    0x00000000      0x2b0 ./FreeRTOS/efm32gg/croutine.o
 .debug_str     0x00000000      0x4bd ./FreeRTOS/efm32gg/croutine.o
 .comment       0x00000000       0x71 ./FreeRTOS/efm32gg/croutine.o
 .ARM.attributes
                0x00000000       0x33 ./FreeRTOS/efm32gg/croutine.o
 .debug_frame   0x00000000       0xf0 ./FreeRTOS/efm32gg/croutine.o
 .text          0x00000000        0x0 ./FreeRTOS/efm32gg/heap_1.o
 .data          0x00000000        0x0 ./FreeRTOS/efm32gg/heap_1.o
 .bss           0x00000000        0x0 ./FreeRTOS/efm32gg/heap_1.o
 .text.vPortInitialiseBlocks
                0x00000000       0x18 ./FreeRTOS/efm32gg/heap_1.o
 .text.xPortGetFreeHeapSize
                0x00000000       0x1c ./FreeRTOS/efm32gg/heap_1.o
 .text          0x00000000        0x0 ./FreeRTOS/efm32gg/list.o
 .data          0x00000000        0x0 ./FreeRTOS/efm32gg/list.o
 .bss           0x00000000        0x0 ./FreeRTOS/efm32gg/list.o
 .text          0x00000000        0x0 ./FreeRTOS/efm32gg/port.o
 .data          0x00000000        0x0 ./FreeRTOS/efm32gg/port.o
 .bss           0x00000000        0x0 ./FreeRTOS/efm32gg/port.o
 .rodata.pcInterruptPriorityRegisters
                0x00000000        0x4 ./FreeRTOS/efm32gg/port.o
 .text.vPortEndScheduler
                0x00000000        0xc ./FreeRTOS/efm32gg/port.o
 .text.vPortSetupTimerInterrupt
                0x00000000       0x20 ./FreeRTOS/efm32gg/port.o
 .text          0x00000000        0x0 ./FreeRTOS/efm32gg/queue.o
 .data          0x00000000        0x0 ./FreeRTOS/efm32gg/queue.o
 .bss           0x00000000        0x0 ./FreeRTOS/efm32gg/queue.o
 .text.xQueueCreateMutex
                0x00000000       0x90 ./FreeRTOS/efm32gg/queue.o
 .text.xQueueReceiveFromISR
                0x00000000       0xb4 ./FreeRTOS/efm32gg/queue.o
 .text.xQueuePeekFromISR
                0x00000000       0x7c ./FreeRTOS/efm32gg/queue.o
 .text.uxQueueMessagesWaiting
                0x00000000       0x34 ./FreeRTOS/efm32gg/queue.o
 .text.uxQueueMessagesWaitingFromISR
                0x00000000       0x2c ./FreeRTOS/efm32gg/queue.o
 .text.vQueueDelete
                0x00000000       0x3c ./FreeRTOS/efm32gg/queue.o
 .text.xQueueIsQueueEmptyFromISR
                0x00000000       0x38 ./FreeRTOS/efm32gg/queue.o
 .text.xQueueIsQueueFullFromISR
                0x00000000       0x3c ./FreeRTOS/efm32gg/queue.o
 .text.vQueueAddToRegistry
                0x00000000       0x50 ./FreeRTOS/efm32gg/queue.o
 .text.vQueueUnregisterQueue
                0x00000000       0x44 ./FreeRTOS/efm32gg/queue.o
 COMMON         0x00000000       0x50 ./FreeRTOS/efm32gg/queue.o
 .text          0x00000000        0x0 ./FreeRTOS/efm32gg/tasks.o
 .data          0x00000000        0x0 ./FreeRTOS/efm32gg/tasks.o
 .bss           0x00000000        0x0 ./FreeRTOS/efm32gg/tasks.o
 .text.vTaskDelete
                0x00000000       0x8c ./FreeRTOS/efm32gg/tasks.o
 .text.vTaskDelayUntil
                0x00000000       0xbc ./FreeRTOS/efm32gg/tasks.o
 .text.uxTaskPriorityGet
                0x00000000       0x34 ./FreeRTOS/efm32gg/tasks.o
 .text.vTaskPrioritySet
                0x00000000      0x124 ./FreeRTOS/efm32gg/tasks.o
 .text.vTaskSuspend
                0x00000000       0x90 ./FreeRTOS/efm32gg/tasks.o
 .text.xTaskIsTaskSuspended
                0x00000000       0x6c ./FreeRTOS/efm32gg/tasks.o
 .text.vTaskResume
                0x00000000       0xa4 ./FreeRTOS/efm32gg/tasks.o
 .text.xTaskResumeFromISR
                0x00000000       0xc4 ./FreeRTOS/efm32gg/tasks.o
 .text.vTaskEndScheduler
                0x00000000       0x18 ./FreeRTOS/efm32gg/tasks.o
 .text.xTaskGetTickCountFromISR
                0x00000000       0x2c ./FreeRTOS/efm32gg/tasks.o
 .text.uxTaskGetNumberOfTasks
                0x00000000       0x18 ./FreeRTOS/efm32gg/tasks.o
 .text          0x00000000        0x0 ./FreeRTOS/efm32gg/timers.o
 .data          0x00000000        0x0 ./FreeRTOS/efm32gg/timers.o
 .bss           0x00000000        0x0 ./FreeRTOS/efm32gg/timers.o
 .text.xTimerCreate
                0x00000000       0x70 ./FreeRTOS/efm32gg/timers.o
 .text.xTimerIsTimerActive
                0x00000000       0x30 ./FreeRTOS/efm32gg/timers.o
 .text.pvTimerGetTimerID
                0x00000000       0x1c ./FreeRTOS/efm32gg/timers.o
 .text          0x00000000        0x0 ./Drivers/sleep.o
 .data          0x00000000        0x0 ./Drivers/sleep.o
 .bss           0x00000000        0x0 ./Drivers/sleep.o
 .text.BITBAND_Peripheral
                0x00000000       0x2c ./Drivers/sleep.o
 .text.EMU_EM2Block
                0x00000000       0x14 ./Drivers/sleep.o
 .text.EMU_EM2UnBlock
                0x00000000       0x14 ./Drivers/sleep.o
 .text.SLEEP_ForceSleepInEM4
                0x00000000       0x10 ./Drivers/sleep.o
 .text.SLEEP_SleepBlockBegin
                0x00000000       0x60 ./Drivers/sleep.o
 .text.SLEEP_SleepBlockEnd
                0x00000000       0x58 ./Drivers/sleep.o
 .data          0x00000000        0x0 ./CMSIS/efm32gg/startup_efm32gg.o
 .bss           0x00000000        0x0 ./CMSIS/efm32gg/startup_efm32gg.o
 .text          0x00000000        0x0 ./CMSIS/efm32gg/system_efm32gg.o
 .data          0x00000000        0x0 ./CMSIS/efm32gg/system_efm32gg.o
 .bss           0x00000000        0x0 ./CMSIS/efm32gg/system_efm32gg.o
 .text.SystemHFXOClockGet
                0x00000000       0x18 ./CMSIS/efm32gg/system_efm32gg.o
 .text.SystemHFXOClockSet
                0x00000000       0x2c ./CMSIS/efm32gg/system_efm32gg.o
 .text.SystemLFXOClockSet
                0x00000000       0x2c ./CMSIS/efm32gg/system_efm32gg.o
 .text          0x00000000        0x0 ./BSP/bsp_stk_leds.o
 .data          0x00000000        0x0 ./BSP/bsp_stk_leds.o
 .bss           0x00000000        0x0 ./BSP/bsp_stk_leds.o
 .text.GPIO_PinOutClear
                0x00000000       0x4c ./BSP/bsp_stk_leds.o
 .text.GPIO_PinOutGet
                0x00000000       0x50 ./BSP/bsp_stk_leds.o
 .text.BSP_LedsGet
                0x00000000       0x5c ./BSP/bsp_stk_leds.o
 .text.BSP_LedsSet
                0x00000000       0x74 ./BSP/bsp_stk_leds.o
 .text.BSP_LedClear
                0x00000000       0x44 ./BSP/bsp_stk_leds.o
 .text.BSP_LedGet
                0x00000000       0x48 ./BSP/bsp_stk_leds.o
 .text          0x00000000        0x0 ./BSP/bsp_trace.o
 .data          0x00000000        0x0 ./BSP/bsp_trace.o
 .bss           0x00000000        0x0 ./BSP/bsp_trace.o
 .text          0x00000000        0x0 c:/siliconlabs/simplicitystudio/v2/developer/toolchains/gnu_arm/4.8_2013q4/bin/../lib/gcc/arm-none-eabi/4.8.3/../../../../arm-none-eabi/lib/armv7-m\libc_s.a(lib_a-exit.o)
 .data          0x00000000        0x0 c:/siliconlabs/simplicitystudio/v2/developer/toolchains/gnu_arm/4.8_2013q4/bin/../lib/gcc/arm-none-eabi/4.8.3/../../../../arm-none-eabi/lib/armv7-m\libc_s.a(lib_a-exit.o)
 .bss           0x00000000        0x0 c:/siliconlabs/simplicitystudio/v2/developer/toolchains/gnu_arm/4.8_2013q4/bin/../lib/gcc/arm-none-eabi/4.8.3/../../../../arm-none-eabi/lib/armv7-m\libc_s.a(lib_a-exit.o)
 .text          0x00000000        0x0 c:/siliconlabs/simplicitystudio/v2/developer/toolchains/gnu_arm/4.8_2013q4/bin/../lib/gcc/arm-none-eabi/4.8.3/../../../../arm-none-eabi/lib/armv7-m\libc_s.a(lib_a-impure.o)
 .data          0x00000000        0x0 c:/siliconlabs/simplicitystudio/v2/developer/toolchains/gnu_arm/4.8_2013q4/bin/../lib/gcc/arm-none-eabi/4.8.3/../../../../arm-none-eabi/lib/armv7-m\libc_s.a(lib_a-impure.o)
 .bss           0x00000000        0x0 c:/siliconlabs/simplicitystudio/v2/developer/toolchains/gnu_arm/4.8_2013q4/bin/../lib/gcc/arm-none-eabi/4.8.3/../../../../arm-none-eabi/lib/armv7-m\libc_s.a(lib_a-impure.o)
 .data._impure_ptr
                0x00000000        0x4 c:/siliconlabs/simplicitystudio/v2/developer/toolchains/gnu_arm/4.8_2013q4/bin/../lib/gcc/arm-none-eabi/4.8.3/../../../../arm-none-eabi/lib/armv7-m\libc_s.a(lib_a-impure.o)
 .text          0x00000000        0x0 c:/siliconlabs/simplicitystudio/v2/developer/toolchains/gnu_arm/4.8_2013q4/bin/../lib/gcc/arm-none-eabi/4.8.3/../../../../arm-none-eabi/lib/armv7-m\libc_s.a(lib_a-init.o)
 .data          0x00000000        0x0 c:/siliconlabs/simplicitystudio/v2/developer/toolchains/gnu_arm/4.8_2013q4/bin/../lib/gcc/arm-none-eabi/4.8.3/../../../../arm-none-eabi/lib/armv7-m\libc_s.a(lib_a-init.o)
 .bss           0x00000000        0x0 c:/siliconlabs/simplicitystudio/v2/developer/toolchains/gnu_arm/4.8_2013q4/bin/../lib/gcc/arm-none-eabi/4.8.3/../../../../arm-none-eabi/lib/armv7-m\libc_s.a(lib_a-init.o)
 .text          0x00000000        0x0 c:/siliconlabs/simplicitystudio/v2/developer/toolchains/gnu_arm/4.8_2013q4/bin/../lib/gcc/arm-none-eabi/4.8.3/../../../../arm-none-eabi/lib/armv7-m\libc_s.a(lib_a-memcpy-stub.o)
 .data          0x00000000        0x0 c:/siliconlabs/simplicitystudio/v2/developer/toolchains/gnu_arm/4.8_2013q4/bin/../lib/gcc/arm-none-eabi/4.8.3/../../../../arm-none-eabi/lib/armv7-m\libc_s.a(lib_a-memcpy-stub.o)
 .bss           0x00000000        0x0 c:/siliconlabs/simplicitystudio/v2/developer/toolchains/gnu_arm/4.8_2013q4/bin/../lib/gcc/arm-none-eabi/4.8.3/../../../../arm-none-eabi/lib/armv7-m\libc_s.a(lib_a-memcpy-stub.o)
 .text          0x00000000        0x0 c:/siliconlabs/simplicitystudio/v2/developer/toolchains/gnu_arm/4.8_2013q4/bin/../lib/gcc/arm-none-eabi/4.8.3/../../../../arm-none-eabi/lib/armv7-m\libc_s.a(lib_a-memset.o)
 .data          0x00000000        0x0 c:/siliconlabs/simplicitystudio/v2/developer/toolchains/gnu_arm/4.8_2013q4/bin/../lib/gcc/arm-none-eabi/4.8.3/../../../../arm-none-eabi/lib/armv7-m\libc_s.a(lib_a-memset.o)
 .bss           0x00000000        0x0 c:/siliconlabs/simplicitystudio/v2/developer/toolchains/gnu_arm/4.8_2013q4/bin/../lib/gcc/arm-none-eabi/4.8.3/../../../../arm-none-eabi/lib/armv7-m\libc_s.a(lib_a-memset.o)
 .text          0x00000000        0x0 c:/siliconlabs/simplicitystudio/v2/developer/toolchains/gnu_arm/4.8_2013q4/bin/../lib/gcc/arm-none-eabi/4.8.3/../../../../arm-none-eabi/lib/armv7-m\libnosys.a(_exit.o)
 .data          0x00000000        0x0 c:/siliconlabs/simplicitystudio/v2/developer/toolchains/gnu_arm/4.8_2013q4/bin/../lib/gcc/arm-none-eabi/4.8.3/../../../../arm-none-eabi/lib/armv7-m\libnosys.a(_exit.o)
 .bss           0x00000000        0x0 c:/siliconlabs/simplicitystudio/v2/developer/toolchains/gnu_arm/4.8_2013q4/bin/../lib/gcc/arm-none-eabi/4.8.3/../../../../arm-none-eabi/lib/armv7-m\libnosys.a(_exit.o)
 .text          0x00000000        0x0 c:/siliconlabs/simplicitystudio/v2/developer/toolchains/gnu_arm/4.8_2013q4/bin/../lib/gcc/arm-none-eabi/4.8.3/armv7-m/crtend.o
 .data          0x00000000        0x0 c:/siliconlabs/simplicitystudio/v2/developer/toolchains/gnu_arm/4.8_2013q4/bin/../lib/gcc/arm-none-eabi/4.8.3/armv7-m/crtend.o
 .bss           0x00000000        0x0 c:/siliconlabs/simplicitystudio/v2/developer/toolchains/gnu_arm/4.8_2013q4/bin/../lib/gcc/arm-none-eabi/4.8.3/armv7-m/crtend.o
 .jcr           0x00000000        0x4 c:/siliconlabs/simplicitystudio/v2/developer/toolchains/gnu_arm/4.8_2013q4/bin/../lib/gcc/arm-none-eabi/4.8.3/armv7-m/crtend.o
 .text          0x00000000        0x0 c:/siliconlabs/simplicitystudio/v2/developer/toolchains/gnu_arm/4.8_2013q4/bin/../lib/gcc/arm-none-eabi/4.8.3/armv7-m/crtn.o
 .data          0x00000000        0x0 c:/siliconlabs/simplicitystudio/v2/developer/toolchains/gnu_arm/4.8_2013q4/bin/../lib/gcc/arm-none-eabi/4.8.3/armv7-m/crtn.o
 .bss           0x00000000        0x0 c:/siliconlabs/simplicitystudio/v2/developer/toolchains/gnu_arm/4.8_2013q4/bin/../lib/gcc/arm-none-eabi/4.8.3/armv7-m/crtn.o

Memory Configuration

Name             Origin             Length             Attributes
FLASH            0x00000000         0x00100000         xr
RAM              0x20000000         0x00020000         xrw
*default*        0x00000000         0xffffffff

Linker script and memory map

LOAD c:/siliconlabs/simplicitystudio/v2/developer/toolchains/gnu_arm/4.8_2013q4/bin/../lib/gcc/arm-none-eabi/4.8.3/armv7-m/crti.o
LOAD c:/siliconlabs/simplicitystudio/v2/developer/toolchains/gnu_arm/4.8_2013q4/bin/../lib/gcc/arm-none-eabi/4.8.3/armv7-m/crtbegin.o
LOAD c:/siliconlabs/simplicitystudio/v2/developer/toolchains/gnu_arm/4.8_2013q4/bin/../lib/gcc/arm-none-eabi/4.8.3/../../../../arm-none-eabi/lib/armv7-m/crt0.o
LOAD ./src/low_power_tick_management.o
LOAD ./src/main.o
LOAD ./emlib/em_assert.o
LOAD ./emlib/em_burtc.o
LOAD ./emlib/em_cmu.o
LOAD ./emlib/em_emu.o
LOAD ./emlib/em_gpio.o
LOAD ./emlib/em_int.o
LOAD ./emlib/em_rmu.o
LOAD ./emlib/em_rtc.o
LOAD ./emlib/em_system.o
LOAD ./FreeRTOS/efm32gg/croutine.o
LOAD ./FreeRTOS/efm32gg/heap_1.o
LOAD ./FreeRTOS/efm32gg/list.o
LOAD ./FreeRTOS/efm32gg/port.o
LOAD ./FreeRTOS/efm32gg/queue.o
LOAD ./FreeRTOS/efm32gg/tasks.o
LOAD ./FreeRTOS/efm32gg/timers.o
LOAD ./Drivers/sleep.o
LOAD ./CMSIS/efm32gg/startup_efm32gg.o
LOAD ./CMSIS/efm32gg/system_efm32gg.o
LOAD ./BSP/bsp_stk_leds.o
LOAD ./BSP/bsp_trace.o
START GROUP
LOAD c:/siliconlabs/simplicitystudio/v2/developer/toolchains/gnu_arm/4.8_2013q4/bin/../lib/gcc/arm-none-eabi/4.8.3/armv7-m\libgcc.a
LOAD c:/siliconlabs/simplicitystudio/v2/developer/toolchains/gnu_arm/4.8_2013q4/bin/../lib/gcc/arm-none-eabi/4.8.3/../../../../arm-none-eabi/lib/armv7-m\libc_s.a
LOAD c:/siliconlabs/simplicitystudio/v2/developer/toolchains/gnu_arm/4.8_2013q4/bin/../lib/gcc/arm-none-eabi/4.8.3/../../../../arm-none-eabi/lib/armv7-m\libnosys.a
END GROUP
START GROUP
LOAD c:/siliconlabs/simplicitystudio/v2/developer/toolchains/gnu_arm/4.8_2013q4/bin/../lib/gcc/arm-none-eabi/4.8.3/armv7-m\libgcc.a
LOAD c:/siliconlabs/simplicitystudio/v2/developer/toolchains/gnu_arm/4.8_2013q4/bin/../lib/gcc/arm-none-eabi/4.8.3/../../../../arm-none-eabi/lib/armv7-m\libg_s.a
LOAD c:/siliconlabs/simplicitystudio/v2/developer/toolchains/gnu_arm/4.8_2013q4/bin/../lib/gcc/arm-none-eabi/4.8.3/../../../../arm-none-eabi/lib/armv7-m\libc_s.a
END GROUP
START GROUP
LOAD c:/siliconlabs/simplicitystudio/v2/developer/toolchains/gnu_arm/4.8_2013q4/bin/../lib/gcc/arm-none-eabi/4.8.3/armv7-m\libgcc.a
LOAD c:/siliconlabs/simplicitystudio/v2/developer/toolchains/gnu_arm/4.8_2013q4/bin/../lib/gcc/arm-none-eabi/4.8.3/../../../../arm-none-eabi/lib/armv7-m\libc_s.a
END GROUP
LOAD c:/siliconlabs/simplicitystudio/v2/developer/toolchains/gnu_arm/4.8_2013q4/bin/../lib/gcc/arm-none-eabi/4.8.3/armv7-m/crtend.o
LOAD c:/siliconlabs/simplicitystudio/v2/developer/toolchains/gnu_arm/4.8_2013q4/bin/../lib/gcc/arm-none-eabi/4.8.3/armv7-m/crtn.o

.text           0x00000000     0x3f70
 *(.isr_vector)
 .isr_vector    0x00000000      0x100 ./CMSIS/efm32gg/startup_efm32gg.o
                0x00000000                __isr_vector
 *(.text*)
 .text          0x00000100       0x54 c:/siliconlabs/simplicitystudio/v2/developer/toolchains/gnu_arm/4.8_2013q4/bin/../lib/gcc/arm-none-eabi/4.8.3/armv7-m/crtbegin.o
 .text          0x00000154       0x74 c:/siliconlabs/simplicitystudio/v2/developer/toolchains/gnu_arm/4.8_2013q4/bin/../lib/gcc/arm-none-eabi/4.8.3/../../../../arm-none-eabi/lib/armv7-m/crt0.o
                0x00000154                _start
                0x00000154                _mainCRTStartup
 .text.NVIC_EnableIRQ
                0x000001c8       0x30 ./src/low_power_tick_management.o
 .text.NVIC_ClearPendingIRQ
                0x000001f8       0x34 ./src/low_power_tick_management.o
 .text.NVIC_SetPriority
                0x0000022c       0x54 ./src/low_power_tick_management.o
 .text.BITBAND_Peripheral
                0x00000280       0x2c ./src/low_power_tick_management.o
 .text.BURTC_IntClear
                0x000002ac       0x1c ./src/low_power_tick_management.o
 .text.BURTC_IntDisable
                0x000002c8       0x24 ./src/low_power_tick_management.o
 .text.BURTC_IntEnable
                0x000002ec       0x24 ./src/low_power_tick_management.o
 .text.BURTC_Enable
                0x00000310       0x5c ./src/low_power_tick_management.o
 .text.vApplicationIdleHook
                0x0000036c        0xc ./src/low_power_tick_management.o
                0x0000036c                vApplicationIdleHook
 .text.BURTC_IRQHandler
                0x00000378       0x44 ./src/low_power_tick_management.o
                0x00000378                BURTC_IRQHandler
 .text.vPortSetupTimerInterrupt
                0x000003bc       0x84 ./src/low_power_tick_management.o
                0x000003bc                vPortSetupTimerInterrupt
 .text.CHIP_Init
                0x00000440       0x40 ./src/main.o
 .text.LedBlink
                0x00000480       0x24 ./src/main.o
 .text.main     0x000004a4       0x80 ./src/main.o
                0x000004a4                main
 .text.assertEFM
                0x00000524        0xc ./emlib/em_assert.o
                0x00000524                assertEFM
 .text.BITBAND_Peripheral
                0x00000530       0x2c ./emlib/em_burtc.o
 .text.BURTC_Enable
                0x0000055c       0x5c ./emlib/em_burtc.o
 .text.BURTC_FreezeEnable
                0x000005b8       0x20 ./emlib/em_burtc.o
 .text.BURTC_DivToLog2
                0x000005d8       0x44 ./emlib/em_burtc.o
 .text.BURTC_Sync
                0x0000061c       0x34 ./emlib/em_burtc.o
 .text.BURTC_Init
                0x00000650      0x11c ./emlib/em_burtc.o
                0x00000650                BURTC_Init
 .text.BURTC_CompareSet
                0x0000076c       0x34 ./emlib/em_burtc.o
                0x0000076c                BURTC_CompareSet
 .text.BURTC_CounterReset
                0x000007a0       0x20 ./emlib/em_burtc.o
                0x000007a0                BURTC_CounterReset
 .text.BITBAND_Peripheral
                0x000007c0       0x2c ./emlib/em_cmu.o
 .text.CMU_MaxFreqHfle
                0x000007ec       0x94 ./emlib/em_cmu.o
 .text.CMU_DivToLog2
                0x00000880       0x44 ./emlib/em_cmu.o
 .text.CMU_USBCClkGet
                0x000008c4       0x4c ./emlib/em_cmu.o
 .text.CMU_AUXClkGet
                0x00000910       0x8c ./emlib/em_cmu.o
 .text.CMU_DBGClkGet
                0x0000099c       0x64 ./emlib/em_cmu.o
 .text.CMU_LFClkGet
                0x00000a00       0xc0 ./emlib/em_cmu.o
 .text.CMU_Sync
                0x00000ac0       0x34 ./emlib/em_cmu.o
 .text.CMU_ClockEnable
                0x00000af4       0xec ./emlib/em_cmu.o
                0x00000af4                CMU_ClockEnable
 .text.CMU_ClockFreqGet
                0x00000be0      0x20c ./emlib/em_cmu.o
                0x00000be0                CMU_ClockFreqGet
 .text.CMU_ClockSelectGet
                0x00000dec      0x160 ./emlib/em_cmu.o
                0x00000dec                CMU_ClockSelectGet
 .text.SystemCoreClockUpdate
                0x00000f4c        0xc ./emlib/em_emu.o
 .text.CMU_Lock
                0x00000f58       0x18 ./emlib/em_emu.o
 .text.CMU_Unlock
                0x00000f70       0x1c ./emlib/em_emu.o
 .text.EMU_Restore
                0x00000f8c       0xac ./emlib/em_emu.o
 .text.getErrataFixEmuE107En
                0x00001038       0x68 ./emlib/em_emu.o
 .text.EMU_EnterEM2
                0x000010a0       0x9c ./emlib/em_emu.o
                0x000010a0                EMU_EnterEM2
 .text.EMU_EnterEM3
                0x0000113c       0xc0 ./emlib/em_emu.o
                0x0000113c                EMU_EnterEM3
 .text.EMU_EnterEM4
                0x000011fc       0x40 ./emlib/em_emu.o
                0x000011fc                EMU_EnterEM4
 .text.GPIO_PinModeSet
                0x0000123c      0x14c ./emlib/em_gpio.o
                0x0000123c                GPIO_PinModeSet
 .text.BITBAND_Peripheral
                0x00001388       0x2c ./emlib/em_rmu.o
 .text.EMU_Lock
                0x000013b4       0x18 ./emlib/em_rmu.o
 .text.EMU_Unlock
                0x000013cc       0x18 ./emlib/em_rmu.o
 .text.RMU_ResetControl
                0x000013e4       0x28 ./emlib/em_rmu.o
                0x000013e4                RMU_ResetControl
 .text.RMU_ResetCauseClear
                0x0000140c       0x50 ./emlib/em_rmu.o
                0x0000140c                RMU_ResetCauseClear
 .text.RMU_ResetCauseGet
                0x0000145c       0x68 ./emlib/em_rmu.o
                0x0000145c                RMU_ResetCauseGet
 .text.SYSTEM_ChipRevisionGet
                0x000014c4       0x80 ./emlib/em_system.o
                0x000014c4                SYSTEM_ChipRevisionGet
 .text.pvPortMalloc
                0x00001544       0x8c ./FreeRTOS/efm32gg/heap_1.o
                0x00001544                pvPortMalloc
 .text.vPortFree
                0x000015d0       0x20 ./FreeRTOS/efm32gg/heap_1.o
                0x000015d0                vPortFree
 .text.vListInitialise
                0x000015f0       0x40 ./FreeRTOS/efm32gg/list.o
                0x000015f0                vListInitialise
 .text.vListInitialiseItem
                0x00001630       0x18 ./FreeRTOS/efm32gg/list.o
                0x00001630                vListInitialiseItem
 .text.vListInsertEnd
                0x00001648       0x48 ./FreeRTOS/efm32gg/list.o
                0x00001648                vListInsertEnd
 .text.vListInsert
                0x00001690       0x70 ./FreeRTOS/efm32gg/list.o
                0x00001690                vListInsert
 .text.uxListRemove
                0x00001700       0x54 ./FreeRTOS/efm32gg/list.o
                0x00001700                uxListRemove
 .text.pxPortInitialiseStack
                0x00001754       0x54 ./FreeRTOS/efm32gg/port.o
                0x00001754                pxPortInitialiseStack
 .text.SVC_Handler
                0x000017a8       0x20 ./FreeRTOS/efm32gg/port.o
                0x000017a8                SVC_Handler
 .text.prvPortStartFirstTask
                0x000017c8       0x14 ./FreeRTOS/efm32gg/port.o
 .text.xPortStartScheduler
                0x000017dc       0xb8 ./FreeRTOS/efm32gg/port.o
                0x000017dc                xPortStartScheduler
 .text.vPortYield
                0x00001894       0x20 ./FreeRTOS/efm32gg/port.o
                0x00001894                vPortYield
 .text.vPortEnterCritical
                0x000018b4       0x20 ./FreeRTOS/efm32gg/port.o
                0x000018b4                vPortEnterCritical
 .text.vPortExitCritical
                0x000018d4       0x24 ./FreeRTOS/efm32gg/port.o
                0x000018d4                vPortExitCritical
 .text.ulPortSetInterruptMask
                0x000018f8       0x14 ./FreeRTOS/efm32gg/port.o
                0x000018f8                ulPortSetInterruptMask
 .text.vPortClearInterruptMask
                0x0000190c        0x8 ./FreeRTOS/efm32gg/port.o
                0x0000190c                vPortClearInterruptMask
 .text.PendSV_Handler
                0x00001914       0x3c ./FreeRTOS/efm32gg/port.o
                0x00001914                PendSV_Handler
 .text.SysTick_Handler
                0x00001950       0x28 ./FreeRTOS/efm32gg/port.o
                0x00001950                SysTick_Handler
 .text.vPortValidateInterruptPriority
                0x00001978       0x64 ./FreeRTOS/efm32gg/port.o
                0x00001978                vPortValidateInterruptPriority
 .text.xQueueGenericReset
                0x000019dc       0xb8 ./FreeRTOS/efm32gg/queue.o
                0x000019dc                xQueueGenericReset
 .text.xQueueGenericCreate
                0x00001a94       0x84 ./FreeRTOS/efm32gg/queue.o
                0x00001a94                xQueueGenericCreate
 .text.xQueueGenericSend
                0x00001b18      0x15c ./FreeRTOS/efm32gg/queue.o
                0x00001b18                xQueueGenericSend
 .text.xQueueGenericSendFromISR
                0x00001c74       0xd0 ./FreeRTOS/efm32gg/queue.o
                0x00001c74                xQueueGenericSendFromISR
 .text.xQueueGenericReceive
                0x00001d44      0x19c ./FreeRTOS/efm32gg/queue.o
                0x00001d44                xQueueGenericReceive
 .text.prvCopyDataToQueue
                0x00001ee0       0xd0 ./FreeRTOS/efm32gg/queue.o
 .text.prvCopyDataFromQueue
                0x00001fb0       0x4c ./FreeRTOS/efm32gg/queue.o
 .text.prvUnlockQueue
                0x00001ffc       0x98 ./FreeRTOS/efm32gg/queue.o
 .text.prvIsQueueEmpty
                0x00002094       0x2c ./FreeRTOS/efm32gg/queue.o
 .text.prvIsQueueFull
                0x000020c0       0x30 ./FreeRTOS/efm32gg/queue.o
 .text.vQueueWaitForMessageRestricted
                0x000020f0       0x58 ./FreeRTOS/efm32gg/queue.o
                0x000020f0                vQueueWaitForMessageRestricted
 .text.xTaskGenericCreate
                0x00002148      0x170 ./FreeRTOS/efm32gg/tasks.o
                0x00002148                xTaskGenericCreate
 .text.vTaskDelay
                0x000022b8       0x50 ./FreeRTOS/efm32gg/tasks.o
                0x000022b8                vTaskDelay
 .text.vTaskStartScheduler
                0x00002308       0x78 ./FreeRTOS/efm32gg/tasks.o
                0x00002308                vTaskStartScheduler
 .text.vTaskSuspendAll
                0x00002380       0x1c ./FreeRTOS/efm32gg/tasks.o
                0x00002380                vTaskSuspendAll
 .text.xTaskResumeAll
                0x0000239c      0x120 ./FreeRTOS/efm32gg/tasks.o
                0x0000239c                xTaskResumeAll
 .text.xTaskGetTickCount
                0x000024bc       0x24 ./FreeRTOS/efm32gg/tasks.o
                0x000024bc                xTaskGetTickCount
 .text.xTaskIncrementTick
                0x000024e0      0x194 ./FreeRTOS/efm32gg/tasks.o
                0x000024e0                xTaskIncrementTick
 .text.vTaskSwitchContext
                0x00002674       0xa4 ./FreeRTOS/efm32gg/tasks.o
                0x00002674                vTaskSwitchContext
 .text.vTaskPlaceOnEventList
                0x00002718       0x74 ./FreeRTOS/efm32gg/tasks.o
                0x00002718                vTaskPlaceOnEventList
 .text.vTaskPlaceOnEventListRestricted
                0x0000278c       0x58 ./FreeRTOS/efm32gg/tasks.o
                0x0000278c                vTaskPlaceOnEventListRestricted
 .text.xTaskRemoveFromEventList
                0x000027e4       0xb4 ./FreeRTOS/efm32gg/tasks.o
                0x000027e4                xTaskRemoveFromEventList
 .text.vTaskSetTimeOutState
                0x00002898       0x3c ./FreeRTOS/efm32gg/tasks.o
                0x00002898                vTaskSetTimeOutState
 .text.xTaskCheckForTimeOut
                0x000028d4       0xac ./FreeRTOS/efm32gg/tasks.o
                0x000028d4                xTaskCheckForTimeOut
 .text.vTaskMissedYield
                0x00002980       0x18 ./FreeRTOS/efm32gg/tasks.o
                0x00002980                vTaskMissedYield
 .text.prvIdleTask
                0x00002998       0x14 ./FreeRTOS/efm32gg/tasks.o
 .text.prvInitialiseTCBVariables
                0x000029ac       0x90 ./FreeRTOS/efm32gg/tasks.o
 .text.prvInitialiseTaskLists
                0x00002a3c       0x7c ./FreeRTOS/efm32gg/tasks.o
 .text.prvCheckTasksWaitingTermination
                0x00002ab8       0x74 ./FreeRTOS/efm32gg/tasks.o
 .text.prvAddCurrentTaskToDelayedList
                0x00002b2c       0x6c ./FreeRTOS/efm32gg/tasks.o
 .text.prvAllocateTCBAndStack
                0x00002b98       0x64 ./FreeRTOS/efm32gg/tasks.o
 .text.prvDeleteTCB
                0x00002bfc       0x20 ./FreeRTOS/efm32gg/tasks.o
 .text.xTaskGetCurrentTaskHandle
                0x00002c1c       0x20 ./FreeRTOS/efm32gg/tasks.o
                0x00002c1c                xTaskGetCurrentTaskHandle
 .text.xTaskGetSchedulerState
                0x00002c3c       0x3c ./FreeRTOS/efm32gg/tasks.o
                0x00002c3c                xTaskGetSchedulerState
 .text.vTaskPriorityInherit
                0x00002c78       0xb4 ./FreeRTOS/efm32gg/tasks.o
                0x00002c78                vTaskPriorityInherit
 .text.vTaskPriorityDisinherit
                0x00002d2c       0x7c ./FreeRTOS/efm32gg/tasks.o
                0x00002d2c                vTaskPriorityDisinherit
 .text.xTimerCreateTimerTask
                0x00002da8       0x5c ./FreeRTOS/efm32gg/timers.o
                0x00002da8                xTimerCreateTimerTask
 .text.xTimerGenericCommand
                0x00002e04       0x8c ./FreeRTOS/efm32gg/timers.o
                0x00002e04                xTimerGenericCommand
 .text.prvProcessExpiredTimer
                0x00002e90       0x78 ./FreeRTOS/efm32gg/timers.o
 .text.prvTimerTask
                0x00002f08       0x24 ./FreeRTOS/efm32gg/timers.o
 .text.prvProcessTimerOrBlockTask
                0x00002f2c       0x6c ./FreeRTOS/efm32gg/timers.o
 .text.prvGetNextExpireTime
                0x00002f98       0x48 ./FreeRTOS/efm32gg/timers.o
 .text.prvSampleTimeNow
                0x00002fe0       0x44 ./FreeRTOS/efm32gg/timers.o
 .text.prvInsertTimerInActiveList
                0x00003024       0x84 ./FreeRTOS/efm32gg/timers.o
 .text.prvProcessReceivedCommands
                0x000030a8       0xfc ./FreeRTOS/efm32gg/timers.o
 .text.prvSwitchTimerLists
                0x000031a4       0xbc ./FreeRTOS/efm32gg/timers.o
 .text.prvCheckForValidListAndQueue
                0x00003260       0x54 ./FreeRTOS/efm32gg/timers.o
 .text.INT_Disable
                0x000032b4       0x2c ./Drivers/sleep.o
 .text.INT_Enable
                0x000032e0       0x3c ./Drivers/sleep.o
 .text.EMU_EnterEM1
                0x0000331c       0x20 ./Drivers/sleep.o
 .text.SLEEP_Init
                0x0000333c       0x5c ./Drivers/sleep.o
                0x0000333c                SLEEP_Init
 .text.SLEEP_Sleep
                0x00003398       0x3c ./Drivers/sleep.o
                0x00003398                SLEEP_Sleep
 .text.SLEEP_LowestEnergyModeGet
                0x000033d4       0x4c ./Drivers/sleep.o
                0x000033d4                SLEEP_LowestEnergyModeGet
 .text.SLEEP_EnterEMx
                0x00003420       0x94 ./Drivers/sleep.o
 .text          0x000034b4       0x98 ./CMSIS/efm32gg/startup_efm32gg.o
                0x000034b4                Reset_Handler
                0x000034e8                Default_Handler
                0x000034ea                NMI_Handler
                0x000034ec                HardFault_Handler
                0x000034ee                MemManage_Handler
                0x000034f0                BusFault_Handler
                0x000034f2                UsageFault_Handler
                0x000034f6                DebugMon_Handler
                0x000034fc                DMA_IRQHandler
                0x000034fe                GPIO_EVEN_IRQHandler
                0x00003500                TIMER0_IRQHandler
                0x00003502                USART0_RX_IRQHandler
                0x00003504                USART0_TX_IRQHandler
                0x00003506                USB_IRQHandler
                0x00003508                ACMP0_IRQHandler
                0x0000350a                ADC0_IRQHandler
                0x0000350c                DAC0_IRQHandler
                0x0000350e                I2C0_IRQHandler
                0x00003510                I2C1_IRQHandler
                0x00003512                GPIO_ODD_IRQHandler
                0x00003514                TIMER1_IRQHandler
                0x00003516                TIMER2_IRQHandler
                0x00003518                TIMER3_IRQHandler
                0x0000351a                USART1_RX_IRQHandler
                0x0000351c                USART1_TX_IRQHandler
                0x0000351e                LESENSE_IRQHandler
                0x00003520                USART2_RX_IRQHandler
                0x00003522                USART2_TX_IRQHandler
                0x00003524                UART0_RX_IRQHandler
                0x00003526                UART0_TX_IRQHandler
                0x00003528                UART1_RX_IRQHandler
                0x0000352a                UART1_TX_IRQHandler
                0x0000352c                LEUART0_IRQHandler
                0x0000352e                LEUART1_IRQHandler
                0x00003530                LETIMER0_IRQHandler
                0x00003532                PCNT0_IRQHandler
                0x00003534                PCNT1_IRQHandler
                0x00003536                PCNT2_IRQHandler
                0x00003538                RTC_IRQHandler
                0x0000353c                CMU_IRQHandler
                0x0000353e                VCMP_IRQHandler
                0x00003540                LCD_IRQHandler
                0x00003542                MSC_IRQHandler
                0x00003544                AES_IRQHandler
                0x00003546                EBI_IRQHandler
                0x00003548                EMU_IRQHandler
 .text.GetProdRev
                0x0000354c       0x1c ./CMSIS/efm32gg/system_efm32gg.o
 .text.SystemCoreClockGet
                0x00003568       0x48 ./CMSIS/efm32gg/system_efm32gg.o
                0x00003568                SystemCoreClockGet
 .text.SystemHFClockGet
                0x000035b0       0xf0 ./CMSIS/efm32gg/system_efm32gg.o
                0x000035b0                SystemHFClockGet
 .text.SystemInit
                0x000036a0        0xc ./CMSIS/efm32gg/system_efm32gg.o
                0x000036a0                SystemInit
 .text.SystemLFRCOClockGet
                0x000036ac       0x14 ./CMSIS/efm32gg/system_efm32gg.o
                0x000036ac                SystemLFRCOClockGet
 .text.SystemULFRCOClockGet
                0x000036c0       0x14 ./CMSIS/efm32gg/system_efm32gg.o
                0x000036c0                SystemULFRCOClockGet
 .text.SystemLFXOClockGet
                0x000036d4       0x18 ./CMSIS/efm32gg/system_efm32gg.o
                0x000036d4                SystemLFXOClockGet
 .text.GPIO_PinOutSet
                0x000036ec       0x4c ./BSP/bsp_stk_leds.o
 .text.GPIO_PinOutToggle
                0x00003738       0x4c ./BSP/bsp_stk_leds.o
 .text.BSP_LedsInit
                0x00003784       0x5c ./BSP/bsp_stk_leds.o
                0x00003784                BSP_LedsInit
 .text.BSP_LedSet
                0x000037e0       0x44 ./BSP/bsp_stk_leds.o
                0x000037e0                BSP_LedSet
 .text.BSP_LedToggle
                0x00003824       0x44 ./BSP/bsp_stk_leds.o
                0x00003824                BSP_LedToggle
 .text.BSP_TraceSwoSetup
                0x00003868       0xd8 ./BSP/bsp_trace.o
                0x00003868                BSP_TraceSwoSetup
 .text.BSP_TraceProfilerSetup
                0x00003940       0x28 ./BSP/bsp_trace.o
                0x00003940                BSP_TraceProfilerSetup
 .text.exit     0x00003968       0x28 c:/siliconlabs/simplicitystudio/v2/developer/toolchains/gnu_arm/4.8_2013q4/bin/../lib/gcc/arm-none-eabi/4.8.3/../../../../arm-none-eabi/lib/armv7-m\libc_s.a(lib_a-exit.o)
                0x00003968                exit
 .text.__libc_init_array
                0x00003990       0x4c c:/siliconlabs/simplicitystudio/v2/developer/toolchains/gnu_arm/4.8_2013q4/bin/../lib/gcc/arm-none-eabi/4.8.3/../../../../arm-none-eabi/lib/armv7-m\libc_s.a(lib_a-init.o)
                0x00003990                __libc_init_array
 .text.memcpy   0x000039dc       0x12 c:/siliconlabs/simplicitystudio/v2/developer/toolchains/gnu_arm/4.8_2013q4/bin/../lib/gcc/arm-none-eabi/4.8.3/../../../../arm-none-eabi/lib/armv7-m\libc_s.a(lib_a-memcpy-stub.o)
                0x000039dc                memcpy
 .text.memset   0x000039ee       0x10 c:/siliconlabs/simplicitystudio/v2/developer/toolchains/gnu_arm/4.8_2013q4/bin/../lib/gcc/arm-none-eabi/4.8.3/../../../../arm-none-eabi/lib/armv7-m\libc_s.a(lib_a-memset.o)
                0x000039ee                memset
 *fill*         0x000039fe        0x2 
 .text._exit    0x00003a00        0x4 c:/siliconlabs/simplicitystudio/v2/developer/toolchains/gnu_arm/4.8_2013q4/bin/../lib/gcc/arm-none-eabi/4.8.3/../../../../arm-none-eabi/lib/armv7-m\libnosys.a(_exit.o)
                0x00003a00                _exit
 *(.init)
 .init          0x00003a04        0x4 c:/siliconlabs/simplicitystudio/v2/developer/toolchains/gnu_arm/4.8_2013q4/bin/../lib/gcc/arm-none-eabi/4.8.3/armv7-m/crti.o
                0x00003a04                _init
 .init          0x00003a08        0x8 c:/siliconlabs/simplicitystudio/v2/developer/toolchains/gnu_arm/4.8_2013q4/bin/../lib/gcc/arm-none-eabi/4.8.3/armv7-m/crtn.o
 *(.fini)
 .fini          0x00003a10        0x4 c:/siliconlabs/simplicitystudio/v2/developer/toolchains/gnu_arm/4.8_2013q4/bin/../lib/gcc/arm-none-eabi/4.8.3/armv7-m/crti.o
                0x00003a10                _fini
 .fini          0x00003a14        0x8 c:/siliconlabs/simplicitystudio/v2/developer/toolchains/gnu_arm/4.8_2013q4/bin/../lib/gcc/arm-none-eabi/4.8.3/armv7-m/crtn.o
 *crtbegin.o(.ctors)
 *crtbegin?.o(.ctors)
 *(EXCLUDE_FILE(*crtend.o *crtend?.o) .ctors)
 *(SORT(.ctors.*))
 *(.ctors)
 *crtbegin.o(.dtors)
 *crtbegin?.o(.dtors)
 *(EXCLUDE_FILE(*crtend.o *crtend?.o) .dtors)
 *(SORT(.dtors.*))
 *(.dtors)
 *(.rodata*)
 .rodata        0x00003a1c       0x64 ./src/low_power_tick_management.o
 .rodata        0x00003a80       0x18 ./src/main.o
 .rodata        0x00003a98       0xa0 ./emlib/em_burtc.o
 .rodata        0x00003b38       0x50 ./emlib/em_cmu.o
 .rodata        0x00003b88       0x50 ./emlib/em_gpio.o
 .rodata.resetCauseMasks
                0x00003bd8       0x80 ./emlib/em_rmu.o
 .rodata        0x00003c58       0x54 ./emlib/em_system.o
 .rodata        0x00003cac       0x70 ./FreeRTOS/efm32gg/heap_1.o
 .rodata        0x00003d1c       0x70 ./FreeRTOS/efm32gg/port.o
 .rodata        0x00003d8c       0x5c ./FreeRTOS/efm32gg/queue.o
 .rodata        0x00003de8       0x64 ./FreeRTOS/efm32gg/tasks.o
 .rodata        0x00003e4c       0x64 ./FreeRTOS/efm32gg/timers.o
 .rodata        0x00003eb0       0x54 ./Drivers/sleep.o
 .rodata        0x00003f04       0x50 ./BSP/bsp_stk_leds.o
 .rodata.ledArray
                0x00003f54       0x10 ./BSP/bsp_stk_leds.o
 .rodata.str1.1
                0x00003f64        0x2 c:/siliconlabs/simplicitystudio/v2/developer/toolchains/gnu_arm/4.8_2013q4/bin/../lib/gcc/arm-none-eabi/4.8.3/../../../../arm-none-eabi/lib/armv7-m\libc_s.a(lib_a-impure.o)
 *fill*         0x00003f66        0x2 
 .rodata._global_impure_ptr
                0x00003f68        0x4 c:/siliconlabs/simplicitystudio/v2/developer/toolchains/gnu_arm/4.8_2013q4/bin/../lib/gcc/arm-none-eabi/4.8.3/../../../../arm-none-eabi/lib/armv7-m\libc_s.a(lib_a-impure.o)
                0x00003f68                _global_impure_ptr
 *(.eh_frame*)
 .eh_frame      0x00003f6c        0x0 c:/siliconlabs/simplicitystudio/v2/developer/toolchains/gnu_arm/4.8_2013q4/bin/../lib/gcc/arm-none-eabi/4.8.3/armv7-m/crtbegin.o
 .eh_frame      0x00003f6c        0x4 c:/siliconlabs/simplicitystudio/v2/developer/toolchains/gnu_arm/4.8_2013q4/bin/../lib/gcc/arm-none-eabi/4.8.3/armv7-m/crtend.o

.glue_7         0x00003f70        0x0
 .glue_7        0x00000000        0x0 linker stubs

.glue_7t        0x00003f70        0x0
 .glue_7t       0x00000000        0x0 linker stubs

.vfp11_veneer   0x00003f70        0x0
 .vfp11_veneer  0x00000000        0x0 linker stubs

.v4_bx          0x00003f70        0x0
 .v4_bx         0x00000000        0x0 linker stubs

.iplt           0x00003f70        0x0
 .iplt          0x00000000        0x0 c:/siliconlabs/simplicitystudio/v2/developer/toolchains/gnu_arm/4.8_2013q4/bin/../lib/gcc/arm-none-eabi/4.8.3/armv7-m/crtbegin.o

.ARM.extab
 *(.ARM.extab* .gnu.linkonce.armextab.*)
                0x00003f70                __exidx_start = .

.ARM.exidx      0x00003f70        0x8
 *(.ARM.exidx* .gnu.linkonce.armexidx.*)
 .ARM.exidx     0x00003f70        0x8 c:/siliconlabs/simplicitystudio/v2/developer/toolchains/gnu_arm/4.8_2013q4/bin/../lib/gcc/arm-none-eabi/4.8.3/../../../../arm-none-eabi/lib/armv7-m/crt0.o
                0x00003f78                __exidx_end = .
                0x00003f78                __etext = .

.rel.dyn        0x00003f78        0x0
 .rel.iplt      0x00000000        0x0 c:/siliconlabs/simplicitystudio/v2/developer/toolchains/gnu_arm/4.8_2013q4/bin/../lib/gcc/arm-none-eabi/4.8.3/armv7-m/crtbegin.o

.data           0x20000000       0x88 load address 0x00003f78
                0x20000000                __data_start__ = .
 *(vtable)
 *(.data*)
 .data.parametersToTask1.6771
                0x20000000        0x8 ./src/main.o
 .data.parametersToTask2.6772
                0x20000008        0x8 ./src/main.o
 .data.uxCriticalNesting
                0x20000010        0x4 ./FreeRTOS/efm32gg/port.o
 .data.xNextTaskUnblockTime
                0x20000014        0x4 ./FreeRTOS/efm32gg/tasks.o
 .data.SystemHFXOClock
                0x20000018        0x4 ./CMSIS/efm32gg/system_efm32gg.o
 .data.SystemLFXOClock
                0x2000001c        0x4 ./CMSIS/efm32gg/system_efm32gg.o
 .data.impure_data
                0x20000020       0x60 c:/siliconlabs/simplicitystudio/v2/developer/toolchains/gnu_arm/4.8_2013q4/bin/../lib/gcc/arm-none-eabi/4.8.3/../../../../arm-none-eabi/lib/armv7-m\libc_s.a(lib_a-impure.o)
                0x20000080                . = ALIGN (0x4)
 *(.ram)
                0x20000080                . = ALIGN (0x4)
                0x20000080                PROVIDE (__preinit_array_start, .)
 *(.preinit_array)
                0x20000080                PROVIDE (__preinit_array_end, .)
                0x20000080                . = ALIGN (0x4)
                0x20000080                PROVIDE (__init_array_start, .)
 *(SORT(.init_array.*))
 *(.init_array)
 .init_array    0x20000080        0x4 c:/siliconlabs/simplicitystudio/v2/developer/toolchains/gnu_arm/4.8_2013q4/bin/../lib/gcc/arm-none-eabi/4.8.3/armv7-m/crtbegin.o
                0x20000084                PROVIDE (__init_array_end, .)
                0x20000084                . = ALIGN (0x4)
                0x20000084                PROVIDE (__fini_array_start, .)
 *(SORT(.fini_array.*))
 *(.fini_array)
 .fini_array    0x20000084        0x4 c:/siliconlabs/simplicitystudio/v2/developer/toolchains/gnu_arm/4.8_2013q4/bin/../lib/gcc/arm-none-eabi/4.8.3/armv7-m/crtbegin.o
                0x20000088                PROVIDE (__fini_array_end, .)
                0x20000088                . = ALIGN (0x4)
                0x20000088                __data_end__ = .

.jcr            0x20000088        0x0 load address 0x00004000
 .jcr           0x20000088        0x0 c:/siliconlabs/simplicitystudio/v2/developer/toolchains/gnu_arm/4.8_2013q4/bin/../lib/gcc/arm-none-eabi/4.8.3/armv7-m/crtbegin.o

.igot.plt       0x20000088        0x0 load address 0x00004000
 .igot.plt      0x00000000        0x0 c:/siliconlabs/simplicitystudio/v2/developer/toolchains/gnu_arm/4.8_2013q4/bin/../lib/gcc/arm-none-eabi/4.8.3/armv7-m/crtbegin.o

.bss            0x20000088     0x247c load address 0x00004000
                0x20000088                __bss_start__ = .
 *(.bss*)
 .bss           0x20000088       0x1c c:/siliconlabs/simplicitystudio/v2/developer/toolchains/gnu_arm/4.8_2013q4/bin/../lib/gcc/arm-none-eabi/4.8.3/armv7-m/crtbegin.o
 .bss.ulTimerReloadValueForOneTick
                0x200000a4        0x4 ./src/low_power_tick_management.o
 .bss.cmuStatus
                0x200000a8        0x2 ./emlib/em_emu.o
 *fill*         0x200000aa        0x2 
 .bss.INT_LockCnt
                0x200000ac        0x4 ./emlib/em_int.o
                0x200000ac                INT_LockCnt
 .bss.ucHeap    0x200000b0     0x2328 ./FreeRTOS/efm32gg/heap_1.o
 .bss.xNextFreeByte
                0x200023d8        0x4 ./FreeRTOS/efm32gg/heap_1.o
 .bss.pucAlignedHeap.4196
                0x200023dc        0x4 ./FreeRTOS/efm32gg/heap_1.o
 .bss.ucMaxSysCallPriority
                0x200023e0        0x1 ./FreeRTOS/efm32gg/port.o
 *fill*         0x200023e1        0x3 
 .bss.ulMaxPRIGROUPValue
                0x200023e4        0x4 ./FreeRTOS/efm32gg/port.o
 .bss.pxCurrentTCB
                0x200023e8        0x4 ./FreeRTOS/efm32gg/tasks.o
                0x200023e8                pxCurrentTCB
 .bss.pxReadyTasksLists
                0x200023ec       0x3c ./FreeRTOS/efm32gg/tasks.o
 .bss.xDelayedTaskList1
                0x20002428       0x14 ./FreeRTOS/efm32gg/tasks.o
 .bss.xDelayedTaskList2
                0x2000243c       0x14 ./FreeRTOS/efm32gg/tasks.o
 .bss.pxDelayedTaskList
                0x20002450        0x4 ./FreeRTOS/efm32gg/tasks.o
 .bss.pxOverflowDelayedTaskList
                0x20002454        0x4 ./FreeRTOS/efm32gg/tasks.o
 .bss.xPendingReadyList
                0x20002458       0x14 ./FreeRTOS/efm32gg/tasks.o
 .bss.xTasksWaitingTermination
                0x2000246c       0x14 ./FreeRTOS/efm32gg/tasks.o
 .bss.uxTasksDeleted
                0x20002480        0x4 ./FreeRTOS/efm32gg/tasks.o
 .bss.xSuspendedTaskList
                0x20002484       0x14 ./FreeRTOS/efm32gg/tasks.o
 .bss.uxCurrentNumberOfTasks
                0x20002498        0x4 ./FreeRTOS/efm32gg/tasks.o
 .bss.xTickCount
                0x2000249c        0x4 ./FreeRTOS/efm32gg/tasks.o
 .bss.uxTopReadyPriority
                0x200024a0        0x4 ./FreeRTOS/efm32gg/tasks.o
 .bss.xSchedulerRunning
                0x200024a4        0x4 ./FreeRTOS/efm32gg/tasks.o
 .bss.uxSchedulerSuspended
                0x200024a8        0x4 ./FreeRTOS/efm32gg/tasks.o
 .bss.uxPendedTicks
                0x200024ac        0x4 ./FreeRTOS/efm32gg/tasks.o
 .bss.xYieldPending
                0x200024b0        0x4 ./FreeRTOS/efm32gg/tasks.o
 .bss.xNumOfOverflows
                0x200024b4        0x4 ./FreeRTOS/efm32gg/tasks.o
 .bss.uxTaskNumber
                0x200024b8        0x4 ./FreeRTOS/efm32gg/tasks.o
 .bss.xActiveTimerList1
                0x200024bc       0x14 ./FreeRTOS/efm32gg/timers.o
 .bss.xActiveTimerList2
                0x200024d0       0x14 ./FreeRTOS/efm32gg/timers.o
 .bss.pxCurrentTimerList
                0x200024e4        0x4 ./FreeRTOS/efm32gg/timers.o
 .bss.pxOverflowTimerList
                0x200024e8        0x4 ./FreeRTOS/efm32gg/timers.o
 .bss.xTimerQueue
                0x200024ec        0x4 ./FreeRTOS/efm32gg/timers.o
 .bss.xLastTime.4409
                0x200024f0        0x4 ./FreeRTOS/efm32gg/timers.o
 .bss.sleepCallback
                0x200024f4        0x4 ./Drivers/sleep.o
 .bss.wakeUpCallback
                0x200024f8        0x4 ./Drivers/sleep.o
 .bss.sleepBlockCnt
                0x200024fc        0x4 ./Drivers/sleep.o
 *(COMMON)
 COMMON         0x20002500        0x4 ./CMSIS/efm32gg/system_efm32gg.o
                0x20002500                SystemCoreClock
                0x20002504                __bss_end__ = .

.heap           0x20002508      0xc00
                0x20002508                __end__ = .
                0x20002508                end = __end__
                0x20002508                _end = __end__
 *(.heap*)
 .heap          0x20002508      0xc00 ./CMSIS/efm32gg/startup_efm32gg.o
                0x20002508                __HeapBase
                0x20003108                __HeapLimit = .

.stack_dummy    0x20002508      0x400
 *(.stack)
 .stack         0x20002508      0x400 ./CMSIS/efm32gg/startup_efm32gg.o
                0x20020000                __StackTop = (ORIGIN (RAM) + 0x20000)
                0x2001fc00                __StackLimit = (__StackTop - SIZEOF (.stack_dummy))
                0x20020000                PROVIDE (__stack, __StackTop)
                0x00000001                ASSERT ((__StackLimit >= __HeapLimit), region RAM overflowed with stack)
                0x00000001                ASSERT ((0x100000 >= (__etext + SIZEOF (.data))), FLASH memory overflowed !)
OUTPUT(STK3700_freertos_blink.axf elf32-littlearm)

.ARM.attributes
                0x00000000       0x29
 .ARM.attributes
                0x00000000       0x1d c:/siliconlabs/simplicitystudio/v2/developer/toolchains/gnu_arm/4.8_2013q4/bin/../lib/gcc/arm-none-eabi/4.8.3/armv7-m/crti.o
 .ARM.attributes
                0x0000001d       0x2d c:/siliconlabs/simplicitystudio/v2/developer/toolchains/gnu_arm/4.8_2013q4/bin/../lib/gcc/arm-none-eabi/4.8.3/armv7-m/crtbegin.o
 .ARM.attributes
                0x0000004a       0x1b c:/siliconlabs/simplicitystudio/v2/developer/toolchains/gnu_arm/4.8_2013q4/bin/../lib/gcc/arm-none-eabi/4.8.3/../../../../arm-none-eabi/lib/armv7-m/crt0.o
 .ARM.attributes
                0x00000065       0x33 ./src/low_power_tick_management.o
 .ARM.attributes
                0x00000098       0x33 ./src/main.o
 .ARM.attributes
                0x000000cb       0x33 ./emlib/em_assert.o
 .ARM.attributes
                0x000000fe       0x33 ./emlib/em_burtc.o
 .ARM.attributes
                0x00000131       0x33 ./emlib/em_cmu.o
 .ARM.attributes
                0x00000164       0x33 ./emlib/em_emu.o
 .ARM.attributes
                0x00000197       0x33 ./emlib/em_gpio.o
 .ARM.attributes
                0x000001ca       0x33 ./emlib/em_int.o
 .ARM.attributes
                0x000001fd       0x33 ./emlib/em_rmu.o
 .ARM.attributes
                0x00000230       0x33 ./emlib/em_system.o
 .ARM.attributes
                0x00000263       0x33 ./FreeRTOS/efm32gg/heap_1.o
 .ARM.attributes
                0x00000296       0x33 ./FreeRTOS/efm32gg/list.o
 .ARM.attributes
                0x000002c9       0x33 ./FreeRTOS/efm32gg/port.o
 .ARM.attributes
                0x000002fc       0x33 ./FreeRTOS/efm32gg/queue.o
 .ARM.attributes
                0x0000032f       0x33 ./FreeRTOS/efm32gg/tasks.o
 .ARM.attributes
                0x00000362       0x33 ./FreeRTOS/efm32gg/timers.o
 .ARM.attributes
                0x00000395       0x33 ./Drivers/sleep.o
 .ARM.attributes
                0x000003c8       0x1b ./CMSIS/efm32gg/startup_efm32gg.o
 .ARM.attributes
                0x000003e3       0x33 ./CMSIS/efm32gg/system_efm32gg.o
 .ARM.attributes
                0x00000416       0x33 ./BSP/bsp_stk_leds.o
 .ARM.attributes
                0x00000449       0x33 ./BSP/bsp_trace.o
 .ARM.attributes
                0x0000047c       0x2d c:/siliconlabs/simplicitystudio/v2/developer/toolchains/gnu_arm/4.8_2013q4/bin/../lib/gcc/arm-none-eabi/4.8.3/../../../../arm-none-eabi/lib/armv7-m\libc_s.a(lib_a-exit.o)
 .ARM.attributes
                0x000004a9       0x2d c:/siliconlabs/simplicitystudio/v2/developer/toolchains/gnu_arm/4.8_2013q4/bin/../lib/gcc/arm-none-eabi/4.8.3/../../../../arm-none-eabi/lib/armv7-m\libc_s.a(lib_a-impure.o)
 .ARM.attributes
                0x000004d6       0x2d c:/siliconlabs/simplicitystudio/v2/developer/toolchains/gnu_arm/4.8_2013q4/bin/../lib/gcc/arm-none-eabi/4.8.3/../../../../arm-none-eabi/lib/armv7-m\libc_s.a(lib_a-init.o)
 .ARM.attributes
                0x00000503       0x2d c:/siliconlabs/simplicitystudio/v2/developer/toolchains/gnu_arm/4.8_2013q4/bin/../lib/gcc/arm-none-eabi/4.8.3/../../../../arm-none-eabi/lib/armv7-m\libc_s.a(lib_a-memcpy-stub.o)
 .ARM.attributes
                0x00000530       0x2d c:/siliconlabs/simplicitystudio/v2/developer/toolchains/gnu_arm/4.8_2013q4/bin/../lib/gcc/arm-none-eabi/4.8.3/../../../../arm-none-eabi/lib/armv7-m\libc_s.a(lib_a-memset.o)
 .ARM.attributes
                0x0000055d       0x2d c:/siliconlabs/simplicitystudio/v2/developer/toolchains/gnu_arm/4.8_2013q4/bin/../lib/gcc/arm-none-eabi/4.8.3/../../../../arm-none-eabi/lib/armv7-m\libnosys.a(_exit.o)
 .ARM.attributes
                0x0000058a       0x2d c:/siliconlabs/simplicitystudio/v2/developer/toolchains/gnu_arm/4.8_2013q4/bin/../lib/gcc/arm-none-eabi/4.8.3/armv7-m/crtend.o
 .ARM.attributes
                0x000005b7       0x1d c:/siliconlabs/simplicitystudio/v2/developer/toolchains/gnu_arm/4.8_2013q4/bin/../lib/gcc/arm-none-eabi/4.8.3/armv7-m/crtn.o

.comment        0x00000000       0x70
 .comment       0x00000000       0x70 ./src/low_power_tick_management.o
                                 0x71 (size before relaxing)
 .comment       0x00000000       0x71 ./src/main.o
 .comment       0x00000000       0x71 ./emlib/em_assert.o
 .comment       0x00000000       0x71 ./emlib/em_burtc.o
 .comment       0x00000000       0x71 ./emlib/em_cmu.o
 .comment       0x00000000       0x71 ./emlib/em_emu.o
 .comment       0x00000000       0x71 ./emlib/em_gpio.o
 .comment       0x00000000       0x71 ./emlib/em_int.o
 .comment       0x00000000       0x71 ./emlib/em_rmu.o
 .comment       0x00000000       0x71 ./emlib/em_system.o
 .comment       0x00000000       0x71 ./FreeRTOS/efm32gg/heap_1.o
 .comment       0x00000000       0x71 ./FreeRTOS/efm32gg/list.o
 .comment       0x00000000       0x71 ./FreeRTOS/efm32gg/port.o
 .comment       0x00000000       0x71 ./FreeRTOS/efm32gg/queue.o
 .comment       0x00000000       0x71 ./FreeRTOS/efm32gg/tasks.o
 .comment       0x00000000       0x71 ./FreeRTOS/efm32gg/timers.o
 .comment       0x00000000       0x71 ./Drivers/sleep.o
 .comment       0x00000000       0x71 ./CMSIS/efm32gg/system_efm32gg.o
 .comment       0x00000000       0x71 ./BSP/bsp_stk_leds.o
 .comment       0x00000000       0x71 ./BSP/bsp_trace.o

.debug_info     0x00000000     0x8180
 .debug_info    0x00000000      0xac7 ./src/low_power_tick_management.o
 .debug_info    0x00000ac7      0x1fa ./src/main.o
 .debug_info    0x00000cc1       0x76 ./emlib/em_assert.o
 .debug_info    0x00000d37      0x5e8 ./emlib/em_burtc.o
 .debug_info    0x0000131f     0x108b ./emlib/em_cmu.o
 .debug_info    0x000023aa      0xcc5 ./emlib/em_emu.o
 .debug_info    0x0000306f      0x4d0 ./emlib/em_gpio.o
 .debug_info    0x0000353f       0xa2 ./emlib/em_int.o
 .debug_info    0x000035e1      0x3c9 ./emlib/em_rmu.o
 .debug_info    0x000039aa      0x241 ./emlib/em_system.o
 .debug_info    0x00003beb      0x164 ./FreeRTOS/efm32gg/heap_1.o
 .debug_info    0x00003d4f      0x2a6 ./FreeRTOS/efm32gg/list.o
 .debug_info    0x00003ff5      0x2da ./FreeRTOS/efm32gg/port.o
 .debug_info    0x000042cf      0x9e1 ./FreeRTOS/efm32gg/queue.o
 .debug_info    0x00004cb0      0xe64 ./FreeRTOS/efm32gg/tasks.o
 .debug_info    0x00005b14      0x75e ./FreeRTOS/efm32gg/timers.o
 .debug_info    0x00006272      0x6aa ./Drivers/sleep.o
 .debug_info    0x0000691c      0x10b ./CMSIS/efm32gg/startup_efm32gg.o
 .debug_info    0x00006a27      0x543 ./CMSIS/efm32gg/system_efm32gg.o
 .debug_info    0x00006f6a      0x72f ./BSP/bsp_stk_leds.o
 .debug_info    0x00007699      0xae7 ./BSP/bsp_trace.o

.debug_abbrev   0x00000000     0x1d00
 .debug_abbrev  0x00000000      0x21b ./src/low_power_tick_management.o
 .debug_abbrev  0x0000021b       0xe5 ./src/main.o
 .debug_abbrev  0x00000300       0x63 ./emlib/em_assert.o
 .debug_abbrev  0x00000363      0x224 ./emlib/em_burtc.o
 .debug_abbrev  0x00000587      0x2b9 ./emlib/em_cmu.o
 .debug_abbrev  0x00000840      0x249 ./emlib/em_emu.o
 .debug_abbrev  0x00000a89      0x11e ./emlib/em_gpio.o
 .debug_abbrev  0x00000ba7       0x5a ./emlib/em_int.o
 .debug_abbrev  0x00000c01      0x152 ./emlib/em_rmu.o
 .debug_abbrev  0x00000d53       0xed ./emlib/em_system.o
 .debug_abbrev  0x00000e40       0xee ./FreeRTOS/efm32gg/heap_1.o
 .debug_abbrev  0x00000f2e       0xbe ./FreeRTOS/efm32gg/list.o
 .debug_abbrev  0x00000fec      0x1a6 ./FreeRTOS/efm32gg/port.o
 .debug_abbrev  0x00001192      0x1ad ./FreeRTOS/efm32gg/queue.o
 .debug_abbrev  0x0000133f      0x1ca ./FreeRTOS/efm32gg/tasks.o
 .debug_abbrev  0x00001509      0x16e ./FreeRTOS/efm32gg/timers.o
 .debug_abbrev  0x00001677      0x267 ./Drivers/sleep.o
 .debug_abbrev  0x000018de       0x14 ./CMSIS/efm32gg/startup_efm32gg.o
 .debug_abbrev  0x000018f2      0x16b ./CMSIS/efm32gg/system_efm32gg.o
 .debug_abbrev  0x00001a5d      0x14f ./BSP/bsp_stk_leds.o
 .debug_abbrev  0x00001bac      0x154 ./BSP/bsp_trace.o

.debug_loc      0x00000000     0x2cc4
 .debug_loc     0x00000000      0x250 ./src/low_power_tick_management.o
 .debug_loc     0x00000250       0xa8 ./src/main.o
 .debug_loc     0x000002f8       0x38 ./emlib/em_assert.o
 .debug_loc     0x00000330      0x250 ./emlib/em_burtc.o
 .debug_loc     0x00000580      0x708 ./emlib/em_cmu.o
 .debug_loc     0x00000c88      0x350 ./emlib/em_emu.o
 .debug_loc     0x00000fd8      0x118 ./emlib/em_gpio.o
 .debug_loc     0x000010f0      0x138 ./emlib/em_rmu.o
 .debug_loc     0x00001228       0x70 ./emlib/em_system.o
 .debug_loc     0x00001298       0xc8 ./FreeRTOS/efm32gg/heap_1.o
 .debug_loc     0x00001360      0x118 ./FreeRTOS/efm32gg/list.o
 .debug_loc     0x00001478      0x1b0 ./FreeRTOS/efm32gg/port.o
 .debug_loc     0x00001628      0x498 ./FreeRTOS/efm32gg/queue.o
 .debug_loc     0x00001ac0      0x7b0 ./FreeRTOS/efm32gg/tasks.o
 .debug_loc     0x00002270      0x304 ./FreeRTOS/efm32gg/timers.o
 .debug_loc     0x00002574      0x29c ./Drivers/sleep.o
 .debug_loc     0x00002810      0x1e8 ./CMSIS/efm32gg/system_efm32gg.o
 .debug_loc     0x000029f8      0x268 ./BSP/bsp_stk_leds.o
 .debug_loc     0x00002c60       0x64 ./BSP/bsp_trace.o

.debug_aranges  0x00000000      0x8d0
 .debug_aranges
                0x00000000       0x70 ./src/low_power_tick_management.o
 .debug_aranges
                0x00000070       0x30 ./src/main.o
 .debug_aranges
                0x000000a0       0x20 ./emlib/em_assert.o
 .debug_aranges
                0x000000c0       0x70 ./emlib/em_burtc.o
 .debug_aranges
                0x00000130      0x120 ./emlib/em_cmu.o
 .debug_aranges
                0x00000250       0x98 ./emlib/em_emu.o
 .debug_aranges
                0x000002e8       0x40 ./emlib/em_gpio.o
 .debug_aranges
                0x00000328       0x18 ./emlib/em_int.o
 .debug_aranges
                0x00000340       0x48 ./emlib/em_rmu.o
 .debug_aranges
                0x00000388       0x28 ./emlib/em_system.o
 .debug_aranges
                0x000003b0       0x38 ./FreeRTOS/efm32gg/heap_1.o
 .debug_aranges
                0x000003e8       0x40 ./FreeRTOS/efm32gg/list.o
 .debug_aranges
                0x00000428       0x88 ./FreeRTOS/efm32gg/port.o
 .debug_aranges
                0x000004b0       0xc0 ./FreeRTOS/efm32gg/queue.o
 .debug_aranges
                0x00000570      0x138 ./FreeRTOS/efm32gg/tasks.o
 .debug_aranges
                0x000006a8       0x88 ./FreeRTOS/efm32gg/timers.o
 .debug_aranges
                0x00000730       0x80 ./Drivers/sleep.o
 .debug_aranges
                0x000007b0       0x20 ./CMSIS/efm32gg/startup_efm32gg.o
 .debug_aranges
                0x000007d0       0x68 ./CMSIS/efm32gg/system_efm32gg.o
 .debug_aranges
                0x00000838       0x70 ./BSP/bsp_stk_leds.o
 .debug_aranges
                0x000008a8       0x28 ./BSP/bsp_trace.o

.debug_ranges   0x00000000      0x768
 .debug_ranges  0x00000000       0x60 ./src/low_power_tick_management.o
 .debug_ranges  0x00000060       0x20 ./src/main.o
 .debug_ranges  0x00000080       0x10 ./emlib/em_assert.o
 .debug_ranges  0x00000090       0x60 ./emlib/em_burtc.o
 .debug_ranges  0x000000f0      0x110 ./emlib/em_cmu.o
 .debug_ranges  0x00000200       0x88 ./emlib/em_emu.o
 .debug_ranges  0x00000288       0x30 ./emlib/em_gpio.o
 .debug_ranges  0x000002b8       0x38 ./emlib/em_rmu.o
 .debug_ranges  0x000002f0       0x18 ./emlib/em_system.o
 .debug_ranges  0x00000308       0x28 ./FreeRTOS/efm32gg/heap_1.o
 .debug_ranges  0x00000330       0x30 ./FreeRTOS/efm32gg/list.o
 .debug_ranges  0x00000360       0x78 ./FreeRTOS/efm32gg/port.o
 .debug_ranges  0x000003d8       0xb0 ./FreeRTOS/efm32gg/queue.o
 .debug_ranges  0x00000488      0x128 ./FreeRTOS/efm32gg/tasks.o
 .debug_ranges  0x000005b0       0x78 ./FreeRTOS/efm32gg/timers.o
 .debug_ranges  0x00000628       0x70 ./Drivers/sleep.o
 .debug_ranges  0x00000698       0x58 ./CMSIS/efm32gg/system_efm32gg.o
 .debug_ranges  0x000006f0       0x60 ./BSP/bsp_stk_leds.o
 .debug_ranges  0x00000750       0x18 ./BSP/bsp_trace.o

.debug_line     0x00000000     0x43e2
 .debug_line    0x00000000      0x32b ./src/low_power_tick_management.o
 .debug_line    0x0000032b      0x240 ./src/main.o
 .debug_line    0x0000056b       0x85 ./emlib/em_assert.o
 .debug_line    0x000005f0      0x3db ./emlib/em_burtc.o
 .debug_line    0x000009cb      0x858 ./emlib/em_cmu.o
 .debug_line    0x00001223      0x488 ./emlib/em_emu.o
 .debug_line    0x000016ab      0x2cb ./emlib/em_gpio.o
 .debug_line    0x00001976      0x132 ./emlib/em_int.o
 .debug_line    0x00001aa8      0x2b9 ./emlib/em_rmu.o
 .debug_line    0x00001d61      0x258 ./emlib/em_system.o
 .debug_line    0x00001fb9      0x16d ./FreeRTOS/efm32gg/heap_1.o
 .debug_line    0x00002126      0x1ef ./FreeRTOS/efm32gg/list.o
 .debug_line    0x00002315      0x23a ./FreeRTOS/efm32gg/port.o
 .debug_line    0x0000254f      0x5a0 ./FreeRTOS/efm32gg/queue.o
 .debug_line    0x00002aef      0x869 ./FreeRTOS/efm32gg/tasks.o
 .debug_line    0x00003358      0x355 ./FreeRTOS/efm32gg/timers.o
 .debug_line    0x000036ad      0x416 ./Drivers/sleep.o
 .debug_line    0x00003ac3       0xeb ./CMSIS/efm32gg/startup_efm32gg.o
 .debug_line    0x00003bae      0x2b1 ./CMSIS/efm32gg/system_efm32gg.o
 .debug_line    0x00003e5f      0x378 ./BSP/bsp_stk_leds.o
 .debug_line    0x000041d7      0x20b ./BSP/bsp_trace.o

.debug_str      0x00000000     0x3703
 .debug_str     0x00000000      0x9f8 ./src/low_power_tick_management.o
                                0xa58 (size before relaxing)
 .debug_str     0x000009f8       0xb9 ./src/main.o
                                0x2b8 (size before relaxing)
 .debug_str     0x00000ab1       0x65 ./emlib/em_assert.o
                                0x13b (size before relaxing)
 .debug_str     0x00000b16      0x129 ./emlib/em_burtc.o
                                0x488 (size before relaxing)
 .debug_str     0x00000c3f      0x7aa ./emlib/em_cmu.o
                                0xc35 (size before relaxing)
 .debug_str     0x000013e9      0x3eb ./emlib/em_emu.o
                                0x7b6 (size before relaxing)
 .debug_str     0x000017d4      0x379 ./emlib/em_gpio.o
                                0x539 (size before relaxing)
 .debug_str     0x00001b4d       0x4e ./emlib/em_int.o
                                0x1d6 (size before relaxing)
 .debug_str     0x00001b9b      0x117 ./emlib/em_rmu.o
                                0x36f (size before relaxing)
 .debug_str     0x00001cb2       0xb7 ./emlib/em_system.o
                                0x2a8 (size before relaxing)
 .debug_str     0x00001d69       0xef ./FreeRTOS/efm32gg/heap_1.o
                                0x252 (size before relaxing)
 .debug_str     0x00001e58      0x179 ./FreeRTOS/efm32gg/list.o
                                0x2ef (size before relaxing)
 .debug_str     0x00001fd1      0x264 ./FreeRTOS/efm32gg/port.o
                                0x3b1 (size before relaxing)
 .debug_str     0x00002235      0x426 ./FreeRTOS/efm32gg/queue.o
                                0x65d (size before relaxing)
 .debug_str     0x0000265b      0x6ff ./FreeRTOS/efm32gg/tasks.o
                                0x9ad (size before relaxing)
 .debug_str     0x00002d5a      0x38c ./FreeRTOS/efm32gg/timers.o
                                0x5fd (size before relaxing)
 .debug_str     0x000030e6      0x1e1 ./Drivers/sleep.o
                                0x476 (size before relaxing)
 .debug_str     0x000032c7      0x14d ./CMSIS/efm32gg/system_efm32gg.o
                                0x47f (size before relaxing)
 .debug_str     0x00003414      0x109 ./BSP/bsp_stk_leds.o
                                0x75e (size before relaxing)
 .debug_str     0x0000351d      0x1e6 ./BSP/bsp_trace.o
                                0x560 (size before relaxing)

.debug_frame    0x00000000     0x1b40
 .debug_frame   0x00000000      0x150 ./src/low_power_tick_management.o
 .debug_frame   0x00000150       0x70 ./src/main.o
 .debug_frame   0x000001c0       0x2c ./emlib/em_assert.o
 .debug_frame   0x000001ec      0x160 ./emlib/em_burtc.o
 .debug_frame   0x0000034c      0x3f4 ./emlib/em_cmu.o
 .debug_frame   0x00000740      0x1e4 ./emlib/em_emu.o
 .debug_frame   0x00000924       0xac ./emlib/em_gpio.o
 .debug_frame   0x000009d0       0xb8 ./emlib/em_rmu.o
 .debug_frame   0x00000a88       0x50 ./emlib/em_system.o
 .debug_frame   0x00000ad8       0x80 ./FreeRTOS/efm32gg/heap_1.o
 .debug_frame   0x00000b58       0x9c ./FreeRTOS/efm32gg/list.o
 .debug_frame   0x00000bf4      0x158 ./FreeRTOS/efm32gg/port.o
 .debug_frame   0x00000d4c      0x2a8 ./FreeRTOS/efm32gg/queue.o
 .debug_frame   0x00000ff4      0x46c ./FreeRTOS/efm32gg/tasks.o
 .debug_frame   0x00001460      0x1c4 ./FreeRTOS/efm32gg/timers.o
 .debug_frame   0x00001624      0x188 ./Drivers/sleep.o
 .debug_frame   0x000017ac      0x120 ./CMSIS/efm32gg/system_efm32gg.o
 .debug_frame   0x000018cc      0x170 ./BSP/bsp_stk_leds.o
 .debug_frame   0x00001a3c       0x48 ./BSP/bsp_trace.o
 .debug_frame   0x00001a84       0x28 c:/siliconlabs/simplicitystudio/v2/developer/toolchains/gnu_arm/4.8_2013q4/bin/../lib/gcc/arm-none-eabi/4.8.3/../../../../arm-none-eabi/lib/armv7-m\libc_s.a(lib_a-exit.o)
 .debug_frame   0x00001aac       0x2c c:/siliconlabs/simplicitystudio/v2/developer/toolchains/gnu_arm/4.8_2013q4/bin/../lib/gcc/arm-none-eabi/4.8.3/../../../../arm-none-eabi/lib/armv7-m\libc_s.a(lib_a-init.o)
 .debug_frame   0x00001ad8       0x28 c:/siliconlabs/simplicitystudio/v2/developer/toolchains/gnu_arm/4.8_2013q4/bin/../lib/gcc/arm-none-eabi/4.8.3/../../../../arm-none-eabi/lib/armv7-m\libc_s.a(lib_a-memcpy-stub.o)
 .debug_frame   0x00001b00       0x20 c:/siliconlabs/simplicitystudio/v2/developer/toolchains/gnu_arm/4.8_2013q4/bin/../lib/gcc/arm-none-eabi/4.8.3/../../../../arm-none-eabi/lib/armv7-m\libc_s.a(lib_a-memset.o)
 .debug_frame   0x00001b20       0x20 c:/siliconlabs/simplicitystudio/v2/developer/toolchains/gnu_arm/4.8_2013q4/bin/../lib/gcc/arm-none-eabi/4.8.3/../../../../arm-none-eabi/lib/armv7-m\libnosys.a(_exit.o)
