Archive member included because of file (symbol)

c:/siliconlabs/simplicitystudio/v3/developer/toolchains/gnu_arm/4.8_2013q4/bin/../lib/gcc/arm-none-eabi/4.8.3/../../../../arm-none-eabi/lib/armv7-m\libc_s.a(lib_a-exit.o)
                              c:/siliconlabs/simplicitystudio/v3/developer/toolchains/gnu_arm/4.8_2013q4/bin/../lib/gcc/arm-none-eabi/4.8.3/../../../../arm-none-eabi/lib/armv7-m/crt0.o (exit)
c:/siliconlabs/simplicitystudio/v3/developer/toolchains/gnu_arm/4.8_2013q4/bin/../lib/gcc/arm-none-eabi/4.8.3/../../../../arm-none-eabi/lib/armv7-m\libc_s.a(lib_a-impure.o)
                              c:/siliconlabs/simplicitystudio/v3/developer/toolchains/gnu_arm/4.8_2013q4/bin/../lib/gcc/arm-none-eabi/4.8.3/../../../../arm-none-eabi/lib/armv7-m\libc_s.a(lib_a-exit.o) (_global_impure_ptr)
c:/siliconlabs/simplicitystudio/v3/developer/toolchains/gnu_arm/4.8_2013q4/bin/../lib/gcc/arm-none-eabi/4.8.3/../../../../arm-none-eabi/lib/armv7-m\libc_s.a(lib_a-init.o)
                              c:/siliconlabs/simplicitystudio/v3/developer/toolchains/gnu_arm/4.8_2013q4/bin/../lib/gcc/arm-none-eabi/4.8.3/../../../../arm-none-eabi/lib/armv7-m/crt0.o (__libc_init_array)
c:/siliconlabs/simplicitystudio/v3/developer/toolchains/gnu_arm/4.8_2013q4/bin/../lib/gcc/arm-none-eabi/4.8.3/../../../../arm-none-eabi/lib/armv7-m\libc_s.a(lib_a-memset.o)
                              c:/siliconlabs/simplicitystudio/v3/developer/toolchains/gnu_arm/4.8_2013q4/bin/../lib/gcc/arm-none-eabi/4.8.3/../../../../arm-none-eabi/lib/armv7-m/crt0.o (memset)
c:/siliconlabs/simplicitystudio/v3/developer/toolchains/gnu_arm/4.8_2013q4/bin/../lib/gcc/arm-none-eabi/4.8.3/../../../../arm-none-eabi/lib/armv7-m\libnosys.a(_exit.o)
                              c:/siliconlabs/simplicitystudio/v3/developer/toolchains/gnu_arm/4.8_2013q4/bin/../lib/gcc/arm-none-eabi/4.8.3/../../../../arm-none-eabi/lib/armv7-m\libc_s.a(lib_a-exit.o) (_exit)

Allocating common symbols
Common symbol       size              file

SystemCoreClock     0x4               ./CMSIS/efm32gg/system_efm32gg.o

Discarded input sections

 .text          0x00000000        0x0 c:/siliconlabs/simplicitystudio/v3/developer/toolchains/gnu_arm/4.8_2013q4/bin/../lib/gcc/arm-none-eabi/4.8.3/armv7-m/crti.o
 .data          0x00000000        0x0 c:/siliconlabs/simplicitystudio/v3/developer/toolchains/gnu_arm/4.8_2013q4/bin/../lib/gcc/arm-none-eabi/4.8.3/armv7-m/crti.o
 .bss           0x00000000        0x0 c:/siliconlabs/simplicitystudio/v3/developer/toolchains/gnu_arm/4.8_2013q4/bin/../lib/gcc/arm-none-eabi/4.8.3/armv7-m/crti.o
 .data          0x00000000        0x4 c:/siliconlabs/simplicitystudio/v3/developer/toolchains/gnu_arm/4.8_2013q4/bin/../lib/gcc/arm-none-eabi/4.8.3/armv7-m/crtbegin.o
 .data          0x00000000        0x0 c:/siliconlabs/simplicitystudio/v3/developer/toolchains/gnu_arm/4.8_2013q4/bin/../lib/gcc/arm-none-eabi/4.8.3/../../../../arm-none-eabi/lib/armv7-m/crt0.o
 .bss           0x00000000        0x0 c:/siliconlabs/simplicitystudio/v3/developer/toolchains/gnu_arm/4.8_2013q4/bin/../lib/gcc/arm-none-eabi/4.8.3/../../../../arm-none-eabi/lib/armv7-m/crt0.o
 .ARM.extab     0x00000000        0x0 c:/siliconlabs/simplicitystudio/v3/developer/toolchains/gnu_arm/4.8_2013q4/bin/../lib/gcc/arm-none-eabi/4.8.3/../../../../arm-none-eabi/lib/armv7-m/crt0.o
 .text          0x00000000        0x0 ./src/EFM32GG280F1024_FreeRTOS_Blink.o
 .data          0x00000000        0x0 ./src/EFM32GG280F1024_FreeRTOS_Blink.o
 .bss           0x00000000        0x0 ./src/EFM32GG280F1024_FreeRTOS_Blink.o
 .text          0x00000000        0x0 ./src/autogen_init.o
 .data          0x00000000        0x0 ./src/autogen_init.o
 .bss           0x00000000        0x0 ./src/autogen_init.o
 .text          0x00000000        0x0 ./src/autogen_lfxo.o
 .data          0x00000000        0x0 ./src/autogen_lfxo.o
 .bss           0x00000000        0x0 ./src/autogen_lfxo.o
 .debug_line    0x00000000        0x0 ./src/autogen_lfxo.o
 .debug_str     0x00000000        0x0 ./src/autogen_lfxo.o
 .comment       0x00000000       0x71 ./src/autogen_lfxo.o
 .ARM.attributes
                0x00000000       0x33 ./src/autogen_lfxo.o
 .text          0x00000000        0x0 ./emlib/em_assert.o
 .data          0x00000000        0x0 ./emlib/em_assert.o
 .bss           0x00000000        0x0 ./emlib/em_assert.o
 .debug_line    0x00000000        0x0 ./emlib/em_assert.o
 .debug_str     0x00000000        0x0 ./emlib/em_assert.o
 .comment       0x00000000       0x71 ./emlib/em_assert.o
 .ARM.attributes
                0x00000000       0x33 ./emlib/em_assert.o
 .text          0x00000000        0x0 ./emlib/em_burtc.o
 .data          0x00000000        0x0 ./emlib/em_burtc.o
 .bss           0x00000000        0x0 ./emlib/em_burtc.o
 .text.BITBAND_Peripheral
                0x00000000       0x2c ./emlib/em_burtc.o
 .text.BITBAND_PeripheralRead
                0x00000000       0x2c ./emlib/em_burtc.o
 .text.BURTC_IntClear
                0x00000000       0x1c ./emlib/em_burtc.o
 .text.BURTC_Enable
                0x00000000       0x50 ./emlib/em_burtc.o
 .text.BURTC_FreezeEnable
                0x00000000       0x20 ./emlib/em_burtc.o
 .text.BURTC_DivToLog2
                0x00000000       0x3c ./emlib/em_burtc.o
 .text.BURTC_Sync
                0x00000000       0x40 ./emlib/em_burtc.o
 .text.BURTC_Init
                0x00000000       0xe8 ./emlib/em_burtc.o
 .text.BURTC_CompareSet
                0x00000000       0x20 ./emlib/em_burtc.o
 .text.BURTC_CompareGet
                0x00000000       0x1c ./emlib/em_burtc.o
 .text.BURTC_CounterReset
                0x00000000       0x20 ./emlib/em_burtc.o
 .text.BURTC_Reset
                0x00000000       0x3c ./emlib/em_burtc.o
 .text.BURTC_ClockFreqGet
                0x00000000       0x7c ./emlib/em_burtc.o
 .debug_info    0x00000000      0x66b ./emlib/em_burtc.o
 .debug_abbrev  0x00000000      0x224 ./emlib/em_burtc.o
 .debug_loc     0x00000000      0x2cc ./emlib/em_burtc.o
 .debug_aranges
                0x00000000       0x80 ./emlib/em_burtc.o
 .debug_ranges  0x00000000       0x70 ./emlib/em_burtc.o
 .debug_line    0x00000000      0x3c9 ./emlib/em_burtc.o
 .debug_str     0x00000000      0x4c1 ./emlib/em_burtc.o
 .comment       0x00000000       0x71 ./emlib/em_burtc.o
 .ARM.attributes
                0x00000000       0x33 ./emlib/em_burtc.o
 .debug_frame   0x00000000      0x194 ./emlib/em_burtc.o
 .text          0x00000000        0x0 ./emlib/em_cmu.o
 .data          0x00000000        0x0 ./emlib/em_cmu.o
 .bss           0x00000000        0x0 ./emlib/em_cmu.o
 .text.CMU_DivToLog2
                0x00000000       0x3c ./emlib/em_cmu.o
 .text.CMU_Log2ToDiv
                0x00000000       0x1c ./emlib/em_cmu.o
 .text.CMU_Calibrate
                0x00000000       0x88 ./emlib/em_cmu.o
 .text.CMU_CalibrateConfig
                0x00000000       0xd8 ./emlib/em_cmu.o
 .text.CMU_ClockDivGet
                0x00000000      0x134 ./emlib/em_cmu.o
 .text.CMU_ClockDivSet
                0x00000000      0x1f8 ./emlib/em_cmu.o
 .text.CMU_FreezeEnable
                0x00000000       0x38 ./emlib/em_cmu.o
 .text.CMU_AUXHFRCOBandGet
                0x00000000       0x20 ./emlib/em_cmu.o
 .text.CMU_AUXHFRCOBandSet
                0x00000000       0xb0 ./emlib/em_cmu.o
 .text.CMU_HFRCOBandGet
                0x00000000       0x20 ./emlib/em_cmu.o
 .text.CMU_HFRCOBandSet
                0x00000000       0xcc ./emlib/em_cmu.o
 .text.CMU_HFRCOStartupDelayGet
                0x00000000       0x1c ./emlib/em_cmu.o
 .text.CMU_HFRCOStartupDelaySet
                0x00000000       0x30 ./emlib/em_cmu.o
 .text.CMU_LCDClkFDIVGet
                0x00000000       0x10 ./emlib/em_cmu.o
 .text.CMU_LCDClkFDIVSet
                0x00000000       0x14 ./emlib/em_cmu.o
 .text.CMU_OscillatorTuningGet
                0x00000000       0x50 ./emlib/em_cmu.o
 .text.CMU_OscillatorTuningSet
                0x00000000       0x74 ./emlib/em_cmu.o
 .text.CMU_PCNTClockExternalGet
                0x00000000       0x64 ./emlib/em_cmu.o
 .text.CMU_PCNTClockExternalSet
                0x00000000       0x34 ./emlib/em_cmu.o
 .text          0x00000000        0x0 ./emlib/em_emu.o
 .data          0x00000000        0x0 ./emlib/em_emu.o
 .bss           0x00000000        0x0 ./emlib/em_emu.o
 .text.SystemCoreClockUpdate
                0x00000000        0xc ./emlib/em_emu.o
 .text.BITBAND_Peripheral
                0x00000000       0x2c ./emlib/em_emu.o
 .text.EMU_BUPinEnable
                0x00000000       0x20 ./emlib/em_emu.o
 .text.EMU_Unlock
                0x00000000       0x18 ./emlib/em_emu.o
 .text.CMU_Lock
                0x00000000       0x18 ./emlib/em_emu.o
 .text.CMU_Unlock
                0x00000000       0x1c ./emlib/em_emu.o
 .text.EMU_Restore
                0x00000000       0xf4 ./emlib/em_emu.o
 .text.getErrataFixEmuE107En
                0x00000000       0x68 ./emlib/em_emu.o
 .text.EMU_EnterEM2
                0x00000000       0x9c ./emlib/em_emu.o
 .text.EMU_EnterEM3
                0x00000000       0xbc ./emlib/em_emu.o
 .text.EMU_EnterEM4
                0x00000000       0x50 ./emlib/em_emu.o
 .text.EMU_MemPwrDown
                0x00000000       0x1c ./emlib/em_emu.o
 .text.EMU_EM23Init
                0x00000000       0x34 ./emlib/em_emu.o
 .text.EMU_EM4Init
                0x00000000       0x50 ./emlib/em_emu.o
 .text.EMU_BUPDInit
                0x00000000       0xcc ./emlib/em_emu.o
 .text.EMU_BUThresholdSet
                0x00000000       0x4c ./emlib/em_emu.o
 .text.EMU_BUThresRangeSet
                0x00000000       0x50 ./emlib/em_emu.o
 .text          0x00000000        0x0 ./emlib/em_gpio.o
 .data          0x00000000        0x0 ./emlib/em_gpio.o
 .bss           0x00000000        0x0 ./emlib/em_gpio.o
 .text.BITBAND_Peripheral
                0x00000000       0x2c ./emlib/em_gpio.o
 .text.GPIO_DbgLocationSet
                0x00000000       0x2c ./emlib/em_gpio.o
 .text.GPIO_DriveModeSet
                0x00000000       0x50 ./emlib/em_gpio.o
 .text.GPIO_IntConfig
                0x00000000       0xc0 ./emlib/em_gpio.o
 .text          0x00000000        0x0 ./emlib/em_int.o
 .data          0x00000000        0x0 ./emlib/em_int.o
 .bss           0x00000000        0x0 ./emlib/em_int.o
 .bss.INT_LockCnt
                0x00000000        0x4 ./emlib/em_int.o
 .debug_info    0x00000000       0xa2 ./emlib/em_int.o
 .debug_abbrev  0x00000000       0x5a ./emlib/em_int.o
 .debug_aranges
                0x00000000       0x18 ./emlib/em_int.o
 .debug_line    0x00000000      0x132 ./emlib/em_int.o
 .debug_str     0x00000000      0x1d6 ./emlib/em_int.o
 .comment       0x00000000       0x71 ./emlib/em_int.o
 .ARM.attributes
                0x00000000       0x33 ./emlib/em_int.o
 .text          0x00000000        0x0 ./emlib/em_rmu.o
 .data          0x00000000        0x0 ./emlib/em_rmu.o
 .bss           0x00000000        0x0 ./emlib/em_rmu.o
 .text.RMU_ResetControl
                0x00000000       0x28 ./emlib/em_rmu.o
 .text          0x00000000        0x0 ./emlib/em_rtc.o
 .data          0x00000000        0x0 ./emlib/em_rtc.o
 .bss           0x00000000        0x0 ./emlib/em_rtc.o
 .text.BITBAND_Peripheral
                0x00000000       0x2c ./emlib/em_rtc.o
 .text.RTC_CompareGet
                0x00000000       0x3c ./emlib/em_rtc.o
 .text.RTC_CompareSet
                0x00000000       0x4c ./emlib/em_rtc.o
 .text.RTC_Enable
                0x00000000       0x20 ./emlib/em_rtc.o
 .text.RTC_FreezeEnable
                0x00000000       0x2c ./emlib/em_rtc.o
 .text.RTC_Init
                0x00000000       0x50 ./emlib/em_rtc.o
 .text.RTC_Reset
                0x00000000       0x34 ./emlib/em_rtc.o
 .text.RTC_CounterReset
                0x00000000       0x14 ./emlib/em_rtc.o
 .debug_info    0x00000000      0x329 ./emlib/em_rtc.o
 .debug_abbrev  0x00000000      0x196 ./emlib/em_rtc.o
 .debug_loc     0x00000000      0x1a8 ./emlib/em_rtc.o
 .debug_aranges
                0x00000000       0x58 ./emlib/em_rtc.o
 .debug_ranges  0x00000000       0x48 ./emlib/em_rtc.o
 .debug_line    0x00000000      0x2cf ./emlib/em_rtc.o
 .debug_str     0x00000000      0x2b5 ./emlib/em_rtc.o
 .comment       0x00000000       0x71 ./emlib/em_rtc.o
 .ARM.attributes
                0x00000000       0x33 ./emlib/em_rtc.o
 .debug_frame   0x00000000       0xf0 ./emlib/em_rtc.o
 .text          0x00000000        0x0 ./emlib/em_system.o
 .data          0x00000000        0x0 ./emlib/em_system.o
 .bss           0x00000000        0x0 ./emlib/em_system.o
 .text.SYSTEM_GetCalibrationValue
                0x00000000       0x54 ./emlib/em_system.o
 .text          0x00000000        0x0 ./Drivers/sleep.o
 .data          0x00000000        0x0 ./Drivers/sleep.o
 .bss           0x00000000        0x0 ./Drivers/sleep.o
 .text.INT_Disable
                0x00000000       0x2c ./Drivers/sleep.o
 .text.INT_Enable
                0x00000000       0x3c ./Drivers/sleep.o
 .text.EMU_EnterEM1
                0x00000000       0x20 ./Drivers/sleep.o
 .text.EMU_EM2UnBlock
                0x00000000       0x14 ./Drivers/sleep.o
 .text.SLEEP_Sleep
                0x00000000       0x3c ./Drivers/sleep.o
 .text.SLEEP_ForceSleepInEM4
                0x00000000       0x10 ./Drivers/sleep.o
 .text.SLEEP_SleepBlockEnd
                0x00000000       0x4c ./Drivers/sleep.o
 .text.SLEEP_LowestEnergyModeGet
                0x00000000       0x4c ./Drivers/sleep.o
 .text.SLEEP_EnterEMx
                0x00000000       0x88 ./Drivers/sleep.o
 .data          0x00000000        0x0 ./CMSIS/efm32gg/startup_efm32gg.o
 .bss           0x00000000        0x0 ./CMSIS/efm32gg/startup_efm32gg.o
 .text          0x00000000        0x0 ./CMSIS/efm32gg/system_efm32gg.o
 .data          0x00000000        0x0 ./CMSIS/efm32gg/system_efm32gg.o
 .bss           0x00000000        0x0 ./CMSIS/efm32gg/system_efm32gg.o
 .text.SystemHFXOClockSet
                0x00000000       0x2c ./CMSIS/efm32gg/system_efm32gg.o
 .text.SystemLFXOClockSet
                0x00000000       0x2c ./CMSIS/efm32gg/system_efm32gg.o
 .text          0x00000000        0x0 c:/siliconlabs/simplicitystudio/v3/developer/toolchains/gnu_arm/4.8_2013q4/bin/../lib/gcc/arm-none-eabi/4.8.3/../../../../arm-none-eabi/lib/armv7-m\libc_s.a(lib_a-exit.o)
 .data          0x00000000        0x0 c:/siliconlabs/simplicitystudio/v3/developer/toolchains/gnu_arm/4.8_2013q4/bin/../lib/gcc/arm-none-eabi/4.8.3/../../../../arm-none-eabi/lib/armv7-m\libc_s.a(lib_a-exit.o)
 .bss           0x00000000        0x0 c:/siliconlabs/simplicitystudio/v3/developer/toolchains/gnu_arm/4.8_2013q4/bin/../lib/gcc/arm-none-eabi/4.8.3/../../../../arm-none-eabi/lib/armv7-m\libc_s.a(lib_a-exit.o)
 .text          0x00000000        0x0 c:/siliconlabs/simplicitystudio/v3/developer/toolchains/gnu_arm/4.8_2013q4/bin/../lib/gcc/arm-none-eabi/4.8.3/../../../../arm-none-eabi/lib/armv7-m\libc_s.a(lib_a-impure.o)
 .data          0x00000000        0x0 c:/siliconlabs/simplicitystudio/v3/developer/toolchains/gnu_arm/4.8_2013q4/bin/../lib/gcc/arm-none-eabi/4.8.3/../../../../arm-none-eabi/lib/armv7-m\libc_s.a(lib_a-impure.o)
 .bss           0x00000000        0x0 c:/siliconlabs/simplicitystudio/v3/developer/toolchains/gnu_arm/4.8_2013q4/bin/../lib/gcc/arm-none-eabi/4.8.3/../../../../arm-none-eabi/lib/armv7-m\libc_s.a(lib_a-impure.o)
 .data._impure_ptr
                0x00000000        0x4 c:/siliconlabs/simplicitystudio/v3/developer/toolchains/gnu_arm/4.8_2013q4/bin/../lib/gcc/arm-none-eabi/4.8.3/../../../../arm-none-eabi/lib/armv7-m\libc_s.a(lib_a-impure.o)
 .text          0x00000000        0x0 c:/siliconlabs/simplicitystudio/v3/developer/toolchains/gnu_arm/4.8_2013q4/bin/../lib/gcc/arm-none-eabi/4.8.3/../../../../arm-none-eabi/lib/armv7-m\libc_s.a(lib_a-init.o)
 .data          0x00000000        0x0 c:/siliconlabs/simplicitystudio/v3/developer/toolchains/gnu_arm/4.8_2013q4/bin/../lib/gcc/arm-none-eabi/4.8.3/../../../../arm-none-eabi/lib/armv7-m\libc_s.a(lib_a-init.o)
 .bss           0x00000000        0x0 c:/siliconlabs/simplicitystudio/v3/developer/toolchains/gnu_arm/4.8_2013q4/bin/../lib/gcc/arm-none-eabi/4.8.3/../../../../arm-none-eabi/lib/armv7-m\libc_s.a(lib_a-init.o)
 .text          0x00000000        0x0 c:/siliconlabs/simplicitystudio/v3/developer/toolchains/gnu_arm/4.8_2013q4/bin/../lib/gcc/arm-none-eabi/4.8.3/../../../../arm-none-eabi/lib/armv7-m\libc_s.a(lib_a-memset.o)
 .data          0x00000000        0x0 c:/siliconlabs/simplicitystudio/v3/developer/toolchains/gnu_arm/4.8_2013q4/bin/../lib/gcc/arm-none-eabi/4.8.3/../../../../arm-none-eabi/lib/armv7-m\libc_s.a(lib_a-memset.o)
 .bss           0x00000000        0x0 c:/siliconlabs/simplicitystudio/v3/developer/toolchains/gnu_arm/4.8_2013q4/bin/../lib/gcc/arm-none-eabi/4.8.3/../../../../arm-none-eabi/lib/armv7-m\libc_s.a(lib_a-memset.o)
 .text          0x00000000        0x0 c:/siliconlabs/simplicitystudio/v3/developer/toolchains/gnu_arm/4.8_2013q4/bin/../lib/gcc/arm-none-eabi/4.8.3/../../../../arm-none-eabi/lib/armv7-m\libnosys.a(_exit.o)
 .data          0x00000000        0x0 c:/siliconlabs/simplicitystudio/v3/developer/toolchains/gnu_arm/4.8_2013q4/bin/../lib/gcc/arm-none-eabi/4.8.3/../../../../arm-none-eabi/lib/armv7-m\libnosys.a(_exit.o)
 .bss           0x00000000        0x0 c:/siliconlabs/simplicitystudio/v3/developer/toolchains/gnu_arm/4.8_2013q4/bin/../lib/gcc/arm-none-eabi/4.8.3/../../../../arm-none-eabi/lib/armv7-m\libnosys.a(_exit.o)
 .text          0x00000000        0x0 c:/siliconlabs/simplicitystudio/v3/developer/toolchains/gnu_arm/4.8_2013q4/bin/../lib/gcc/arm-none-eabi/4.8.3/armv7-m/crtend.o
 .data          0x00000000        0x0 c:/siliconlabs/simplicitystudio/v3/developer/toolchains/gnu_arm/4.8_2013q4/bin/../lib/gcc/arm-none-eabi/4.8.3/armv7-m/crtend.o
 .bss           0x00000000        0x0 c:/siliconlabs/simplicitystudio/v3/developer/toolchains/gnu_arm/4.8_2013q4/bin/../lib/gcc/arm-none-eabi/4.8.3/armv7-m/crtend.o
 .jcr           0x00000000        0x4 c:/siliconlabs/simplicitystudio/v3/developer/toolchains/gnu_arm/4.8_2013q4/bin/../lib/gcc/arm-none-eabi/4.8.3/armv7-m/crtend.o
 .text          0x00000000        0x0 c:/siliconlabs/simplicitystudio/v3/developer/toolchains/gnu_arm/4.8_2013q4/bin/../lib/gcc/arm-none-eabi/4.8.3/armv7-m/crtn.o
 .data          0x00000000        0x0 c:/siliconlabs/simplicitystudio/v3/developer/toolchains/gnu_arm/4.8_2013q4/bin/../lib/gcc/arm-none-eabi/4.8.3/armv7-m/crtn.o
 .bss           0x00000000        0x0 c:/siliconlabs/simplicitystudio/v3/developer/toolchains/gnu_arm/4.8_2013q4/bin/../lib/gcc/arm-none-eabi/4.8.3/armv7-m/crtn.o

Memory Configuration

Name             Origin             Length             Attributes
FLASH            0x00000000         0x00100000         xr
RAM              0x20000000         0x00020000         xrw
*default*        0x00000000         0xffffffff

Linker script and memory map

LOAD c:/siliconlabs/simplicitystudio/v3/developer/toolchains/gnu_arm/4.8_2013q4/bin/../lib/gcc/arm-none-eabi/4.8.3/armv7-m/crti.o
LOAD c:/siliconlabs/simplicitystudio/v3/developer/toolchains/gnu_arm/4.8_2013q4/bin/../lib/gcc/arm-none-eabi/4.8.3/armv7-m/crtbegin.o
LOAD c:/siliconlabs/simplicitystudio/v3/developer/toolchains/gnu_arm/4.8_2013q4/bin/../lib/gcc/arm-none-eabi/4.8.3/../../../../arm-none-eabi/lib/armv7-m/crt0.o
LOAD ./src/EFM32GG280F1024_FreeRTOS_Blink.o
LOAD ./src/autogen_init.o
LOAD ./src/autogen_lfxo.o
LOAD ./emlib/em_assert.o
LOAD ./emlib/em_burtc.o
LOAD ./emlib/em_cmu.o
LOAD ./emlib/em_emu.o
LOAD ./emlib/em_gpio.o
LOAD ./emlib/em_int.o
LOAD ./emlib/em_rmu.o
LOAD ./emlib/em_rtc.o
LOAD ./emlib/em_system.o
LOAD ./Drivers/sleep.o
LOAD ./CMSIS/efm32gg/startup_efm32gg.o
LOAD ./CMSIS/efm32gg/system_efm32gg.o
START GROUP
LOAD c:/siliconlabs/simplicitystudio/v3/developer/toolchains/gnu_arm/4.8_2013q4/bin/../lib/gcc/arm-none-eabi/4.8.3/armv7-m\libgcc.a
LOAD c:/siliconlabs/simplicitystudio/v3/developer/toolchains/gnu_arm/4.8_2013q4/bin/../lib/gcc/arm-none-eabi/4.8.3/../../../../arm-none-eabi/lib/armv7-m\libc_s.a
LOAD c:/siliconlabs/simplicitystudio/v3/developer/toolchains/gnu_arm/4.8_2013q4/bin/../lib/gcc/arm-none-eabi/4.8.3/../../../../arm-none-eabi/lib/armv7-m\libnosys.a
END GROUP
START GROUP
LOAD c:/siliconlabs/simplicitystudio/v3/developer/toolchains/gnu_arm/4.8_2013q4/bin/../lib/gcc/arm-none-eabi/4.8.3/armv7-m\libgcc.a
LOAD c:/siliconlabs/simplicitystudio/v3/developer/toolchains/gnu_arm/4.8_2013q4/bin/../lib/gcc/arm-none-eabi/4.8.3/../../../../arm-none-eabi/lib/armv7-m\libg_s.a
LOAD c:/siliconlabs/simplicitystudio/v3/developer/toolchains/gnu_arm/4.8_2013q4/bin/../lib/gcc/arm-none-eabi/4.8.3/../../../../arm-none-eabi/lib/armv7-m\libc_s.a
END GROUP
START GROUP
LOAD c:/siliconlabs/simplicitystudio/v3/developer/toolchains/gnu_arm/4.8_2013q4/bin/../lib/gcc/arm-none-eabi/4.8.3/armv7-m\libgcc.a
LOAD c:/siliconlabs/simplicitystudio/v3/developer/toolchains/gnu_arm/4.8_2013q4/bin/../lib/gcc/arm-none-eabi/4.8.3/../../../../arm-none-eabi/lib/armv7-m\libc_s.a
END GROUP
LOAD c:/siliconlabs/simplicitystudio/v3/developer/toolchains/gnu_arm/4.8_2013q4/bin/../lib/gcc/arm-none-eabi/4.8.3/armv7-m/crtend.o
LOAD c:/siliconlabs/simplicitystudio/v3/developer/toolchains/gnu_arm/4.8_2013q4/bin/../lib/gcc/arm-none-eabi/4.8.3/armv7-m/crtn.o

.text           0x00000000     0x1400
 *(.isr_vector)
 .isr_vector    0x00000000      0x100 ./CMSIS/efm32gg/startup_efm32gg.o
                0x00000000                __isr_vector
 *(.text*)
 .text          0x00000100       0x54 c:/siliconlabs/simplicitystudio/v3/developer/toolchains/gnu_arm/4.8_2013q4/bin/../lib/gcc/arm-none-eabi/4.8.3/armv7-m/crtbegin.o
 .text          0x00000154       0x74 c:/siliconlabs/simplicitystudio/v3/developer/toolchains/gnu_arm/4.8_2013q4/bin/../lib/gcc/arm-none-eabi/4.8.3/../../../../arm-none-eabi/lib/armv7-m/crt0.o
                0x00000154                _start
                0x00000154                _mainCRTStartup
 .text.CHIP_Init
                0x000001c8       0x40 ./src/EFM32GG280F1024_FreeRTOS_Blink.o
 .text.GPIO_PortOutSetVal
                0x00000208       0x4c ./src/EFM32GG280F1024_FreeRTOS_Blink.o
 .text.LED_Init
                0x00000254       0x20 ./src/EFM32GG280F1024_FreeRTOS_Blink.o
                0x00000254                LED_Init
 .text.main     0x00000274       0x44 ./src/EFM32GG280F1024_FreeRTOS_Blink.o
                0x00000274                main
 .text.eADesigner_Init
                0x000002b8       0x40 ./src/autogen_init.o
                0x000002b8                eADesigner_Init
 .text.BITBAND_Peripheral
                0x000002f8       0x2c ./emlib/em_cmu.o
 .text.CMU_MaxFreqHfle
                0x00000324       0x8c ./emlib/em_cmu.o
 .text.CMU_FlashWaitStateControl
                0x000003b0       0xb8 ./emlib/em_cmu.o
 .text.CMU_FlashWaitStateMax
                0x00000468       0x1c ./emlib/em_cmu.o
 .text.CMU_AUXClkGet
                0x00000484       0x8c ./emlib/em_cmu.o
 .text.CMU_DBGClkGet
                0x00000510       0x58 ./emlib/em_cmu.o
 .text.CMU_LFClkGet
                0x00000568       0xb4 ./emlib/em_cmu.o
 .text.CMU_Sync
                0x0000061c       0x34 ./emlib/em_cmu.o
 .text.CMU_ClockEnable
                0x00000650       0xe0 ./emlib/em_cmu.o
                0x00000650                CMU_ClockEnable
 .text.CMU_ClockFreqGet
                0x00000730      0x180 ./emlib/em_cmu.o
                0x00000730                CMU_ClockFreqGet
 .text.CMU_ClockSelectGet
                0x000008b0      0x124 ./emlib/em_cmu.o
                0x000008b0                CMU_ClockSelectGet
 .text.CMU_ClockSelectSet
                0x000009d4      0x230 ./emlib/em_cmu.o
                0x000009d4                CMU_ClockSelectSet
 .text.CMU_OscillatorEnable
                0x00000c04       0xc0 ./emlib/em_cmu.o
                0x00000c04                CMU_OscillatorEnable
 .text.EMU_UpdateOscConfig
                0x00000cc4       0x1c ./emlib/em_emu.o
                0x00000cc4                EMU_UpdateOscConfig
 .text.GPIO_PinModeSet
                0x00000ce0      0x144 ./emlib/em_gpio.o
                0x00000ce0                GPIO_PinModeSet
 .text.BITBAND_Peripheral
                0x00000e24       0x2c ./emlib/em_rmu.o
 .text.EMU_Lock
                0x00000e50       0x18 ./emlib/em_rmu.o
 .text.EMU_Unlock
                0x00000e68       0x18 ./emlib/em_rmu.o
 .text.RMU_ResetCauseClear
                0x00000e80       0x50 ./emlib/em_rmu.o
                0x00000e80                RMU_ResetCauseClear
 .text.RMU_ResetCauseGet
                0x00000ed0       0x68 ./emlib/em_rmu.o
                0x00000ed0                RMU_ResetCauseGet
 .text.SYSTEM_ChipRevisionGet
                0x00000f38       0x74 ./emlib/em_system.o
                0x00000f38                SYSTEM_ChipRevisionGet
 .text.BITBAND_Peripheral
                0x00000fac       0x2c ./Drivers/sleep.o
 .text.EMU_EM2Block
                0x00000fd8       0x14 ./Drivers/sleep.o
 .text.SLEEP_Init
                0x00000fec       0x5c ./Drivers/sleep.o
                0x00000fec                SLEEP_Init
 .text.SLEEP_SleepBlockBegin
                0x00001048       0x3c ./Drivers/sleep.o
                0x00001048                SLEEP_SleepBlockBegin
 .text          0x00001084       0x98 ./CMSIS/efm32gg/startup_efm32gg.o
                0x00001084                Reset_Handler
                0x000010b8                Default_Handler
                0x000010ba                NMI_Handler
                0x000010bc                HardFault_Handler
                0x000010be                MemManage_Handler
                0x000010c0                BusFault_Handler
                0x000010c2                UsageFault_Handler
                0x000010c4                SVC_Handler
                0x000010c6                DebugMon_Handler
                0x000010c8                PendSV_Handler
                0x000010ca                SysTick_Handler
                0x000010cc                DMA_IRQHandler
                0x000010ce                GPIO_EVEN_IRQHandler
                0x000010d0                TIMER0_IRQHandler
                0x000010d2                USART0_RX_IRQHandler
                0x000010d4                USART0_TX_IRQHandler
                0x000010d6                USB_IRQHandler
                0x000010d8                ACMP0_IRQHandler
                0x000010da                ADC0_IRQHandler
                0x000010dc                DAC0_IRQHandler
                0x000010de                I2C0_IRQHandler
                0x000010e0                I2C1_IRQHandler
                0x000010e2                GPIO_ODD_IRQHandler
                0x000010e4                TIMER1_IRQHandler
                0x000010e6                TIMER2_IRQHandler
                0x000010e8                TIMER3_IRQHandler
                0x000010ea                USART1_RX_IRQHandler
                0x000010ec                USART1_TX_IRQHandler
                0x000010ee                LESENSE_IRQHandler
                0x000010f0                USART2_RX_IRQHandler
                0x000010f2                USART2_TX_IRQHandler
                0x000010f4                UART0_RX_IRQHandler
                0x000010f6                UART0_TX_IRQHandler
                0x000010f8                UART1_RX_IRQHandler
                0x000010fa                UART1_TX_IRQHandler
                0x000010fc                LEUART0_IRQHandler
                0x000010fe                LEUART1_IRQHandler
                0x00001100                LETIMER0_IRQHandler
                0x00001102                PCNT0_IRQHandler
                0x00001104                PCNT1_IRQHandler
                0x00001106                PCNT2_IRQHandler
                0x00001108                RTC_IRQHandler
                0x0000110a                BURTC_IRQHandler
                0x0000110c                CMU_IRQHandler
                0x0000110e                VCMP_IRQHandler
                0x00001110                LCD_IRQHandler
                0x00001112                MSC_IRQHandler
                0x00001114                AES_IRQHandler
                0x00001116                EBI_IRQHandler
                0x00001118                EMU_IRQHandler
 .text.GetProdRev
                0x0000111c       0x1c ./CMSIS/efm32gg/system_efm32gg.o
 .text.SystemCoreClockGet
                0x00001138       0x48 ./CMSIS/efm32gg/system_efm32gg.o
                0x00001138                SystemCoreClockGet
 .text.SystemHFClockGet
                0x00001180       0xf0 ./CMSIS/efm32gg/system_efm32gg.o
                0x00001180                SystemHFClockGet
 .text.SystemHFXOClockGet
                0x00001270       0x18 ./CMSIS/efm32gg/system_efm32gg.o
                0x00001270                SystemHFXOClockGet
 .text.SystemInit
                0x00001288        0xc ./CMSIS/efm32gg/system_efm32gg.o
                0x00001288                SystemInit
 .text.SystemLFRCOClockGet
                0x00001294       0x14 ./CMSIS/efm32gg/system_efm32gg.o
                0x00001294                SystemLFRCOClockGet
 .text.SystemULFRCOClockGet
                0x000012a8       0x14 ./CMSIS/efm32gg/system_efm32gg.o
                0x000012a8                SystemULFRCOClockGet
 .text.SystemLFXOClockGet
                0x000012bc       0x18 ./CMSIS/efm32gg/system_efm32gg.o
                0x000012bc                SystemLFXOClockGet
 .text.exit     0x000012d4       0x28 c:/siliconlabs/simplicitystudio/v3/developer/toolchains/gnu_arm/4.8_2013q4/bin/../lib/gcc/arm-none-eabi/4.8.3/../../../../arm-none-eabi/lib/armv7-m\libc_s.a(lib_a-exit.o)
                0x000012d4                exit
 .text.__libc_init_array
                0x000012fc       0x4c c:/siliconlabs/simplicitystudio/v3/developer/toolchains/gnu_arm/4.8_2013q4/bin/../lib/gcc/arm-none-eabi/4.8.3/../../../../arm-none-eabi/lib/armv7-m\libc_s.a(lib_a-init.o)
                0x000012fc                __libc_init_array
 .text.memset   0x00001348       0x10 c:/siliconlabs/simplicitystudio/v3/developer/toolchains/gnu_arm/4.8_2013q4/bin/../lib/gcc/arm-none-eabi/4.8.3/../../../../arm-none-eabi/lib/armv7-m\libc_s.a(lib_a-memset.o)
                0x00001348                memset
 .text._exit    0x00001358        0x4 c:/siliconlabs/simplicitystudio/v3/developer/toolchains/gnu_arm/4.8_2013q4/bin/../lib/gcc/arm-none-eabi/4.8.3/../../../../arm-none-eabi/lib/armv7-m\libnosys.a(_exit.o)
                0x00001358                _exit
 *(.init)
 .init          0x0000135c        0x4 c:/siliconlabs/simplicitystudio/v3/developer/toolchains/gnu_arm/4.8_2013q4/bin/../lib/gcc/arm-none-eabi/4.8.3/armv7-m/crti.o
                0x0000135c                _init
 .init          0x00001360        0x8 c:/siliconlabs/simplicitystudio/v3/developer/toolchains/gnu_arm/4.8_2013q4/bin/../lib/gcc/arm-none-eabi/4.8.3/armv7-m/crtn.o
 *(.fini)
 .fini          0x00001368        0x4 c:/siliconlabs/simplicitystudio/v3/developer/toolchains/gnu_arm/4.8_2013q4/bin/../lib/gcc/arm-none-eabi/4.8.3/armv7-m/crti.o
                0x00001368                _fini
 .fini          0x0000136c        0x8 c:/siliconlabs/simplicitystudio/v3/developer/toolchains/gnu_arm/4.8_2013q4/bin/../lib/gcc/arm-none-eabi/4.8.3/armv7-m/crtn.o
 *crtbegin.o(.ctors)
 *crtbegin?.o(.ctors)
 *(EXCLUDE_FILE(*crtend.o *crtend?.o) .ctors)
 *(SORT(.ctors.*))
 *(.ctors)
 *crtbegin.o(.dtors)
 *crtbegin?.o(.dtors)
 *(EXCLUDE_FILE(*crtend.o *crtend?.o) .dtors)
 *(SORT(.dtors.*))
 *(.dtors)
 *(.rodata*)
 .rodata.resetCauseMasks
                0x00001374       0x80 ./emlib/em_rmu.o
 .rodata.str1.1
                0x000013f4        0x2 c:/siliconlabs/simplicitystudio/v3/developer/toolchains/gnu_arm/4.8_2013q4/bin/../lib/gcc/arm-none-eabi/4.8.3/../../../../arm-none-eabi/lib/armv7-m\libc_s.a(lib_a-impure.o)
 *fill*         0x000013f6        0x2 
 .rodata._global_impure_ptr
                0x000013f8        0x4 c:/siliconlabs/simplicitystudio/v3/developer/toolchains/gnu_arm/4.8_2013q4/bin/../lib/gcc/arm-none-eabi/4.8.3/../../../../arm-none-eabi/lib/armv7-m\libc_s.a(lib_a-impure.o)
                0x000013f8                _global_impure_ptr
 *(.eh_frame*)
 .eh_frame      0x000013fc        0x0 c:/siliconlabs/simplicitystudio/v3/developer/toolchains/gnu_arm/4.8_2013q4/bin/../lib/gcc/arm-none-eabi/4.8.3/armv7-m/crtbegin.o
 .eh_frame      0x000013fc        0x4 c:/siliconlabs/simplicitystudio/v3/developer/toolchains/gnu_arm/4.8_2013q4/bin/../lib/gcc/arm-none-eabi/4.8.3/armv7-m/crtend.o

.glue_7         0x00001400        0x0
 .glue_7        0x00000000        0x0 linker stubs

.glue_7t        0x00001400        0x0
 .glue_7t       0x00000000        0x0 linker stubs

.vfp11_veneer   0x00001400        0x0
 .vfp11_veneer  0x00000000        0x0 linker stubs

.v4_bx          0x00001400        0x0
 .v4_bx         0x00000000        0x0 linker stubs

.iplt           0x00001400        0x0
 .iplt          0x00000000        0x0 c:/siliconlabs/simplicitystudio/v3/developer/toolchains/gnu_arm/4.8_2013q4/bin/../lib/gcc/arm-none-eabi/4.8.3/armv7-m/crtbegin.o

.ARM.extab
 *(.ARM.extab* .gnu.linkonce.armextab.*)
                0x00001400                __exidx_start = .

.ARM.exidx      0x00001400        0x8
 *(.ARM.exidx* .gnu.linkonce.armexidx.*)
 .ARM.exidx     0x00001400        0x8 c:/siliconlabs/simplicitystudio/v3/developer/toolchains/gnu_arm/4.8_2013q4/bin/../lib/gcc/arm-none-eabi/4.8.3/../../../../arm-none-eabi/lib/armv7-m/crt0.o
                0x00001408                __exidx_end = .
                0x00001408                __etext = .

.rel.dyn        0x00001408        0x0
 .rel.iplt      0x00000000        0x0 c:/siliconlabs/simplicitystudio/v3/developer/toolchains/gnu_arm/4.8_2013q4/bin/../lib/gcc/arm-none-eabi/4.8.3/armv7-m/crtbegin.o

.data           0x20000000       0x70 load address 0x00001408
                0x20000000                __data_start__ = .
 *(vtable)
 *(.data*)
 .data.SystemHFXOClock
                0x20000000        0x4 ./CMSIS/efm32gg/system_efm32gg.o
 .data.SystemLFXOClock
                0x20000004        0x4 ./CMSIS/efm32gg/system_efm32gg.o
 .data.impure_data
                0x20000008       0x60 c:/siliconlabs/simplicitystudio/v3/developer/toolchains/gnu_arm/4.8_2013q4/bin/../lib/gcc/arm-none-eabi/4.8.3/../../../../arm-none-eabi/lib/armv7-m\libc_s.a(lib_a-impure.o)
                0x20000068                . = ALIGN (0x4)
 *(.ram)
                0x20000068                . = ALIGN (0x4)
                0x20000068                PROVIDE (__preinit_array_start, .)
 *(.preinit_array)
                0x20000068                PROVIDE (__preinit_array_end, .)
                0x20000068                . = ALIGN (0x4)
                0x20000068                PROVIDE (__init_array_start, .)
 *(SORT(.init_array.*))
 *(.init_array)
 .init_array    0x20000068        0x4 c:/siliconlabs/simplicitystudio/v3/developer/toolchains/gnu_arm/4.8_2013q4/bin/../lib/gcc/arm-none-eabi/4.8.3/armv7-m/crtbegin.o
                0x2000006c                PROVIDE (__init_array_end, .)
                0x2000006c                . = ALIGN (0x4)
                0x2000006c                PROVIDE (__fini_array_start, .)
 *(SORT(.fini_array.*))
 *(.fini_array)
 .fini_array    0x2000006c        0x4 c:/siliconlabs/simplicitystudio/v3/developer/toolchains/gnu_arm/4.8_2013q4/bin/../lib/gcc/arm-none-eabi/4.8.3/armv7-m/crtbegin.o
                0x20000070                PROVIDE (__fini_array_end, .)
                0x20000070                . = ALIGN (0x4)
                0x20000070                __data_end__ = .

.jcr            0x20000070        0x0 load address 0x00001478
 .jcr           0x20000070        0x0 c:/siliconlabs/simplicitystudio/v3/developer/toolchains/gnu_arm/4.8_2013q4/bin/../lib/gcc/arm-none-eabi/4.8.3/armv7-m/crtbegin.o

.igot.plt       0x20000070        0x0 load address 0x00001478
 .igot.plt      0x00000000        0x0 c:/siliconlabs/simplicitystudio/v3/developer/toolchains/gnu_arm/4.8_2013q4/bin/../lib/gcc/arm-none-eabi/4.8.3/armv7-m/crtbegin.o

.bss            0x20000070       0x30 load address 0x00001478
                0x20000070                __bss_start__ = .
 *(.bss*)
 .bss           0x20000070       0x1c c:/siliconlabs/simplicitystudio/v3/developer/toolchains/gnu_arm/4.8_2013q4/bin/../lib/gcc/arm-none-eabi/4.8.3/armv7-m/crtbegin.o
 .bss.cmuStatus
                0x2000008c        0x4 ./emlib/em_emu.o
 .bss.sleepCallback
                0x20000090        0x4 ./Drivers/sleep.o
 .bss.wakeUpCallback
                0x20000094        0x4 ./Drivers/sleep.o
 .bss.sleepBlockCnt
                0x20000098        0x4 ./Drivers/sleep.o
 *(COMMON)
 COMMON         0x2000009c        0x4 ./CMSIS/efm32gg/system_efm32gg.o
                0x2000009c                SystemCoreClock
                0x200000a0                __bss_end__ = .

.heap           0x200000a0      0xc00
                0x200000a0                __end__ = .
                0x200000a0                end = __end__
                0x200000a0                _end = __end__
 *(.heap*)
 .heap          0x200000a0      0xc00 ./CMSIS/efm32gg/startup_efm32gg.o
                0x200000a0                __HeapBase
                0x20000ca0                __HeapLimit = .

.stack_dummy    0x200000a0      0x400
 *(.stack)
 .stack         0x200000a0      0x400 ./CMSIS/efm32gg/startup_efm32gg.o
                0x20020000                __StackTop = (ORIGIN (RAM) + 0x20000)
                0x2001fc00                __StackLimit = (__StackTop - SIZEOF (.stack_dummy))
                0x20020000                PROVIDE (__stack, __StackTop)
                0x00000001                ASSERT ((__StackLimit >= __HeapLimit), region RAM overflowed with stack)
                0x00000001                ASSERT ((0x100000 >= (__etext + SIZEOF (.data))), FLASH memory overflowed !)
OUTPUT(EFM32GG280F1024_FreeRTOS_Blink.axf elf32-littlearm)

.ARM.attributes
                0x00000000       0x29
 .ARM.attributes
                0x00000000       0x1d c:/siliconlabs/simplicitystudio/v3/developer/toolchains/gnu_arm/4.8_2013q4/bin/../lib/gcc/arm-none-eabi/4.8.3/armv7-m/crti.o
 .ARM.attributes
                0x0000001d       0x2d c:/siliconlabs/simplicitystudio/v3/developer/toolchains/gnu_arm/4.8_2013q4/bin/../lib/gcc/arm-none-eabi/4.8.3/armv7-m/crtbegin.o
 .ARM.attributes
                0x0000004a       0x1b c:/siliconlabs/simplicitystudio/v3/developer/toolchains/gnu_arm/4.8_2013q4/bin/../lib/gcc/arm-none-eabi/4.8.3/../../../../arm-none-eabi/lib/armv7-m/crt0.o
 .ARM.attributes
                0x00000065       0x33 ./src/EFM32GG280F1024_FreeRTOS_Blink.o
 .ARM.attributes
                0x00000098       0x33 ./src/autogen_init.o
 .ARM.attributes
                0x000000cb       0x33 ./emlib/em_cmu.o
 .ARM.attributes
                0x000000fe       0x33 ./emlib/em_emu.o
 .ARM.attributes
                0x00000131       0x33 ./emlib/em_gpio.o
 .ARM.attributes
                0x00000164       0x33 ./emlib/em_rmu.o
 .ARM.attributes
                0x00000197       0x33 ./emlib/em_system.o
 .ARM.attributes
                0x000001ca       0x33 ./Drivers/sleep.o
 .ARM.attributes
                0x000001fd       0x1b ./CMSIS/efm32gg/startup_efm32gg.o
 .ARM.attributes
                0x00000218       0x33 ./CMSIS/efm32gg/system_efm32gg.o
 .ARM.attributes
                0x0000024b       0x2d c:/siliconlabs/simplicitystudio/v3/developer/toolchains/gnu_arm/4.8_2013q4/bin/../lib/gcc/arm-none-eabi/4.8.3/../../../../arm-none-eabi/lib/armv7-m\libc_s.a(lib_a-exit.o)
 .ARM.attributes
                0x00000278       0x2d c:/siliconlabs/simplicitystudio/v3/developer/toolchains/gnu_arm/4.8_2013q4/bin/../lib/gcc/arm-none-eabi/4.8.3/../../../../arm-none-eabi/lib/armv7-m\libc_s.a(lib_a-impure.o)
 .ARM.attributes
                0x000002a5       0x2d c:/siliconlabs/simplicitystudio/v3/developer/toolchains/gnu_arm/4.8_2013q4/bin/../lib/gcc/arm-none-eabi/4.8.3/../../../../arm-none-eabi/lib/armv7-m\libc_s.a(lib_a-init.o)
 .ARM.attributes
                0x000002d2       0x2d c:/siliconlabs/simplicitystudio/v3/developer/toolchains/gnu_arm/4.8_2013q4/bin/../lib/gcc/arm-none-eabi/4.8.3/../../../../arm-none-eabi/lib/armv7-m\libc_s.a(lib_a-memset.o)
 .ARM.attributes
                0x000002ff       0x2d c:/siliconlabs/simplicitystudio/v3/developer/toolchains/gnu_arm/4.8_2013q4/bin/../lib/gcc/arm-none-eabi/4.8.3/../../../../arm-none-eabi/lib/armv7-m\libnosys.a(_exit.o)
 .ARM.attributes
                0x0000032c       0x2d c:/siliconlabs/simplicitystudio/v3/developer/toolchains/gnu_arm/4.8_2013q4/bin/../lib/gcc/arm-none-eabi/4.8.3/armv7-m/crtend.o
 .ARM.attributes
                0x00000359       0x1d c:/siliconlabs/simplicitystudio/v3/developer/toolchains/gnu_arm/4.8_2013q4/bin/../lib/gcc/arm-none-eabi/4.8.3/armv7-m/crtn.o

.comment        0x00000000       0x70
 .comment       0x00000000       0x70 ./src/EFM32GG280F1024_FreeRTOS_Blink.o
                                 0x71 (size before relaxing)
 .comment       0x00000000       0x71 ./src/autogen_init.o
 .comment       0x00000000       0x71 ./emlib/em_cmu.o
 .comment       0x00000000       0x71 ./emlib/em_emu.o
 .comment       0x00000000       0x71 ./emlib/em_gpio.o
 .comment       0x00000000       0x71 ./emlib/em_rmu.o
 .comment       0x00000000       0x71 ./emlib/em_system.o
 .comment       0x00000000       0x71 ./Drivers/sleep.o
 .comment       0x00000000       0x71 ./CMSIS/efm32gg/system_efm32gg.o

.debug_info     0x00000000     0x4163
 .debug_info    0x00000000      0x599 ./src/EFM32GG280F1024_FreeRTOS_Blink.o
 .debug_info    0x00000599      0x5bd ./src/autogen_init.o
 .debug_info    0x00000b56     0x1081 ./emlib/em_cmu.o
 .debug_info    0x00001bd7      0xd9b ./emlib/em_emu.o
 .debug_info    0x00002972      0x4d0 ./emlib/em_gpio.o
 .debug_info    0x00002e42      0x3c9 ./emlib/em_rmu.o
 .debug_info    0x0000320b      0x241 ./emlib/em_system.o
 .debug_info    0x0000344c      0x6aa ./Drivers/sleep.o
 .debug_info    0x00003af6      0x107 ./CMSIS/efm32gg/startup_efm32gg.o
 .debug_info    0x00003bfd      0x566 ./CMSIS/efm32gg/system_efm32gg.o

.debug_abbrev   0x00000000      0xf38
 .debug_abbrev  0x00000000      0x158 ./src/EFM32GG280F1024_FreeRTOS_Blink.o
 .debug_abbrev  0x00000158      0x108 ./src/autogen_init.o
 .debug_abbrev  0x00000260      0x2e2 ./emlib/em_cmu.o
 .debug_abbrev  0x00000542      0x261 ./emlib/em_emu.o
 .debug_abbrev  0x000007a3      0x138 ./emlib/em_gpio.o
 .debug_abbrev  0x000008db      0x152 ./emlib/em_rmu.o
 .debug_abbrev  0x00000a2d       0xed ./emlib/em_system.o
 .debug_abbrev  0x00000b1a      0x267 ./Drivers/sleep.o
 .debug_abbrev  0x00000d81       0x14 ./CMSIS/efm32gg/startup_efm32gg.o
 .debug_abbrev  0x00000d95      0x1a3 ./CMSIS/efm32gg/system_efm32gg.o

.debug_loc      0x00000000     0x12c8
 .debug_loc     0x00000000       0xd4 ./src/EFM32GG280F1024_FreeRTOS_Blink.o
 .debug_loc     0x000000d4       0x2c ./src/autogen_init.o
 .debug_loc     0x00000100      0x6d0 ./emlib/em_cmu.o
 .debug_loc     0x000007d0      0x3b4 ./emlib/em_emu.o
 .debug_loc     0x00000b84      0x118 ./emlib/em_gpio.o
 .debug_loc     0x00000c9c      0x138 ./emlib/em_rmu.o
 .debug_loc     0x00000dd4       0x70 ./emlib/em_system.o
 .debug_loc     0x00000e44      0x29c ./Drivers/sleep.o
 .debug_loc     0x000010e0      0x1e8 ./CMSIS/efm32gg/system_efm32gg.o

.debug_aranges  0x00000000      0x3d0
 .debug_aranges
                0x00000000       0x38 ./src/EFM32GG280F1024_FreeRTOS_Blink.o
 .debug_aranges
                0x00000038       0x20 ./src/autogen_init.o
 .debug_aranges
                0x00000058      0x118 ./emlib/em_cmu.o
 .debug_aranges
                0x00000170       0xa8 ./emlib/em_emu.o
 .debug_aranges
                0x00000218       0x40 ./emlib/em_gpio.o
 .debug_aranges
                0x00000258       0x48 ./emlib/em_rmu.o
 .debug_aranges
                0x000002a0       0x28 ./emlib/em_system.o
 .debug_aranges
                0x000002c8       0x80 ./Drivers/sleep.o
 .debug_aranges
                0x00000348       0x20 ./CMSIS/efm32gg/startup_efm32gg.o
 .debug_aranges
                0x00000368       0x68 ./CMSIS/efm32gg/system_efm32gg.o

.debug_ranges   0x00000000      0x320
 .debug_ranges  0x00000000       0x28 ./src/EFM32GG280F1024_FreeRTOS_Blink.o
 .debug_ranges  0x00000028       0x10 ./src/autogen_init.o
 .debug_ranges  0x00000038      0x108 ./emlib/em_cmu.o
 .debug_ranges  0x00000140       0x98 ./emlib/em_emu.o
 .debug_ranges  0x000001d8       0x30 ./emlib/em_gpio.o
 .debug_ranges  0x00000208       0x38 ./emlib/em_rmu.o
 .debug_ranges  0x00000240       0x18 ./emlib/em_system.o
 .debug_ranges  0x00000258       0x70 ./Drivers/sleep.o
 .debug_ranges  0x000002c8       0x58 ./CMSIS/efm32gg/system_efm32gg.o

.debug_line     0x00000000     0x209a
 .debug_line    0x00000000      0x2d1 ./src/EFM32GG280F1024_FreeRTOS_Blink.o
 .debug_line    0x000002d1      0x1e4 ./src/autogen_init.o
 .debug_line    0x000004b5      0x7c5 ./emlib/em_cmu.o
 .debug_line    0x00000c7a      0x4bf ./emlib/em_emu.o
 .debug_line    0x00001139      0x2b7 ./emlib/em_gpio.o
 .debug_line    0x000013f0      0x2b9 ./emlib/em_rmu.o
 .debug_line    0x000016a9      0x24f ./emlib/em_system.o
 .debug_line    0x000018f8      0x402 ./Drivers/sleep.o
 .debug_line    0x00001cfa       0xeb ./CMSIS/efm32gg/startup_efm32gg.o
 .debug_line    0x00001de5      0x2b5 ./CMSIS/efm32gg/system_efm32gg.o

.debug_str      0x00000000     0x1a56
 .debug_str     0x00000000      0x702 ./src/EFM32GG280F1024_FreeRTOS_Blink.o
                                0x74d (size before relaxing)
 .debug_str     0x00000702      0x26d ./src/autogen_init.o
                                0x699 (size before relaxing)
 .debug_str     0x0000096f      0x65a ./emlib/em_cmu.o
                                0xc25 (size before relaxing)
 .debug_str     0x00000fc9      0x48c ./emlib/em_emu.o
                                0x823 (size before relaxing)
 .debug_str     0x00001455      0x12a ./emlib/em_gpio.o
                                0x539 (size before relaxing)
 .debug_str     0x0000157f      0x126 ./emlib/em_rmu.o
                                0x36f (size before relaxing)
 .debug_str     0x000016a5       0xb7 ./emlib/em_system.o
                                0x2a8 (size before relaxing)
 .debug_str     0x0000175c      0x1ad ./Drivers/sleep.o
                                0x476 (size before relaxing)
 .debug_str     0x00001909      0x14d ./CMSIS/efm32gg/system_efm32gg.o
                                0x481 (size before relaxing)

.debug_frame    0x00000000      0xb58
 .debug_frame   0x00000000       0x8c ./src/EFM32GG280F1024_FreeRTOS_Blink.o
 .debug_frame   0x0000008c       0x2c ./src/autogen_init.o
 .debug_frame   0x000000b8      0x3ac ./emlib/em_cmu.o
 .debug_frame   0x00000464      0x210 ./emlib/em_emu.o
 .debug_frame   0x00000674       0xa8 ./emlib/em_gpio.o
 .debug_frame   0x0000071c       0xb8 ./emlib/em_rmu.o
 .debug_frame   0x000007d4       0x48 ./emlib/em_system.o
 .debug_frame   0x0000081c      0x188 ./Drivers/sleep.o
 .debug_frame   0x000009a4      0x120 ./CMSIS/efm32gg/system_efm32gg.o
 .debug_frame   0x00000ac4       0x28 c:/siliconlabs/simplicitystudio/v3/developer/toolchains/gnu_arm/4.8_2013q4/bin/../lib/gcc/arm-none-eabi/4.8.3/../../../../arm-none-eabi/lib/armv7-m\libc_s.a(lib_a-exit.o)
 .debug_frame   0x00000aec       0x2c c:/siliconlabs/simplicitystudio/v3/developer/toolchains/gnu_arm/4.8_2013q4/bin/../lib/gcc/arm-none-eabi/4.8.3/../../../../arm-none-eabi/lib/armv7-m\libc_s.a(lib_a-init.o)
 .debug_frame   0x00000b18       0x20 c:/siliconlabs/simplicitystudio/v3/developer/toolchains/gnu_arm/4.8_2013q4/bin/../lib/gcc/arm-none-eabi/4.8.3/../../../../arm-none-eabi/lib/armv7-m\libc_s.a(lib_a-memset.o)
 .debug_frame   0x00000b38       0x20 c:/siliconlabs/simplicitystudio/v3/developer/toolchains/gnu_arm/4.8_2013q4/bin/../lib/gcc/arm-none-eabi/4.8.3/../../../../arm-none-eabi/lib/armv7-m\libnosys.a(_exit.o)
