Archive member included because of file (symbol)

c:/siliconlabs/simplicitystudio/v2/developer/toolchains/gnu_arm/4.8_2013q4/bin/../lib/gcc/arm-none-eabi/4.8.3/../../../../arm-none-eabi/lib/armv7-m\libc_s.a(lib_a-exit.o)
                              c:/siliconlabs/simplicitystudio/v2/developer/toolchains/gnu_arm/4.8_2013q4/bin/../lib/gcc/arm-none-eabi/4.8.3/../../../../arm-none-eabi/lib/armv7-m/crt0.o (exit)
c:/siliconlabs/simplicitystudio/v2/developer/toolchains/gnu_arm/4.8_2013q4/bin/../lib/gcc/arm-none-eabi/4.8.3/../../../../arm-none-eabi/lib/armv7-m\libc_s.a(lib_a-impure.o)
                              c:/siliconlabs/simplicitystudio/v2/developer/toolchains/gnu_arm/4.8_2013q4/bin/../lib/gcc/arm-none-eabi/4.8.3/../../../../arm-none-eabi/lib/armv7-m\libc_s.a(lib_a-exit.o) (_global_impure_ptr)
c:/siliconlabs/simplicitystudio/v2/developer/toolchains/gnu_arm/4.8_2013q4/bin/../lib/gcc/arm-none-eabi/4.8.3/../../../../arm-none-eabi/lib/armv7-m\libc_s.a(lib_a-init.o)
                              c:/siliconlabs/simplicitystudio/v2/developer/toolchains/gnu_arm/4.8_2013q4/bin/../lib/gcc/arm-none-eabi/4.8.3/../../../../arm-none-eabi/lib/armv7-m/crt0.o (__libc_init_array)
c:/siliconlabs/simplicitystudio/v2/developer/toolchains/gnu_arm/4.8_2013q4/bin/../lib/gcc/arm-none-eabi/4.8.3/../../../../arm-none-eabi/lib/armv7-m\libc_s.a(lib_a-memset.o)
                              c:/siliconlabs/simplicitystudio/v2/developer/toolchains/gnu_arm/4.8_2013q4/bin/../lib/gcc/arm-none-eabi/4.8.3/../../../../arm-none-eabi/lib/armv7-m/crt0.o (memset)
c:/siliconlabs/simplicitystudio/v2/developer/toolchains/gnu_arm/4.8_2013q4/bin/../lib/gcc/arm-none-eabi/4.8.3/../../../../arm-none-eabi/lib/armv7-m\libnosys.a(_exit.o)
                              c:/siliconlabs/simplicitystudio/v2/developer/toolchains/gnu_arm/4.8_2013q4/bin/../lib/gcc/arm-none-eabi/4.8.3/../../../../arm-none-eabi/lib/armv7-m\libc_s.a(lib_a-exit.o) (_exit)

Allocating common symbols
Common symbol       size              file

SystemCoreClock     0x4               ./CMSIS/system_efm32gg.o

Discarded input sections

 .text          0x00000000        0x0 c:/siliconlabs/simplicitystudio/v2/developer/toolchains/gnu_arm/4.8_2013q4/bin/../lib/gcc/arm-none-eabi/4.8.3/armv7-m/crti.o
 .data          0x00000000        0x0 c:/siliconlabs/simplicitystudio/v2/developer/toolchains/gnu_arm/4.8_2013q4/bin/../lib/gcc/arm-none-eabi/4.8.3/armv7-m/crti.o
 .bss           0x00000000        0x0 c:/siliconlabs/simplicitystudio/v2/developer/toolchains/gnu_arm/4.8_2013q4/bin/../lib/gcc/arm-none-eabi/4.8.3/armv7-m/crti.o
 .data          0x00000000        0x4 c:/siliconlabs/simplicitystudio/v2/developer/toolchains/gnu_arm/4.8_2013q4/bin/../lib/gcc/arm-none-eabi/4.8.3/armv7-m/crtbegin.o
 .data          0x00000000        0x0 c:/siliconlabs/simplicitystudio/v2/developer/toolchains/gnu_arm/4.8_2013q4/bin/../lib/gcc/arm-none-eabi/4.8.3/../../../../arm-none-eabi/lib/armv7-m/crt0.o
 .bss           0x00000000        0x0 c:/siliconlabs/simplicitystudio/v2/developer/toolchains/gnu_arm/4.8_2013q4/bin/../lib/gcc/arm-none-eabi/4.8.3/../../../../arm-none-eabi/lib/armv7-m/crt0.o
 .ARM.extab     0x00000000        0x0 c:/siliconlabs/simplicitystudio/v2/developer/toolchains/gnu_arm/4.8_2013q4/bin/../lib/gcc/arm-none-eabi/4.8.3/../../../../arm-none-eabi/lib/armv7-m/crt0.o
 .text          0x00000000        0x0 ./emlib/em_acmp.o
 .data          0x00000000        0x0 ./emlib/em_acmp.o
 .bss           0x00000000        0x0 ./emlib/em_acmp.o
 .text.BITBAND_Peripheral
                0x00000000       0x2c ./emlib/em_acmp.o
 .text.ACMP_CapsenseInit
                0x00000000       0x8c ./emlib/em_acmp.o
 .text.ACMP_CapsenseChannelSet
                0x00000000       0x2c ./emlib/em_acmp.o
 .text.ACMP_Disable
                0x00000000       0x20 ./emlib/em_acmp.o
 .text.ACMP_Enable
                0x00000000       0x20 ./emlib/em_acmp.o
 .text.ACMP_Reset
                0x00000000       0x4c ./emlib/em_acmp.o
 .text.ACMP_GPIOSetup
                0x00000000       0x3c ./emlib/em_acmp.o
 .text.ACMP_ChannelSet
                0x00000000       0x30 ./emlib/em_acmp.o
 .text.ACMP_Init
                0x00000000       0x94 ./emlib/em_acmp.o
 .debug_info    0x00000000      0x5bf ./emlib/em_acmp.o
 .debug_abbrev  0x00000000      0x15c ./emlib/em_acmp.o
 .debug_loc     0x00000000      0x1f8 ./emlib/em_acmp.o
 .debug_aranges
                0x00000000       0x60 ./emlib/em_acmp.o
 .debug_ranges  0x00000000       0x50 ./emlib/em_acmp.o
 .debug_line    0x00000000      0x378 ./emlib/em_acmp.o
 .debug_str     0x00000000      0x62e ./emlib/em_acmp.o
 .comment       0x00000000       0x71 ./emlib/em_acmp.o
 .ARM.attributes
                0x00000000       0x33 ./emlib/em_acmp.o
 .debug_frame   0x00000000      0x114 ./emlib/em_acmp.o
 .text          0x00000000        0x0 ./emlib/em_adc.o
 .data          0x00000000        0x0 ./emlib/em_adc.o
 .bss           0x00000000        0x0 ./emlib/em_adc.o
 .text.ADC_CalibrateLoadScan
                0x00000000      0x140 ./emlib/em_adc.o
 .text.ADC_CalibrateLoadSingle
                0x00000000      0x13c ./emlib/em_adc.o
 .text.ADC_Init
                0x00000000       0x60 ./emlib/em_adc.o
 .text.ADC_InitScan
                0x00000000       0x90 ./emlib/em_adc.o
 .text.ADC_InitSingle
                0x00000000       0x90 ./emlib/em_adc.o
 .text.ADC_PrescaleCalc
                0x00000000       0x64 ./emlib/em_adc.o
 .text.ADC_Reset
                0x00000000       0x50 ./emlib/em_adc.o
 .text.ADC_TimebaseCalc
                0x00000000       0x60 ./emlib/em_adc.o
 .debug_info    0x00000000      0xa20 ./emlib/em_adc.o
 .debug_abbrev  0x00000000      0x1ac ./emlib/em_adc.o
 .debug_loc     0x00000000      0x1c0 ./emlib/em_adc.o
 .debug_aranges
                0x00000000       0x58 ./emlib/em_adc.o
 .debug_ranges  0x00000000       0x48 ./emlib/em_adc.o
 .debug_line    0x00000000      0x3b0 ./emlib/em_adc.o
 .debug_str     0x00000000      0xb20 ./emlib/em_adc.o
 .comment       0x00000000       0x71 ./emlib/em_adc.o
 .ARM.attributes
                0x00000000       0x33 ./emlib/em_adc.o
 .debug_frame   0x00000000      0x104 ./emlib/em_adc.o
 .text          0x00000000        0x0 ./emlib/em_aes.o
 .data          0x00000000        0x0 ./emlib/em_aes.o
 .bss           0x00000000        0x0 ./emlib/em_aes.o
 .text.AES_IntClear
                0x00000000       0x1c ./emlib/em_aes.o
 .text.AES_CBC128
                0x00000000      0x1ec ./emlib/em_aes.o
 .text.AES_CBC256
                0x00000000      0x224 ./emlib/em_aes.o
 .text.AES_CFB128
                0x00000000      0x120 ./emlib/em_aes.o
 .text.AES_CFB256
                0x00000000      0x12c ./emlib/em_aes.o
 .text.AES_CTR128
                0x00000000       0xe8 ./emlib/em_aes.o
 .text.AES_CTR256
                0x00000000       0xec ./emlib/em_aes.o
 .text.AES_CTRUpdate32Bit
                0x00000000       0x30 ./emlib/em_aes.o
 .text.AES_DecryptKey128
                0x00000000       0x88 ./emlib/em_aes.o
 .text.AES_DecryptKey256
                0x00000000       0xc4 ./emlib/em_aes.o
 .text.AES_ECB128
                0x00000000       0xdc ./emlib/em_aes.o
 .text.AES_ECB256
                0x00000000       0xe8 ./emlib/em_aes.o
 .text.AES_OFB128
                0x00000000       0xd4 ./emlib/em_aes.o
 .text.AES_OFB256
                0x00000000      0x104 ./emlib/em_aes.o
 .debug_info    0x00000000     0x10f4 ./emlib/em_aes.o
 .debug_abbrev  0x00000000      0x1e4 ./emlib/em_aes.o
 .debug_loc     0x00000000      0x31e ./emlib/em_aes.o
 .debug_aranges
                0x00000000       0x88 ./emlib/em_aes.o
 .debug_ranges  0x00000000       0x78 ./emlib/em_aes.o
 .debug_line    0x00000000      0xc14 ./emlib/em_aes.o
 .debug_str     0x00000000      0x355 ./emlib/em_aes.o
 .comment       0x00000000       0x71 ./emlib/em_aes.o
 .ARM.attributes
                0x00000000       0x33 ./emlib/em_aes.o
 .debug_frame   0x00000000      0x1a4 ./emlib/em_aes.o
 .text          0x00000000        0x0 ./emlib/em_assert.o
 .data          0x00000000        0x0 ./emlib/em_assert.o
 .bss           0x00000000        0x0 ./emlib/em_assert.o
 .debug_line    0x00000000        0x0 ./emlib/em_assert.o
 .debug_str     0x00000000        0x0 ./emlib/em_assert.o
 .comment       0x00000000       0x71 ./emlib/em_assert.o
 .ARM.attributes
                0x00000000       0x33 ./emlib/em_assert.o
 .text          0x00000000        0x0 ./emlib/em_burtc.o
 .data          0x00000000        0x0 ./emlib/em_burtc.o
 .bss           0x00000000        0x0 ./emlib/em_burtc.o
 .text.BITBAND_Peripheral
                0x00000000       0x2c ./emlib/em_burtc.o
 .text.BURTC_Enable
                0x00000000       0x50 ./emlib/em_burtc.o
 .text.BURTC_FreezeEnable
                0x00000000       0x20 ./emlib/em_burtc.o
 .text.BURTC_DivToLog2
                0x00000000       0x3c ./emlib/em_burtc.o
 .text.BURTC_Sync
                0x00000000       0x34 ./emlib/em_burtc.o
 .text.BURTC_Init
                0x00000000       0xe8 ./emlib/em_burtc.o
 .text.BURTC_CompareSet
                0x00000000       0x20 ./emlib/em_burtc.o
 .text.BURTC_CompareGet
                0x00000000       0x1c ./emlib/em_burtc.o
 .text.BURTC_CounterReset
                0x00000000       0x20 ./emlib/em_burtc.o
 .text.BURTC_Reset
                0x00000000       0x48 ./emlib/em_burtc.o
 .text.BURTC_ClockFreqGet
                0x00000000       0x7c ./emlib/em_burtc.o
 .debug_info    0x00000000      0x5e8 ./emlib/em_burtc.o
 .debug_abbrev  0x00000000      0x224 ./emlib/em_burtc.o
 .debug_loc     0x00000000      0x250 ./emlib/em_burtc.o
 .debug_aranges
                0x00000000       0x70 ./emlib/em_burtc.o
 .debug_ranges  0x00000000       0x60 ./emlib/em_burtc.o
 .debug_line    0x00000000      0x40f ./emlib/em_burtc.o
 .debug_str     0x00000000      0x4a2 ./emlib/em_burtc.o
 .comment       0x00000000       0x71 ./emlib/em_burtc.o
 .ARM.attributes
                0x00000000       0x33 ./emlib/em_burtc.o
 .debug_frame   0x00000000      0x158 ./emlib/em_burtc.o
 .text          0x00000000        0x0 ./emlib/em_cmu.o
 .data          0x00000000        0x0 ./emlib/em_cmu.o
 .bss           0x00000000        0x0 ./emlib/em_cmu.o
 .text.CMU_FlashWaitStateMax
                0x00000000       0x64 ./emlib/em_cmu.o
 .text.CMU_DivToLog2
                0x00000000       0x3c ./emlib/em_cmu.o
 .text.CMU_Log2ToDiv
                0x00000000       0x1c ./emlib/em_cmu.o
 .text.CMU_FlashWaitStateControl
                0x00000000       0xcc ./emlib/em_cmu.o
 .text.CMU_Calibrate
                0x00000000       0x88 ./emlib/em_cmu.o
 .text.CMU_CalibrateConfig
                0x00000000       0xd8 ./emlib/em_cmu.o
 .text.CMU_ClockDivGet
                0x00000000      0x134 ./emlib/em_cmu.o
 .text.CMU_ClockDivSet
                0x00000000      0x1f8 ./emlib/em_cmu.o
 .text.CMU_ClockSelectSet
                0x00000000      0x230 ./emlib/em_cmu.o
 .text.CMU_FreezeEnable
                0x00000000       0x38 ./emlib/em_cmu.o
 .text.CMU_AUXHFRCOBandGet
                0x00000000       0x20 ./emlib/em_cmu.o
 .text.CMU_AUXHFRCOBandSet
                0x00000000       0xb0 ./emlib/em_cmu.o
 .text.CMU_HFRCOBandGet
                0x00000000       0x20 ./emlib/em_cmu.o
 .text.CMU_HFRCOBandSet
                0x00000000       0xcc ./emlib/em_cmu.o
 .text.CMU_HFRCOStartupDelayGet
                0x00000000       0x1c ./emlib/em_cmu.o
 .text.CMU_HFRCOStartupDelaySet
                0x00000000       0x30 ./emlib/em_cmu.o
 .text.CMU_LCDClkFDIVGet
                0x00000000       0x10 ./emlib/em_cmu.o
 .text.CMU_LCDClkFDIVSet
                0x00000000       0x14 ./emlib/em_cmu.o
 .text.CMU_OscillatorEnable
                0x00000000       0xc0 ./emlib/em_cmu.o
 .text.CMU_OscillatorTuningGet
                0x00000000       0x50 ./emlib/em_cmu.o
 .text.CMU_OscillatorTuningSet
                0x00000000       0x74 ./emlib/em_cmu.o
 .text.CMU_PCNTClockExternalGet
                0x00000000       0x64 ./emlib/em_cmu.o
 .text.CMU_PCNTClockExternalSet
                0x00000000       0x34 ./emlib/em_cmu.o
 .text          0x00000000        0x0 ./emlib/em_dac.o
 .data          0x00000000        0x0 ./emlib/em_dac.o
 .bss           0x00000000        0x0 ./emlib/em_dac.o
 .text.DAC_Channel0OutputSet
                0x00000000       0x1c ./emlib/em_dac.o
 .text.DAC_Channel1OutputSet
                0x00000000       0x1c ./emlib/em_dac.o
 .text.BITBAND_Peripheral
                0x00000000       0x2c ./emlib/em_dac.o
 .text.DAC_Enable
                0x00000000       0x34 ./emlib/em_dac.o
 .text.DAC_Init
                0x00000000       0xd0 ./emlib/em_dac.o
 .text.DAC_InitChannel
                0x00000000       0x64 ./emlib/em_dac.o
 .text.DAC_ChannelOutputSet
                0x00000000       0x34 ./emlib/em_dac.o
 .text.DAC_PrescaleCalc
                0x00000000       0x64 ./emlib/em_dac.o
 .text.DAC_Reset
                0x00000000       0x44 ./emlib/em_dac.o
 .debug_info    0x00000000      0x898 ./emlib/em_dac.o
 .debug_abbrev  0x00000000      0x1a6 ./emlib/em_dac.o
 .debug_loc     0x00000000      0x1f8 ./emlib/em_dac.o
 .debug_aranges
                0x00000000       0x60 ./emlib/em_dac.o
 .debug_ranges  0x00000000       0x50 ./emlib/em_dac.o
 .debug_line    0x00000000      0x383 ./emlib/em_dac.o
 .debug_str     0x00000000      0x830 ./emlib/em_dac.o
 .comment       0x00000000       0x71 ./emlib/em_dac.o
 .ARM.attributes
                0x00000000       0x33 ./emlib/em_dac.o
 .debug_frame   0x00000000      0x11c ./emlib/em_dac.o
 .text          0x00000000        0x0 ./emlib/em_dbg.o
 .data          0x00000000        0x0 ./emlib/em_dbg.o
 .bss           0x00000000        0x0 ./emlib/em_dbg.o
 .text.BITBAND_Peripheral
                0x00000000       0x2c ./emlib/em_dbg.o
 .text.GPIO_DbgSWOEnable
                0x00000000       0x20 ./emlib/em_dbg.o
 .text.DBG_SWOEnable
                0x00000000       0xa0 ./emlib/em_dbg.o
 .debug_info    0x00000000      0x412 ./emlib/em_dbg.o
 .debug_abbrev  0x00000000      0x152 ./emlib/em_dbg.o
 .debug_loc     0x00000000       0xa8 ./emlib/em_dbg.o
 .debug_aranges
                0x00000000       0x30 ./emlib/em_dbg.o
 .debug_ranges  0x00000000       0x20 ./emlib/em_dbg.o
 .debug_line    0x00000000      0x300 ./emlib/em_dbg.o
 .debug_str     0x00000000      0x4eb ./emlib/em_dbg.o
 .comment       0x00000000       0x71 ./emlib/em_dbg.o
 .ARM.attributes
                0x00000000       0x33 ./emlib/em_dbg.o
 .debug_frame   0x00000000       0x6c ./emlib/em_dbg.o
 .text          0x00000000        0x0 ./emlib/em_dma.o
 .data          0x00000000        0x0 ./emlib/em_dma.o
 .bss           0x00000000        0x0 ./emlib/em_dma.o
 .text.NVIC_EnableIRQ
                0x00000000       0x30 ./emlib/em_dma.o
 .text.NVIC_DisableIRQ
                0x00000000       0x34 ./emlib/em_dma.o
 .text.NVIC_ClearPendingIRQ
                0x00000000       0x34 ./emlib/em_dma.o
 .text.BITBAND_Peripheral
                0x00000000       0x2c ./emlib/em_dma.o
 .text.DMA_Prepare
                0x00000000      0x108 ./emlib/em_dma.o
 .text.DMA_ActivateAuto
                0x00000000       0x4c ./emlib/em_dma.o
 .text.DMA_ActivateBasic
                0x00000000       0x40 ./emlib/em_dma.o
 .text.DMA_ActivatePingPong
                0x00000000       0x58 ./emlib/em_dma.o
 .text.DMA_ActivateScatterGather
                0x00000000      0x14c ./emlib/em_dma.o
 .text.DMA_CfgChannel
                0x00000000       0x90 ./emlib/em_dma.o
 .text.DMA_CfgDescr
                0x00000000       0x70 ./emlib/em_dma.o
 .text.DMA_CfgLoop
                0x00000000       0x54 ./emlib/em_dma.o
 .text.DMA_CfgRect
                0x00000000       0x34 ./emlib/em_dma.o
 .text.DMA_CfgDescrScatterGather
                0x00000000       0xd4 ./emlib/em_dma.o
 .text.DMA_ChannelEnable
                0x00000000       0x3c ./emlib/em_dma.o
 .text.DMA_ChannelEnabled
                0x00000000       0x30 ./emlib/em_dma.o
 .text.DMA_Init
                0x00000000       0x54 ./emlib/em_dma.o
 .text.DMA_RefreshPingPong
                0x00000000       0xf8 ./emlib/em_dma.o
 .text.DMA_Reset
                0x00000000       0x88 ./emlib/em_dma.o
 .text          0x00000000        0x0 ./emlib/em_ebi.o
 .data          0x00000000        0x0 ./emlib/em_ebi.o
 .bss           0x00000000        0x0 ./emlib/em_ebi.o
 .text.EBI_TFTFrameBaseSet
                0x00000000       0x1c ./emlib/em_ebi.o
 .text.BITBAND_Peripheral
                0x00000000       0x2c ./emlib/em_ebi.o
 .text.EBI_Init
                0x00000000      0x354 ./emlib/em_ebi.o
 .text.EBI_Disable
                0x00000000       0x1c ./emlib/em_ebi.o
 .text.EBI_BankEnable
                0x00000000       0x70 ./emlib/em_ebi.o
 .text.EBI_BankAddress
                0x00000000       0xec ./emlib/em_ebi.o
 .text.EBI_ChipSelectEnable
                0x00000000       0x70 ./emlib/em_ebi.o
 .text.EBI_PolaritySet
                0x00000000       0xf4 ./emlib/em_ebi.o
 .text.EBI_ReadTimingSet
                0x00000000       0x40 ./emlib/em_ebi.o
 .text.EBI_WriteTimingSet
                0x00000000       0x40 ./emlib/em_ebi.o
 .text.EBI_AddressTimingSet
                0x00000000       0x38 ./emlib/em_ebi.o
 .text.EBI_TFTInit
                0x00000000      0x100 ./emlib/em_ebi.o
 .text.EBI_TFTSizeSet
                0x00000000       0x28 ./emlib/em_ebi.o
 .text.EBI_TFTHPorchSet
                0x00000000       0x30 ./emlib/em_ebi.o
 .text.EBI_TFTVPorchSet
                0x00000000       0x30 ./emlib/em_ebi.o
 .text.EBI_TFTTimingSet
                0x00000000       0x34 ./emlib/em_ebi.o
 .text.EBI_BankReadTimingConfig
                0x00000000       0xdc ./emlib/em_ebi.o
 .text.EBI_BankReadTimingSet
                0x00000000       0xa4 ./emlib/em_ebi.o
 .text.EBI_BankWriteTimingConfig
                0x00000000       0xb0 ./emlib/em_ebi.o
 .text.EBI_BankWriteTimingSet
                0x00000000       0xa4 ./emlib/em_ebi.o
 .text.EBI_BankAddressTimingConfig
                0x00000000       0x7c ./emlib/em_ebi.o
 .text.EBI_BankAddressTimingSet
                0x00000000       0x9c ./emlib/em_ebi.o
 .text.EBI_BankPolaritySet
                0x00000000      0x164 ./emlib/em_ebi.o
 .text.EBI_BankByteLaneEnable
                0x00000000       0x70 ./emlib/em_ebi.o
 .text.EBI_AltMapEnable
                0x00000000       0x20 ./emlib/em_ebi.o
 .debug_info    0x00000000     0x10a1 ./emlib/em_ebi.o
 .debug_abbrev  0x00000000      0x1f1 ./emlib/em_ebi.o
 .debug_loc     0x00000000      0x56c ./emlib/em_ebi.o
 .debug_aranges
                0x00000000       0xe0 ./emlib/em_ebi.o
 .debug_ranges  0x00000000       0xd0 ./emlib/em_ebi.o
 .debug_line    0x00000000      0x5cb ./emlib/em_ebi.o
 .debug_str     0x00000000      0xde0 ./emlib/em_ebi.o
 .comment       0x00000000       0x71 ./emlib/em_ebi.o
 .ARM.attributes
                0x00000000       0x33 ./emlib/em_ebi.o
 .debug_frame   0x00000000      0x2f4 ./emlib/em_ebi.o
 .text          0x00000000        0x0 ./emlib/em_emu.o
 .data          0x00000000        0x0 ./emlib/em_emu.o
 .bss           0x00000000        0x0 ./emlib/em_emu.o
 .text.SystemCoreClockUpdate
                0x00000000        0xc ./emlib/em_emu.o
 .text.BITBAND_Peripheral
                0x00000000       0x2c ./emlib/em_emu.o
 .text.EMU_BUPinEnable
                0x00000000       0x20 ./emlib/em_emu.o
 .text.CMU_Lock
                0x00000000       0x18 ./emlib/em_emu.o
 .text.CMU_Unlock
                0x00000000       0x1c ./emlib/em_emu.o
 .bss.cmuStatus
                0x00000000        0x2 ./emlib/em_emu.o
 .text.EMU_Restore
                0x00000000       0xac ./emlib/em_emu.o
 .text.getErrataFixEmuE107En
                0x00000000       0x68 ./emlib/em_emu.o
 .text.EMU_EnterEM2
                0x00000000       0x9c ./emlib/em_emu.o
 .text.EMU_EnterEM3
                0x00000000       0xc0 ./emlib/em_emu.o
 .text.EMU_EnterEM4
                0x00000000       0x40 ./emlib/em_emu.o
 .text.EMU_MemPwrDown
                0x00000000       0x1c ./emlib/em_emu.o
 .text.EMU_UpdateOscConfig
                0x00000000       0x20 ./emlib/em_emu.o
 .text.EMU_EM4Init
                0x00000000       0x50 ./emlib/em_emu.o
 .text.EMU_BUPDInit
                0x00000000       0xcc ./emlib/em_emu.o
 .text.EMU_BUThresholdSet
                0x00000000       0x4c ./emlib/em_emu.o
 .text.EMU_BUThresRangeSet
                0x00000000       0x50 ./emlib/em_emu.o
 .debug_info    0x00000000      0xce8 ./emlib/em_emu.o
 .debug_abbrev  0x00000000      0x249 ./emlib/em_emu.o
 .debug_loc     0x00000000      0x350 ./emlib/em_emu.o
 .debug_aranges
                0x00000000       0x98 ./emlib/em_emu.o
 .debug_ranges  0x00000000       0x88 ./emlib/em_emu.o
 .debug_line    0x00000000      0x4dc ./emlib/em_emu.o
 .debug_str     0x00000000      0x7c8 ./emlib/em_emu.o
 .comment       0x00000000       0x71 ./emlib/em_emu.o
 .ARM.attributes
                0x00000000       0x33 ./emlib/em_emu.o
 .debug_frame   0x00000000      0x1d8 ./emlib/em_emu.o
 .text          0x00000000        0x0 ./emlib/em_gpio.o
 .data          0x00000000        0x0 ./emlib/em_gpio.o
 .bss           0x00000000        0x0 ./emlib/em_gpio.o
 .text.BITBAND_Peripheral
                0x00000000       0x2c ./emlib/em_gpio.o
 .text.GPIO_DbgLocationSet
                0x00000000       0x2c ./emlib/em_gpio.o
 .text.GPIO_DriveModeSet
                0x00000000       0x50 ./emlib/em_gpio.o
 .text.GPIO_IntConfig
                0x00000000       0xc0 ./emlib/em_gpio.o
 .text          0x00000000        0x0 ./emlib/em_i2c.o
 .data          0x00000000        0x0 ./emlib/em_i2c.o
 .bss           0x00000000        0x0 ./emlib/em_i2c.o
 .text.BITBAND_Peripheral
                0x00000000       0x2c ./emlib/em_i2c.o
 .rodata.i2cNSum
                0x00000000        0x4 ./emlib/em_i2c.o
 .bss.i2cTransfer
                0x00000000       0x18 ./emlib/em_i2c.o
 .text.I2C_BusFreqGet
                0x00000000       0x44 ./emlib/em_i2c.o
 .text.I2C_BusFreqSet
                0x00000000       0x88 ./emlib/em_i2c.o
 .text.I2C_Enable
                0x00000000       0x3c ./emlib/em_i2c.o
 .text.I2C_Init
                0x00000000       0x78 ./emlib/em_i2c.o
 .text.I2C_Reset
                0x00000000       0x3c ./emlib/em_i2c.o
 .text.I2C_Transfer
                0x00000000      0x44c ./emlib/em_i2c.o
 .text.I2C_TransferInit
                0x00000000       0xe4 ./emlib/em_i2c.o
 .debug_info    0x00000000      0x7be ./emlib/em_i2c.o
 .debug_abbrev  0x00000000      0x225 ./emlib/em_i2c.o
 .debug_loc     0x00000000      0x1c0 ./emlib/em_i2c.o
 .debug_aranges
                0x00000000       0x58 ./emlib/em_i2c.o
 .debug_ranges  0x00000000       0x48 ./emlib/em_i2c.o
 .debug_line    0x00000000      0x445 ./emlib/em_i2c.o
 .debug_str     0x00000000      0x776 ./emlib/em_i2c.o
 .comment       0x00000000       0x71 ./emlib/em_i2c.o
 .ARM.attributes
                0x00000000       0x33 ./emlib/em_i2c.o
 .debug_frame   0x00000000      0x104 ./emlib/em_i2c.o
 .text          0x00000000        0x0 ./emlib/em_idac.o
 .data          0x00000000        0x0 ./emlib/em_idac.o
 .bss           0x00000000        0x0 ./emlib/em_idac.o
 .debug_info    0x00000000       0x85 ./emlib/em_idac.o
 .debug_abbrev  0x00000000       0x49 ./emlib/em_idac.o
 .debug_aranges
                0x00000000       0x18 ./emlib/em_idac.o
 .debug_line    0x00000000       0xfb ./emlib/em_idac.o
 .debug_str     0x00000000      0x1dc ./emlib/em_idac.o
 .comment       0x00000000       0x71 ./emlib/em_idac.o
 .ARM.attributes
                0x00000000       0x33 ./emlib/em_idac.o
 .text          0x00000000        0x0 ./emlib/em_int.o
 .data          0x00000000        0x0 ./emlib/em_int.o
 .bss           0x00000000        0x0 ./emlib/em_int.o
 .bss.INT_LockCnt
                0x00000000        0x4 ./emlib/em_int.o
 .debug_info    0x00000000       0xa2 ./emlib/em_int.o
 .debug_abbrev  0x00000000       0x5a ./emlib/em_int.o
 .debug_aranges
                0x00000000       0x18 ./emlib/em_int.o
 .debug_line    0x00000000      0x166 ./emlib/em_int.o
 .debug_str     0x00000000      0x1f0 ./emlib/em_int.o
 .comment       0x00000000       0x71 ./emlib/em_int.o
 .ARM.attributes
                0x00000000       0x33 ./emlib/em_int.o
 .text          0x00000000        0x0 ./emlib/em_lcd.o
 .data          0x00000000        0x0 ./emlib/em_lcd.o
 .bss           0x00000000        0x0 ./emlib/em_lcd.o
 .debug_info    0x00000000       0x85 ./emlib/em_lcd.o
 .debug_abbrev  0x00000000       0x49 ./emlib/em_lcd.o
 .debug_aranges
                0x00000000       0x18 ./emlib/em_lcd.o
 .debug_line    0x00000000       0xfb ./emlib/em_lcd.o
 .debug_str     0x00000000      0x1db ./emlib/em_lcd.o
 .comment       0x00000000       0x71 ./emlib/em_lcd.o
 .ARM.attributes
                0x00000000       0x33 ./emlib/em_lcd.o
 .text          0x00000000        0x0 ./emlib/em_lesense.o
 .data          0x00000000        0x0 ./emlib/em_lesense.o
 .bss           0x00000000        0x0 ./emlib/em_lesense.o
 .text.BITBAND_Peripheral
                0x00000000       0x2c ./emlib/em_lesense.o
 .text.LESENSE_Init
                0x00000000      0x168 ./emlib/em_lesense.o
 .text.LESENSE_ScanFreqSet
                0x00000000       0xbc ./emlib/em_lesense.o
 .text.LESENSE_ScanModeSet
                0x00000000       0x3c ./emlib/em_lesense.o
 .text.LESENSE_StartDelaySet
                0x00000000       0x34 ./emlib/em_lesense.o
 .text.LESENSE_ClkDivSet
                0x00000000       0x60 ./emlib/em_lesense.o
 .text.LESENSE_ChannelAllConfig
                0x00000000       0x30 ./emlib/em_lesense.o
 .text.LESENSE_ChannelConfig
                0x00000000      0x168 ./emlib/em_lesense.o
 .text.LESENSE_AltExConfig
                0x00000000       0xf0 ./emlib/em_lesense.o
 .text.LESENSE_ChannelEnable
                0x00000000       0x3c ./emlib/em_lesense.o
 .text.LESENSE_ChannelEnableMask
                0x00000000       0x28 ./emlib/em_lesense.o
 .text.LESENSE_ChannelTimingSet
                0x00000000       0x38 ./emlib/em_lesense.o
 .text.LESENSE_ChannelThresSet
                0x00000000       0x78 ./emlib/em_lesense.o
 .text.LESENSE_DecoderStateAllConfig
                0x00000000       0x38 ./emlib/em_lesense.o
 .text.LESENSE_DecoderStateConfig
                0x00000000       0x80 ./emlib/em_lesense.o
 .text.LESENSE_DecoderStateSet
                0x00000000       0x20 ./emlib/em_lesense.o
 .text.LESENSE_DecoderStateGet
                0x00000000       0x1c ./emlib/em_lesense.o
 .text.LESENSE_ScanStart
                0x00000000       0x34 ./emlib/em_lesense.o
 .text.LESENSE_ScanStop
                0x00000000       0x34 ./emlib/em_lesense.o
 .text.LESENSE_DecoderStart
                0x00000000       0x34 ./emlib/em_lesense.o
 .text.LESENSE_ResultBufferClear
                0x00000000       0x34 ./emlib/em_lesense.o
 .text.LESENSE_Reset
                0x00000000       0xec ./emlib/em_lesense.o
 .debug_info    0x00000000     0x13ba ./emlib/em_lesense.o
 .debug_abbrev  0x00000000      0x22e ./emlib/em_lesense.o
 .debug_loc     0x00000000      0x494 ./emlib/em_lesense.o
 .debug_aranges
                0x00000000       0xc8 ./emlib/em_lesense.o
 .debug_ranges  0x00000000       0xb8 ./emlib/em_lesense.o
 .debug_line    0x00000000      0x6a6 ./emlib/em_lesense.o
 .debug_str     0x00000000     0x151b ./emlib/em_lesense.o
 .comment       0x00000000       0x71 ./emlib/em_lesense.o
 .ARM.attributes
                0x00000000       0x33 ./emlib/em_lesense.o
 .debug_frame   0x00000000      0x284 ./emlib/em_lesense.o
 .text          0x00000000        0x0 ./emlib/em_letimer.o
 .data          0x00000000        0x0 ./emlib/em_letimer.o
 .bss           0x00000000        0x0 ./emlib/em_letimer.o
 .text.LETIMER_CompareGet
                0x00000000       0x50 ./emlib/em_letimer.o
 .text.LETIMER_CompareSet
                0x00000000       0x58 ./emlib/em_letimer.o
 .text.LETIMER_Enable
                0x00000000       0x2c ./emlib/em_letimer.o
 .text.LETIMER_FreezeEnable
                0x00000000       0x34 ./emlib/em_letimer.o
 .text.LETIMER_Init
                0x00000000       0xec ./emlib/em_letimer.o
 .text.LETIMER_RepeatGet
                0x00000000       0x50 ./emlib/em_letimer.o
 .text.LETIMER_RepeatSet
                0x00000000       0x58 ./emlib/em_letimer.o
 .text.LETIMER_Reset
                0x00000000       0x50 ./emlib/em_letimer.o
 .debug_info    0x00000000      0x4fe ./emlib/em_letimer.o
 .debug_abbrev  0x00000000      0x1a1 ./emlib/em_letimer.o
 .debug_loc     0x00000000      0x1c0 ./emlib/em_letimer.o
 .debug_aranges
                0x00000000       0x58 ./emlib/em_letimer.o
 .debug_ranges  0x00000000       0x48 ./emlib/em_letimer.o
 .debug_line    0x00000000      0x37b ./emlib/em_letimer.o
 .debug_str     0x00000000      0x432 ./emlib/em_letimer.o
 .comment       0x00000000       0x71 ./emlib/em_letimer.o
 .ARM.attributes
                0x00000000       0x33 ./emlib/em_letimer.o
 .debug_frame   0x00000000       0xf4 ./emlib/em_letimer.o
 .text          0x00000000        0x0 ./emlib/em_leuart.o
 .data          0x00000000        0x0 ./emlib/em_leuart.o
 .bss           0x00000000        0x0 ./emlib/em_leuart.o
 .text.LEUART_Sync
                0x00000000       0x30 ./emlib/em_leuart.o
 .text.LEUART_BaudrateCalc
                0x00000000       0x5c ./emlib/em_leuart.o
 .text.LEUART_BaudrateGet
                0x00000000       0x58 ./emlib/em_leuart.o
 .text.LEUART_BaudrateSet
                0x00000000       0x80 ./emlib/em_leuart.o
 .text.LEUART_Enable
                0x00000000       0x58 ./emlib/em_leuart.o
 .text.LEUART_FreezeEnable
                0x00000000       0x34 ./emlib/em_leuart.o
 .text.LEUART_Init
                0x00000000       0x84 ./emlib/em_leuart.o
 .text.LEUART_Reset
                0x00000000       0x70 ./emlib/em_leuart.o
 .text.LEUART_Rx
                0x00000000       0x28 ./emlib/em_leuart.o
 .text.LEUART_RxExt
                0x00000000       0x28 ./emlib/em_leuart.o
 .text.LEUART_Tx
                0x00000000       0x30 ./emlib/em_leuart.o
 .text.LEUART_TxExt
                0x00000000       0x30 ./emlib/em_leuart.o
 .text.LEUART_TxDmaInEM2Enable
                0x00000000       0x3c ./emlib/em_leuart.o
 .text.LEUART_RxDmaInEM2Enable
                0x00000000       0x3c ./emlib/em_leuart.o
 .debug_info    0x00000000      0x7fe ./emlib/em_leuart.o
 .debug_abbrev  0x00000000      0x1b9 ./emlib/em_leuart.o
 .debug_loc     0x00000000      0x310 ./emlib/em_leuart.o
 .debug_aranges
                0x00000000       0x88 ./emlib/em_leuart.o
 .debug_ranges  0x00000000       0x78 ./emlib/em_leuart.o
 .debug_line    0x00000000      0x407 ./emlib/em_leuart.o
 .debug_str     0x00000000      0x733 ./emlib/em_leuart.o
 .comment       0x00000000       0x71 ./emlib/em_leuart.o
 .ARM.attributes
                0x00000000       0x33 ./emlib/em_leuart.o
 .debug_frame   0x00000000      0x1bc ./emlib/em_leuart.o
 .text          0x00000000        0x0 ./emlib/em_mpu.o
 .data          0x00000000        0x0 ./emlib/em_mpu.o
 .bss           0x00000000        0x0 ./emlib/em_mpu.o
 .text.MPU_ConfigureRegion
                0x00000000       0x88 ./emlib/em_mpu.o
 .debug_info    0x00000000      0x349 ./emlib/em_mpu.o
 .debug_abbrev  0x00000000      0x101 ./emlib/em_mpu.o
 .debug_loc     0x00000000       0x38 ./emlib/em_mpu.o
 .debug_aranges
                0x00000000       0x20 ./emlib/em_mpu.o
 .debug_ranges  0x00000000       0x10 ./emlib/em_mpu.o
 .debug_line    0x00000000      0x1fd ./emlib/em_mpu.o
 .debug_str     0x00000000      0x55a ./emlib/em_mpu.o
 .comment       0x00000000       0x71 ./emlib/em_mpu.o
 .ARM.attributes
                0x00000000       0x33 ./emlib/em_mpu.o
 .debug_frame   0x00000000       0x2c ./emlib/em_mpu.o
 .text          0x00000000        0x0 ./emlib/em_msc.o
 .data          0x00000000        0x0 ./emlib/em_msc.o
 .bss           0x00000000        0x0 ./emlib/em_msc.o
 .text.MSC_Init
                0x00000000       0xb8 ./emlib/em_msc.o
 .text.MSC_Deinit
                0x00000000       0x24 ./emlib/em_msc.o
 .ram           0x00000000      0x410 ./emlib/em_msc.o
 .debug_info    0x00000000      0x57d ./emlib/em_msc.o
 .debug_abbrev  0x00000000      0x1be ./emlib/em_msc.o
 .debug_loc     0x00000000      0x170 ./emlib/em_msc.o
 .debug_aranges
                0x00000000       0x50 ./emlib/em_msc.o
 .debug_ranges  0x00000000       0x40 ./emlib/em_msc.o
 .debug_line    0x00000000      0x3a6 ./emlib/em_msc.o
 .debug_str     0x00000000      0x5f1 ./emlib/em_msc.o
 .comment       0x00000000       0x71 ./emlib/em_msc.o
 .ARM.attributes
                0x00000000       0x33 ./emlib/em_msc.o
 .debug_frame   0x00000000       0xd4 ./emlib/em_msc.o
 .text          0x00000000        0x0 ./emlib/em_opamp.o
 .data          0x00000000        0x0 ./emlib/em_opamp.o
 .bss           0x00000000        0x0 ./emlib/em_opamp.o
 .text.OPAMP_Disable
                0x00000000       0x64 ./emlib/em_opamp.o
 .text.OPAMP_Enable
                0x00000000      0x3ac ./emlib/em_opamp.o
 .debug_info    0x00000000      0x4d1 ./emlib/em_opamp.o
 .debug_abbrev  0x00000000      0x122 ./emlib/em_opamp.o
 .debug_loc     0x00000000       0x70 ./emlib/em_opamp.o
 .debug_aranges
                0x00000000       0x28 ./emlib/em_opamp.o
 .debug_ranges  0x00000000       0x18 ./emlib/em_opamp.o
 .debug_line    0x00000000      0x477 ./emlib/em_opamp.o
 .debug_str     0x00000000      0x58c ./emlib/em_opamp.o
 .comment       0x00000000       0x71 ./emlib/em_opamp.o
 .ARM.attributes
                0x00000000       0x33 ./emlib/em_opamp.o
 .debug_frame   0x00000000       0x4c ./emlib/em_opamp.o
 .text          0x00000000        0x0 ./emlib/em_pcnt.o
 .data          0x00000000        0x0 ./emlib/em_pcnt.o
 .bss           0x00000000        0x0 ./emlib/em_pcnt.o
 .text.BITBAND_Peripheral
                0x00000000       0x2c ./emlib/em_pcnt.o
 .text.PCNT_Map
                0x00000000       0x20 ./emlib/em_pcnt.o
 .text.PCNT_Sync
                0x00000000       0x30 ./emlib/em_pcnt.o
 .text.PCNT_CounterReset
                0x00000000       0x4c ./emlib/em_pcnt.o
 .text.PCNT_CounterTopSet
                0x00000000       0xc0 ./emlib/em_pcnt.o
 .text.PCNT_Enable
                0x00000000       0x58 ./emlib/em_pcnt.o
 .text.PCNT_PRSInputEnable
                0x00000000       0x70 ./emlib/em_pcnt.o
 .text.PCNT_FreezeEnable
                0x00000000       0x5c ./emlib/em_pcnt.o
 .text.PCNT_Init
                0x00000000      0x1d0 ./emlib/em_pcnt.o
 .text.PCNT_Reset
                0x00000000       0x80 ./emlib/em_pcnt.o
 .text.PCNT_TopBufferSet
                0x00000000       0x44 ./emlib/em_pcnt.o
 .text.PCNT_TopSet
                0x00000000       0x54 ./emlib/em_pcnt.o
 .debug_info    0x00000000      0x672 ./emlib/em_pcnt.o
 .debug_abbrev  0x00000000      0x1b3 ./emlib/em_pcnt.o
 .debug_loc     0x00000000      0x2a0 ./emlib/em_pcnt.o
 .debug_aranges
                0x00000000       0x78 ./emlib/em_pcnt.o
 .debug_ranges  0x00000000       0x68 ./emlib/em_pcnt.o
 .debug_line    0x00000000      0x44b ./emlib/em_pcnt.o
 .debug_str     0x00000000      0x50e ./emlib/em_pcnt.o
 .comment       0x00000000       0x71 ./emlib/em_pcnt.o
 .ARM.attributes
                0x00000000       0x33 ./emlib/em_pcnt.o
 .debug_frame   0x00000000      0x180 ./emlib/em_pcnt.o
 .text          0x00000000        0x0 ./emlib/em_prs.o
 .data          0x00000000        0x0 ./emlib/em_prs.o
 .bss           0x00000000        0x0 ./emlib/em_prs.o
 .text.PRS_SourceSignalSet
                0x00000000       0x38 ./emlib/em_prs.o
 .text.PRS_SourceAsyncSignalSet
                0x00000000       0x38 ./emlib/em_prs.o
 .debug_info    0x00000000      0x20e ./emlib/em_prs.o
 .debug_abbrev  0x00000000      0x103 ./emlib/em_prs.o
 .debug_loc     0x00000000       0x70 ./emlib/em_prs.o
 .debug_aranges
                0x00000000       0x28 ./emlib/em_prs.o
 .debug_ranges  0x00000000       0x18 ./emlib/em_prs.o
 .debug_line    0x00000000      0x29f ./emlib/em_prs.o
 .debug_str     0x00000000      0x2a2 ./emlib/em_prs.o
 .comment       0x00000000       0x71 ./emlib/em_prs.o
 .ARM.attributes
                0x00000000       0x33 ./emlib/em_prs.o
 .debug_frame   0x00000000       0x48 ./emlib/em_prs.o
 .text          0x00000000        0x0 ./emlib/em_rmu.o
 .data          0x00000000        0x0 ./emlib/em_rmu.o
 .bss           0x00000000        0x0 ./emlib/em_rmu.o
 .text.BITBAND_Peripheral
                0x00000000       0x2c ./emlib/em_rmu.o
 .text.EMU_Lock
                0x00000000       0x18 ./emlib/em_rmu.o
 .text.EMU_Unlock
                0x00000000       0x18 ./emlib/em_rmu.o
 .rodata.resetCauseMasks
                0x00000000       0x80 ./emlib/em_rmu.o
 .text.RMU_ResetControl
                0x00000000       0x28 ./emlib/em_rmu.o
 .text.RMU_ResetCauseClear
                0x00000000       0x50 ./emlib/em_rmu.o
 .text.RMU_ResetCauseGet
                0x00000000       0x68 ./emlib/em_rmu.o
 .debug_info    0x00000000      0x3c9 ./emlib/em_rmu.o
 .debug_abbrev  0x00000000      0x152 ./emlib/em_rmu.o
 .debug_loc     0x00000000      0x138 ./emlib/em_rmu.o
 .debug_aranges
                0x00000000       0x48 ./emlib/em_rmu.o
 .debug_ranges  0x00000000       0x38 ./emlib/em_rmu.o
 .debug_line    0x00000000      0x321 ./emlib/em_rmu.o
 .debug_str     0x00000000      0x389 ./emlib/em_rmu.o
 .comment       0x00000000       0x71 ./emlib/em_rmu.o
 .ARM.attributes
                0x00000000       0x33 ./emlib/em_rmu.o
 .debug_frame   0x00000000       0xb8 ./emlib/em_rmu.o
 .text          0x00000000        0x0 ./emlib/em_rtc.o
 .data          0x00000000        0x0 ./emlib/em_rtc.o
 .bss           0x00000000        0x0 ./emlib/em_rtc.o
 .text.BITBAND_Peripheral
                0x00000000       0x2c ./emlib/em_rtc.o
 .text.RTC_CompareGet
                0x00000000       0x3c ./emlib/em_rtc.o
 .text.RTC_CompareSet
                0x00000000       0x4c ./emlib/em_rtc.o
 .text.RTC_Enable
                0x00000000       0x20 ./emlib/em_rtc.o
 .text.RTC_FreezeEnable
                0x00000000       0x2c ./emlib/em_rtc.o
 .text.RTC_Init
                0x00000000       0x50 ./emlib/em_rtc.o
 .text.RTC_Reset
                0x00000000       0x34 ./emlib/em_rtc.o
 .text.RTC_CounterReset
                0x00000000       0x14 ./emlib/em_rtc.o
 .debug_info    0x00000000      0x329 ./emlib/em_rtc.o
 .debug_abbrev  0x00000000      0x196 ./emlib/em_rtc.o
 .debug_loc     0x00000000      0x1a8 ./emlib/em_rtc.o
 .debug_aranges
                0x00000000       0x58 ./emlib/em_rtc.o
 .debug_ranges  0x00000000       0x48 ./emlib/em_rtc.o
 .debug_line    0x00000000      0x337 ./emlib/em_rtc.o
 .debug_str     0x00000000      0x2cf ./emlib/em_rtc.o
 .comment       0x00000000       0x71 ./emlib/em_rtc.o
 .ARM.attributes
                0x00000000       0x33 ./emlib/em_rtc.o
 .debug_frame   0x00000000       0xf0 ./emlib/em_rtc.o
 .text          0x00000000        0x0 ./emlib/em_system.o
 .data          0x00000000        0x0 ./emlib/em_system.o
 .bss           0x00000000        0x0 ./emlib/em_system.o
 .text.SYSTEM_GetCalibrationValue
                0x00000000       0x54 ./emlib/em_system.o
 .text          0x00000000        0x0 ./emlib/em_timer.o
 .data          0x00000000        0x0 ./emlib/em_timer.o
 .bss           0x00000000        0x0 ./emlib/em_timer.o
 .text.TIMER_EnableDTI
                0x00000000       0x38 ./emlib/em_timer.o
 .text.TIMER_GetDTIFault
                0x00000000       0x1c ./emlib/em_timer.o
 .text.TIMER_ClearDTIFault
                0x00000000       0x1c ./emlib/em_timer.o
 .text.TIMER_Init
                0x00000000      0x10c ./emlib/em_timer.o
 .text.TIMER_InitCC
                0x00000000       0xcc ./emlib/em_timer.o
 .text.TIMER_InitDTI
                0x00000000      0x104 ./emlib/em_timer.o
 .text.TIMER_Reset
                0x00000000       0xd8 ./emlib/em_timer.o
 .debug_info    0x00000000      0x8c6 ./emlib/em_timer.o
 .debug_abbrev  0x00000000      0x18c ./emlib/em_timer.o
 .debug_loc     0x00000000      0x188 ./emlib/em_timer.o
 .debug_aranges
                0x00000000       0x50 ./emlib/em_timer.o
 .debug_ranges  0x00000000       0x40 ./emlib/em_timer.o
 .debug_line    0x00000000      0x493 ./emlib/em_timer.o
 .debug_str     0x00000000      0x978 ./emlib/em_timer.o
 .comment       0x00000000       0x71 ./emlib/em_timer.o
 .ARM.attributes
                0x00000000       0x33 ./emlib/em_timer.o
 .debug_frame   0x00000000       0xd8 ./emlib/em_timer.o
 .text          0x00000000        0x0 ./emlib/em_usart.o
 .data          0x00000000        0x0 ./emlib/em_usart.o
 .bss           0x00000000        0x0 ./emlib/em_usart.o
 .text.USART_BaudrateAsyncSet
                0x00000000       0xb0 ./emlib/em_usart.o
 .text.USART_BaudrateCalc
                0x00000000       0xb8 ./emlib/em_usart.o
 .text.USART_BaudrateGet
                0x00000000       0x50 ./emlib/em_usart.o
 .text.USART_BaudrateSyncSet
                0x00000000       0x6c ./emlib/em_usart.o
 .text.USART_Enable
                0x00000000       0x70 ./emlib/em_usart.o
 .text.USART_InitAsync
                0x00000000       0xb4 ./emlib/em_usart.o
 .text.USART_InitSync
                0x00000000       0xc8 ./emlib/em_usart.o
 .text.USART_InitIrDA
                0x00000000       0x74 ./emlib/em_usart.o
 .text.USART_InitI2s
                0x00000000       0x94 ./emlib/em_usart.o
 .text.USART_InitPrsTrigger
                0x00000000       0x60 ./emlib/em_usart.o
 .text.USART_Reset
                0x00000000       0xb0 ./emlib/em_usart.o
 .text.USART_Rx
                0x00000000       0x28 ./emlib/em_usart.o
 .text.USART_RxDouble
                0x00000000       0x28 ./emlib/em_usart.o
 .text.USART_RxDoubleExt
                0x00000000       0x28 ./emlib/em_usart.o
 .text.USART_RxExt
                0x00000000       0x28 ./emlib/em_usart.o
 .text.USART_SpiTransfer
                0x00000000       0x40 ./emlib/em_usart.o
 .text.USART_Tx
                0x00000000       0x2c ./emlib/em_usart.o
 .text.USART_TxDouble
                0x00000000       0x2c ./emlib/em_usart.o
 .text.USART_TxDoubleExt
                0x00000000       0x28 ./emlib/em_usart.o
 .text.USART_TxExt
                0x00000000       0x2c ./emlib/em_usart.o
 .debug_info    0x00000000      0xe49 ./emlib/em_usart.o
 .debug_abbrev  0x00000000      0x1d4 ./emlib/em_usart.o
 .debug_loc     0x00000000      0x460 ./emlib/em_usart.o
 .debug_aranges
                0x00000000       0xb8 ./emlib/em_usart.o
 .debug_ranges  0x00000000       0xa8 ./emlib/em_usart.o
 .debug_line    0x00000000      0x554 ./emlib/em_usart.o
 .debug_str     0x00000000      0xd92 ./emlib/em_usart.o
 .comment       0x00000000       0x71 ./emlib/em_usart.o
 .ARM.attributes
                0x00000000       0x33 ./emlib/em_usart.o
 .debug_frame   0x00000000      0x25c ./emlib/em_usart.o
 .text          0x00000000        0x0 ./emlib/em_vcmp.o
 .data          0x00000000        0x0 ./emlib/em_vcmp.o
 .bss           0x00000000        0x0 ./emlib/em_vcmp.o
 .text.VCMP_Ready
                0x00000000       0x24 ./emlib/em_vcmp.o
 .text.VCMP_IntClear
                0x00000000       0x1c ./emlib/em_vcmp.o
 .text.VCMP_Init
                0x00000000      0x1a4 ./emlib/em_vcmp.o
 .text.VCMP_LowPowerRefSet
                0x00000000       0x3c ./emlib/em_vcmp.o
 .text.VCMP_TriggerSet
                0x00000000       0x34 ./emlib/em_vcmp.o
 .debug_info    0x00000000      0x2ed ./emlib/em_vcmp.o
 .debug_abbrev  0x00000000      0x113 ./emlib/em_vcmp.o
 .debug_loc     0x00000000      0x10c ./emlib/em_vcmp.o
 .debug_aranges
                0x00000000       0x40 ./emlib/em_vcmp.o
 .debug_ranges  0x00000000       0x30 ./emlib/em_vcmp.o
 .debug_line    0x00000000      0x30c ./emlib/em_vcmp.o
 .debug_str     0x00000000      0x3c8 ./emlib/em_vcmp.o
 .comment       0x00000000       0x71 ./emlib/em_vcmp.o
 .ARM.attributes
                0x00000000       0x33 ./emlib/em_vcmp.o
 .debug_frame   0x00000000       0x9c ./emlib/em_vcmp.o
 .text          0x00000000        0x0 ./emlib/em_wdog.o
 .data          0x00000000        0x0 ./emlib/em_wdog.o
 .bss           0x00000000        0x0 ./emlib/em_wdog.o
 .text.BITBAND_Peripheral
                0x00000000       0x2c ./emlib/em_wdog.o
 .text.WDOG_Enable
                0x00000000       0x3c ./emlib/em_wdog.o
 .text.WDOG_Feed
                0x00000000       0x40 ./emlib/em_wdog.o
 .text.WDOG_Init
                0x00000000       0xbc ./emlib/em_wdog.o
 .text.WDOG_Lock
                0x00000000       0x24 ./emlib/em_wdog.o
 .debug_info    0x00000000      0x306 ./emlib/em_wdog.o
 .debug_abbrev  0x00000000      0x13e ./emlib/em_wdog.o
 .debug_loc     0x00000000      0x100 ./emlib/em_wdog.o
 .debug_aranges
                0x00000000       0x40 ./emlib/em_wdog.o
 .debug_ranges  0x00000000       0x30 ./emlib/em_wdog.o
 .debug_line    0x00000000      0x30a ./emlib/em_wdog.o
 .debug_str     0x00000000      0x3f0 ./emlib/em_wdog.o
 .comment       0x00000000       0x71 ./emlib/em_wdog.o
 .ARM.attributes
                0x00000000       0x33 ./emlib/em_wdog.o
 .debug_frame   0x00000000       0xa0 ./emlib/em_wdog.o
 .text          0x00000000        0x0 ./main.o
 .data          0x00000000        0x0 ./main.o
 .bss           0x00000000        0x0 ./main.o
 .text          0x00000000        0x0 ./libDrivers/src/codeflash.o
 .data          0x00000000        0x0 ./libDrivers/src/codeflash.o
 .bss           0x00000000        0x0 ./libDrivers/src/codeflash.o
 .debug_line    0x00000000        0x0 ./libDrivers/src/codeflash.o
 .debug_str     0x00000000        0x0 ./libDrivers/src/codeflash.o
 .comment       0x00000000       0x71 ./libDrivers/src/codeflash.o
 .ARM.attributes
                0x00000000       0x33 ./libDrivers/src/codeflash.o
 .text          0x00000000        0x0 ./libDrivers/src/gyro.o
 .data          0x00000000        0x0 ./libDrivers/src/gyro.o
 .bss           0x00000000        0x0 ./libDrivers/src/gyro.o
 .debug_info    0x00000000       0x8c ./libDrivers/src/gyro.o
 .debug_abbrev  0x00000000       0x49 ./libDrivers/src/gyro.o
 .debug_aranges
                0x00000000       0x18 ./libDrivers/src/gyro.o
 .debug_line    0x00000000       0xfb ./libDrivers/src/gyro.o
 .debug_str     0x00000000      0x1c6 ./libDrivers/src/gyro.o
 .comment       0x00000000       0x71 ./libDrivers/src/gyro.o
 .ARM.attributes
                0x00000000       0x33 ./libDrivers/src/gyro.o
 .text          0x00000000        0x0 ./libDrivers/src/tempsense.o
 .data          0x00000000        0x0 ./libDrivers/src/tempsense.o
 .bss           0x00000000        0x0 ./libDrivers/src/tempsense.o
 .debug_line    0x00000000        0x0 ./libDrivers/src/tempsense.o
 .debug_str     0x00000000        0x0 ./libDrivers/src/tempsense.o
 .comment       0x00000000       0x71 ./libDrivers/src/tempsense.o
 .ARM.attributes
                0x00000000       0x33 ./libDrivers/src/tempsense.o
 .text          0x00000000        0x0 ./autogen/autogen_adc0.o
 .data          0x00000000        0x0 ./autogen/autogen_adc0.o
 .bss           0x00000000        0x0 ./autogen/autogen_adc0.o
 .text.ADC0_setup
                0x00000000       0x5c ./autogen/autogen_adc0.o
 .debug_info    0x00000000      0x301 ./autogen/autogen_adc0.o
 .debug_abbrev  0x00000000       0xee ./autogen/autogen_adc0.o
 .debug_loc     0x00000000       0x38 ./autogen/autogen_adc0.o
 .debug_aranges
                0x00000000       0x20 ./autogen/autogen_adc0.o
 .debug_ranges  0x00000000       0x10 ./autogen/autogen_adc0.o
 .debug_line    0x00000000      0x258 ./autogen/autogen_adc0.o
 .debug_str     0x00000000      0x41f ./autogen/autogen_adc0.o
 .comment       0x00000000       0x71 ./autogen/autogen_adc0.o
 .ARM.attributes
                0x00000000       0x33 ./autogen/autogen_adc0.o
 .debug_frame   0x00000000       0x30 ./autogen/autogen_adc0.o
 .text          0x00000000        0x0 ./autogen/autogen_hfxo.o
 .data          0x00000000        0x0 ./autogen/autogen_hfxo.o
 .bss           0x00000000        0x0 ./autogen/autogen_hfxo.o
 .debug_line    0x00000000        0x0 ./autogen/autogen_hfxo.o
 .debug_str     0x00000000        0x0 ./autogen/autogen_hfxo.o
 .comment       0x00000000       0x71 ./autogen/autogen_hfxo.o
 .ARM.attributes
                0x00000000       0x33 ./autogen/autogen_hfxo.o
 .text          0x00000000        0x0 ./autogen/autogen_init.o
 .data          0x00000000        0x0 ./autogen/autogen_init.o
 .bss           0x00000000        0x0 ./autogen/autogen_init.o
 .text.eADesigner_Init
                0x00000000      0x62c ./autogen/autogen_init.o
 .debug_info    0x00000000      0xc42 ./autogen/autogen_init.o
 .debug_abbrev  0x00000000      0x113 ./autogen/autogen_init.o
 .debug_loc     0x00000000       0x2c ./autogen/autogen_init.o
 .debug_aranges
                0x00000000       0x20 ./autogen/autogen_init.o
 .debug_ranges  0x00000000       0x10 ./autogen/autogen_init.o
 .debug_line    0x00000000      0x324 ./autogen/autogen_init.o
 .debug_str     0x00000000      0x919 ./autogen/autogen_init.o
 .comment       0x00000000       0x71 ./autogen/autogen_init.o
 .ARM.attributes
                0x00000000       0x33 ./autogen/autogen_init.o
 .debug_frame   0x00000000       0x2c ./autogen/autogen_init.o
 .text          0x00000000        0x0 ./autogen/autogen_lfxo.o
 .data          0x00000000        0x0 ./autogen/autogen_lfxo.o
 .bss           0x00000000        0x0 ./autogen/autogen_lfxo.o
 .debug_line    0x00000000        0x0 ./autogen/autogen_lfxo.o
 .debug_str     0x00000000        0x0 ./autogen/autogen_lfxo.o
 .comment       0x00000000       0x71 ./autogen/autogen_lfxo.o
 .ARM.attributes
                0x00000000       0x33 ./autogen/autogen_lfxo.o
 .text          0x00000000        0x0 ./autogen/autogen_usart1.o
 .data          0x00000000        0x0 ./autogen/autogen_usart1.o
 .bss           0x00000000        0x0 ./autogen/autogen_usart1.o
 .rodata        0x00000000       0x18 ./autogen/autogen_usart1.o
 .text.USART1_setup
                0x00000000       0x50 ./autogen/autogen_usart1.o
 .debug_info    0x00000000      0x3fe ./autogen/autogen_usart1.o
 .debug_abbrev  0x00000000       0xe9 ./autogen/autogen_usart1.o
 .debug_loc     0x00000000       0x38 ./autogen/autogen_usart1.o
 .debug_aranges
                0x00000000       0x20 ./autogen/autogen_usart1.o
 .debug_ranges  0x00000000       0x10 ./autogen/autogen_usart1.o
 .debug_line    0x00000000      0x25f ./autogen/autogen_usart1.o
 .debug_str     0x00000000      0x533 ./autogen/autogen_usart1.o
 .comment       0x00000000       0x71 ./autogen/autogen_usart1.o
 .ARM.attributes
                0x00000000       0x33 ./autogen/autogen_usart1.o
 .debug_frame   0x00000000       0x34 ./autogen/autogen_usart1.o
 .text          0x00000000        0x0 ./autogen/autogen_usart2.o
 .data          0x00000000        0x0 ./autogen/autogen_usart2.o
 .bss           0x00000000        0x0 ./autogen/autogen_usart2.o
 .rodata        0x00000000       0x18 ./autogen/autogen_usart2.o
 .text.USART2_setup
                0x00000000       0x50 ./autogen/autogen_usart2.o
 .debug_info    0x00000000      0x3fe ./autogen/autogen_usart2.o
 .debug_abbrev  0x00000000       0xe9 ./autogen/autogen_usart2.o
 .debug_loc     0x00000000       0x38 ./autogen/autogen_usart2.o
 .debug_aranges
                0x00000000       0x20 ./autogen/autogen_usart2.o
 .debug_ranges  0x00000000       0x10 ./autogen/autogen_usart2.o
 .debug_line    0x00000000      0x25f ./autogen/autogen_usart2.o
 .debug_str     0x00000000      0x533 ./autogen/autogen_usart2.o
 .comment       0x00000000       0x71 ./autogen/autogen_usart2.o
 .ARM.attributes
                0x00000000       0x33 ./autogen/autogen_usart2.o
 .debug_frame   0x00000000       0x34 ./autogen/autogen_usart2.o
 .text          0x00000000        0x0 ./CMSIS/system_efm32gg.o
 .data          0x00000000        0x0 ./CMSIS/system_efm32gg.o
 .bss           0x00000000        0x0 ./CMSIS/system_efm32gg.o
 .text.SystemHFXOClockGet
                0x00000000       0x18 ./CMSIS/system_efm32gg.o
 .text.SystemHFXOClockSet
                0x00000000       0x2c ./CMSIS/system_efm32gg.o
 .text.SystemLFXOClockSet
                0x00000000       0x2c ./CMSIS/system_efm32gg.o
 .data          0x00000000        0x0 ./CMSIS/GCC/startup_efm32gg.o
 .bss           0x00000000        0x0 ./CMSIS/GCC/startup_efm32gg.o
 .text          0x00000000        0x0 c:/siliconlabs/simplicitystudio/v2/developer/toolchains/gnu_arm/4.8_2013q4/bin/../lib/gcc/arm-none-eabi/4.8.3/../../../../arm-none-eabi/lib/armv7-m\libc_s.a(lib_a-exit.o)
 .data          0x00000000        0x0 c:/siliconlabs/simplicitystudio/v2/developer/toolchains/gnu_arm/4.8_2013q4/bin/../lib/gcc/arm-none-eabi/4.8.3/../../../../arm-none-eabi/lib/armv7-m\libc_s.a(lib_a-exit.o)
 .bss           0x00000000        0x0 c:/siliconlabs/simplicitystudio/v2/developer/toolchains/gnu_arm/4.8_2013q4/bin/../lib/gcc/arm-none-eabi/4.8.3/../../../../arm-none-eabi/lib/armv7-m\libc_s.a(lib_a-exit.o)
 .text          0x00000000        0x0 c:/siliconlabs/simplicitystudio/v2/developer/toolchains/gnu_arm/4.8_2013q4/bin/../lib/gcc/arm-none-eabi/4.8.3/../../../../arm-none-eabi/lib/armv7-m\libc_s.a(lib_a-impure.o)
 .data          0x00000000        0x0 c:/siliconlabs/simplicitystudio/v2/developer/toolchains/gnu_arm/4.8_2013q4/bin/../lib/gcc/arm-none-eabi/4.8.3/../../../../arm-none-eabi/lib/armv7-m\libc_s.a(lib_a-impure.o)
 .bss           0x00000000        0x0 c:/siliconlabs/simplicitystudio/v2/developer/toolchains/gnu_arm/4.8_2013q4/bin/../lib/gcc/arm-none-eabi/4.8.3/../../../../arm-none-eabi/lib/armv7-m\libc_s.a(lib_a-impure.o)
 .data._impure_ptr
                0x00000000        0x4 c:/siliconlabs/simplicitystudio/v2/developer/toolchains/gnu_arm/4.8_2013q4/bin/../lib/gcc/arm-none-eabi/4.8.3/../../../../arm-none-eabi/lib/armv7-m\libc_s.a(lib_a-impure.o)
 .text          0x00000000        0x0 c:/siliconlabs/simplicitystudio/v2/developer/toolchains/gnu_arm/4.8_2013q4/bin/../lib/gcc/arm-none-eabi/4.8.3/../../../../arm-none-eabi/lib/armv7-m\libc_s.a(lib_a-init.o)
 .data          0x00000000        0x0 c:/siliconlabs/simplicitystudio/v2/developer/toolchains/gnu_arm/4.8_2013q4/bin/../lib/gcc/arm-none-eabi/4.8.3/../../../../arm-none-eabi/lib/armv7-m\libc_s.a(lib_a-init.o)
 .bss           0x00000000        0x0 c:/siliconlabs/simplicitystudio/v2/developer/toolchains/gnu_arm/4.8_2013q4/bin/../lib/gcc/arm-none-eabi/4.8.3/../../../../arm-none-eabi/lib/armv7-m\libc_s.a(lib_a-init.o)
 .text          0x00000000        0x0 c:/siliconlabs/simplicitystudio/v2/developer/toolchains/gnu_arm/4.8_2013q4/bin/../lib/gcc/arm-none-eabi/4.8.3/../../../../arm-none-eabi/lib/armv7-m\libc_s.a(lib_a-memset.o)
 .data          0x00000000        0x0 c:/siliconlabs/simplicitystudio/v2/developer/toolchains/gnu_arm/4.8_2013q4/bin/../lib/gcc/arm-none-eabi/4.8.3/../../../../arm-none-eabi/lib/armv7-m\libc_s.a(lib_a-memset.o)
 .bss           0x00000000        0x0 c:/siliconlabs/simplicitystudio/v2/developer/toolchains/gnu_arm/4.8_2013q4/bin/../lib/gcc/arm-none-eabi/4.8.3/../../../../arm-none-eabi/lib/armv7-m\libc_s.a(lib_a-memset.o)
 .text          0x00000000        0x0 c:/siliconlabs/simplicitystudio/v2/developer/toolchains/gnu_arm/4.8_2013q4/bin/../lib/gcc/arm-none-eabi/4.8.3/../../../../arm-none-eabi/lib/armv7-m\libnosys.a(_exit.o)
 .data          0x00000000        0x0 c:/siliconlabs/simplicitystudio/v2/developer/toolchains/gnu_arm/4.8_2013q4/bin/../lib/gcc/arm-none-eabi/4.8.3/../../../../arm-none-eabi/lib/armv7-m\libnosys.a(_exit.o)
 .bss           0x00000000        0x0 c:/siliconlabs/simplicitystudio/v2/developer/toolchains/gnu_arm/4.8_2013q4/bin/../lib/gcc/arm-none-eabi/4.8.3/../../../../arm-none-eabi/lib/armv7-m\libnosys.a(_exit.o)
 .text          0x00000000        0x0 c:/siliconlabs/simplicitystudio/v2/developer/toolchains/gnu_arm/4.8_2013q4/bin/../lib/gcc/arm-none-eabi/4.8.3/armv7-m/crtend.o
 .data          0x00000000        0x0 c:/siliconlabs/simplicitystudio/v2/developer/toolchains/gnu_arm/4.8_2013q4/bin/../lib/gcc/arm-none-eabi/4.8.3/armv7-m/crtend.o
 .bss           0x00000000        0x0 c:/siliconlabs/simplicitystudio/v2/developer/toolchains/gnu_arm/4.8_2013q4/bin/../lib/gcc/arm-none-eabi/4.8.3/armv7-m/crtend.o
 .jcr           0x00000000        0x4 c:/siliconlabs/simplicitystudio/v2/developer/toolchains/gnu_arm/4.8_2013q4/bin/../lib/gcc/arm-none-eabi/4.8.3/armv7-m/crtend.o
 .text          0x00000000        0x0 c:/siliconlabs/simplicitystudio/v2/developer/toolchains/gnu_arm/4.8_2013q4/bin/../lib/gcc/arm-none-eabi/4.8.3/armv7-m/crtn.o
 .data          0x00000000        0x0 c:/siliconlabs/simplicitystudio/v2/developer/toolchains/gnu_arm/4.8_2013q4/bin/../lib/gcc/arm-none-eabi/4.8.3/armv7-m/crtn.o
 .bss           0x00000000        0x0 c:/siliconlabs/simplicitystudio/v2/developer/toolchains/gnu_arm/4.8_2013q4/bin/../lib/gcc/arm-none-eabi/4.8.3/armv7-m/crtn.o

Memory Configuration

Name             Origin             Length             Attributes
FLASH            0x00000000         0x00100000         xr
RAM              0x20000000         0x00020000         xrw
*default*        0x00000000         0xffffffff

Linker script and memory map

LOAD c:/siliconlabs/simplicitystudio/v2/developer/toolchains/gnu_arm/4.8_2013q4/bin/../lib/gcc/arm-none-eabi/4.8.3/armv7-m/crti.o
LOAD c:/siliconlabs/simplicitystudio/v2/developer/toolchains/gnu_arm/4.8_2013q4/bin/../lib/gcc/arm-none-eabi/4.8.3/armv7-m/crtbegin.o
LOAD c:/siliconlabs/simplicitystudio/v2/developer/toolchains/gnu_arm/4.8_2013q4/bin/../lib/gcc/arm-none-eabi/4.8.3/../../../../arm-none-eabi/lib/armv7-m/crt0.o
LOAD ./emlib/em_acmp.o
LOAD ./emlib/em_adc.o
LOAD ./emlib/em_aes.o
LOAD ./emlib/em_assert.o
LOAD ./emlib/em_burtc.o
LOAD ./emlib/em_cmu.o
LOAD ./emlib/em_dac.o
LOAD ./emlib/em_dbg.o
LOAD ./emlib/em_dma.o
LOAD ./emlib/em_ebi.o
LOAD ./emlib/em_emu.o
LOAD ./emlib/em_gpio.o
LOAD ./emlib/em_i2c.o
LOAD ./emlib/em_idac.o
LOAD ./emlib/em_int.o
LOAD ./emlib/em_lcd.o
LOAD ./emlib/em_lesense.o
LOAD ./emlib/em_letimer.o
LOAD ./emlib/em_leuart.o
LOAD ./emlib/em_mpu.o
LOAD ./emlib/em_msc.o
LOAD ./emlib/em_opamp.o
LOAD ./emlib/em_pcnt.o
LOAD ./emlib/em_prs.o
LOAD ./emlib/em_rmu.o
LOAD ./emlib/em_rtc.o
LOAD ./emlib/em_system.o
LOAD ./emlib/em_timer.o
LOAD ./emlib/em_usart.o
LOAD ./emlib/em_vcmp.o
LOAD ./emlib/em_wdog.o
LOAD ./main.o
LOAD ./libDrivers/src/codeflash.o
LOAD ./libDrivers/src/gyro.o
LOAD ./libDrivers/src/tempsense.o
LOAD ./autogen/autogen_adc0.o
LOAD ./autogen/autogen_hfxo.o
LOAD ./autogen/autogen_init.o
LOAD ./autogen/autogen_lfxo.o
LOAD ./autogen/autogen_usart1.o
LOAD ./autogen/autogen_usart2.o
LOAD ./CMSIS/system_efm32gg.o
LOAD ./CMSIS/GCC/startup_efm32gg.o
START GROUP
LOAD c:/siliconlabs/simplicitystudio/v2/developer/toolchains/gnu_arm/4.8_2013q4/bin/../lib/gcc/arm-none-eabi/4.8.3/armv7-m\libgcc.a
LOAD c:/siliconlabs/simplicitystudio/v2/developer/toolchains/gnu_arm/4.8_2013q4/bin/../lib/gcc/arm-none-eabi/4.8.3/../../../../arm-none-eabi/lib/armv7-m\libc_s.a
LOAD c:/siliconlabs/simplicitystudio/v2/developer/toolchains/gnu_arm/4.8_2013q4/bin/../lib/gcc/arm-none-eabi/4.8.3/../../../../arm-none-eabi/lib/armv7-m\libnosys.a
END GROUP
START GROUP
LOAD c:/siliconlabs/simplicitystudio/v2/developer/toolchains/gnu_arm/4.8_2013q4/bin/../lib/gcc/arm-none-eabi/4.8.3/armv7-m\libgcc.a
LOAD c:/siliconlabs/simplicitystudio/v2/developer/toolchains/gnu_arm/4.8_2013q4/bin/../lib/gcc/arm-none-eabi/4.8.3/../../../../arm-none-eabi/lib/armv7-m\libg_s.a
LOAD c:/siliconlabs/simplicitystudio/v2/developer/toolchains/gnu_arm/4.8_2013q4/bin/../lib/gcc/arm-none-eabi/4.8.3/../../../../arm-none-eabi/lib/armv7-m\libc_s.a
END GROUP
START GROUP
LOAD c:/siliconlabs/simplicitystudio/v2/developer/toolchains/gnu_arm/4.8_2013q4/bin/../lib/gcc/arm-none-eabi/4.8.3/armv7-m\libgcc.a
LOAD c:/siliconlabs/simplicitystudio/v2/developer/toolchains/gnu_arm/4.8_2013q4/bin/../lib/gcc/arm-none-eabi/4.8.3/../../../../arm-none-eabi/lib/armv7-m\libc_s.a
END GROUP
LOAD c:/siliconlabs/simplicitystudio/v2/developer/toolchains/gnu_arm/4.8_2013q4/bin/../lib/gcc/arm-none-eabi/4.8.3/armv7-m/crtend.o
LOAD c:/siliconlabs/simplicitystudio/v2/developer/toolchains/gnu_arm/4.8_2013q4/bin/../lib/gcc/arm-none-eabi/4.8.3/armv7-m/crtn.o

.text           0x00000000      0xe8c
 *(.isr_vector)
 .isr_vector    0x00000000      0x100 ./CMSIS/GCC/startup_efm32gg.o
                0x00000000                __isr_vector
 *(.text*)
 .text          0x00000100       0x54 c:/siliconlabs/simplicitystudio/v2/developer/toolchains/gnu_arm/4.8_2013q4/bin/../lib/gcc/arm-none-eabi/4.8.3/armv7-m/crtbegin.o
 .text          0x00000154       0x74 c:/siliconlabs/simplicitystudio/v2/developer/toolchains/gnu_arm/4.8_2013q4/bin/../lib/gcc/arm-none-eabi/4.8.3/../../../../arm-none-eabi/lib/armv7-m/crt0.o
                0x00000154                _start
                0x00000154                _mainCRTStartup
 .text.BITBAND_Peripheral
                0x000001c8       0x2c ./emlib/em_cmu.o
 .text.CMU_MaxFreqHfle
                0x000001f4       0x8c ./emlib/em_cmu.o
 .text.CMU_AUXClkGet
                0x00000280       0x8c ./emlib/em_cmu.o
 .text.CMU_DBGClkGet
                0x0000030c       0x58 ./emlib/em_cmu.o
 .text.CMU_LFClkGet
                0x00000364       0xb4 ./emlib/em_cmu.o
 .text.CMU_Sync
                0x00000418       0x34 ./emlib/em_cmu.o
 .text.CMU_ClockEnable
                0x0000044c       0xe0 ./emlib/em_cmu.o
                0x0000044c                CMU_ClockEnable
 .text.CMU_ClockFreqGet
                0x0000052c      0x180 ./emlib/em_cmu.o
                0x0000052c                CMU_ClockFreqGet
 .text.CMU_ClockSelectGet
                0x000006ac      0x11c ./emlib/em_cmu.o
                0x000006ac                CMU_ClockSelectGet
 .text.DMA_IRQHandler
                0x000007c8       0xe0 ./emlib/em_dma.o
                0x000007c8                DMA_IRQHandler
 .text.GPIO_PinModeSet
                0x000008a8      0x144 ./emlib/em_gpio.o
                0x000008a8                GPIO_PinModeSet
 .text.SYSTEM_ChipRevisionGet
                0x000009ec       0x74 ./emlib/em_system.o
                0x000009ec                SYSTEM_ChipRevisionGet
 .text.GPIO_PortOutSetVal
                0x00000a60       0x4c ./main.o
 .text.CHIP_Init
                0x00000aac       0x40 ./main.o
 .text.Delay    0x00000aec       0x60 ./main.o
                0x00000aec                Delay
 .text.main     0x00000b4c       0x5c ./main.o
                0x00000b4c                main
 .text.GetProdRev
                0x00000ba8       0x1c ./CMSIS/system_efm32gg.o
 .text.SystemCoreClockGet
                0x00000bc4       0x48 ./CMSIS/system_efm32gg.o
                0x00000bc4                SystemCoreClockGet
 .text.SystemHFClockGet
                0x00000c0c       0xf0 ./CMSIS/system_efm32gg.o
                0x00000c0c                SystemHFClockGet
 .text.SystemInit
                0x00000cfc        0xc ./CMSIS/system_efm32gg.o
                0x00000cfc                SystemInit
 .text.SystemLFRCOClockGet
                0x00000d08       0x14 ./CMSIS/system_efm32gg.o
                0x00000d08                SystemLFRCOClockGet
 .text.SystemULFRCOClockGet
                0x00000d1c       0x14 ./CMSIS/system_efm32gg.o
                0x00000d1c                SystemULFRCOClockGet
 .text.SystemLFXOClockGet
                0x00000d30       0x18 ./CMSIS/system_efm32gg.o
                0x00000d30                SystemLFXOClockGet
 .text          0x00000d48       0x98 ./CMSIS/GCC/startup_efm32gg.o
                0x00000d48                Reset_Handler
                0x00000d7c                Default_Handler
                0x00000d7e                NMI_Handler
                0x00000d80                HardFault_Handler
                0x00000d82                MemManage_Handler
                0x00000d84                BusFault_Handler
                0x00000d86                UsageFault_Handler
                0x00000d88                SVC_Handler
                0x00000d8a                DebugMon_Handler
                0x00000d8c                PendSV_Handler
                0x00000d8e                SysTick_Handler
                0x00000d92                GPIO_EVEN_IRQHandler
                0x00000d94                TIMER0_IRQHandler
                0x00000d96                USART0_RX_IRQHandler
                0x00000d98                USART0_TX_IRQHandler
                0x00000d9a                USB_IRQHandler
                0x00000d9c                ACMP0_IRQHandler
                0x00000d9e                ADC0_IRQHandler
                0x00000da0                DAC0_IRQHandler
                0x00000da2                I2C0_IRQHandler
                0x00000da4                I2C1_IRQHandler
                0x00000da6                GPIO_ODD_IRQHandler
                0x00000da8                TIMER1_IRQHandler
                0x00000daa                TIMER2_IRQHandler
                0x00000dac                TIMER3_IRQHandler
                0x00000dae                USART1_RX_IRQHandler
                0x00000db0                USART1_TX_IRQHandler
                0x00000db2                LESENSE_IRQHandler
                0x00000db4                USART2_RX_IRQHandler
                0x00000db6                USART2_TX_IRQHandler
                0x00000db8                UART0_RX_IRQHandler
                0x00000dba                UART0_TX_IRQHandler
                0x00000dbc                UART1_RX_IRQHandler
                0x00000dbe                UART1_TX_IRQHandler
                0x00000dc0                LEUART0_IRQHandler
                0x00000dc2                LEUART1_IRQHandler
                0x00000dc4                LETIMER0_IRQHandler
                0x00000dc6                PCNT0_IRQHandler
                0x00000dc8                PCNT1_IRQHandler
                0x00000dca                PCNT2_IRQHandler
                0x00000dcc                RTC_IRQHandler
                0x00000dce                BURTC_IRQHandler
                0x00000dd0                CMU_IRQHandler
                0x00000dd2                VCMP_IRQHandler
                0x00000dd4                LCD_IRQHandler
                0x00000dd6                MSC_IRQHandler
                0x00000dd8                AES_IRQHandler
                0x00000dda                EBI_IRQHandler
                0x00000ddc                EMU_IRQHandler
 .text.exit     0x00000de0       0x28 c:/siliconlabs/simplicitystudio/v2/developer/toolchains/gnu_arm/4.8_2013q4/bin/../lib/gcc/arm-none-eabi/4.8.3/../../../../arm-none-eabi/lib/armv7-m\libc_s.a(lib_a-exit.o)
                0x00000de0                exit
 .text.__libc_init_array
                0x00000e08       0x4c c:/siliconlabs/simplicitystudio/v2/developer/toolchains/gnu_arm/4.8_2013q4/bin/../lib/gcc/arm-none-eabi/4.8.3/../../../../arm-none-eabi/lib/armv7-m\libc_s.a(lib_a-init.o)
                0x00000e08                __libc_init_array
 .text.memset   0x00000e54       0x10 c:/siliconlabs/simplicitystudio/v2/developer/toolchains/gnu_arm/4.8_2013q4/bin/../lib/gcc/arm-none-eabi/4.8.3/../../../../arm-none-eabi/lib/armv7-m\libc_s.a(lib_a-memset.o)
                0x00000e54                memset
 .text._exit    0x00000e64        0x4 c:/siliconlabs/simplicitystudio/v2/developer/toolchains/gnu_arm/4.8_2013q4/bin/../lib/gcc/arm-none-eabi/4.8.3/../../../../arm-none-eabi/lib/armv7-m\libnosys.a(_exit.o)
                0x00000e64                _exit
 *(.init)
 .init          0x00000e68        0x4 c:/siliconlabs/simplicitystudio/v2/developer/toolchains/gnu_arm/4.8_2013q4/bin/../lib/gcc/arm-none-eabi/4.8.3/armv7-m/crti.o
                0x00000e68                _init
 .init          0x00000e6c        0x8 c:/siliconlabs/simplicitystudio/v2/developer/toolchains/gnu_arm/4.8_2013q4/bin/../lib/gcc/arm-none-eabi/4.8.3/armv7-m/crtn.o
 *(.fini)
 .fini          0x00000e74        0x4 c:/siliconlabs/simplicitystudio/v2/developer/toolchains/gnu_arm/4.8_2013q4/bin/../lib/gcc/arm-none-eabi/4.8.3/armv7-m/crti.o
                0x00000e74                _fini
 .fini          0x00000e78        0x8 c:/siliconlabs/simplicitystudio/v2/developer/toolchains/gnu_arm/4.8_2013q4/bin/../lib/gcc/arm-none-eabi/4.8.3/armv7-m/crtn.o
 *crtbegin.o(.ctors)
 *crtbegin?.o(.ctors)
 *(EXCLUDE_FILE(*crtend.o *crtend?.o) .ctors)
 *(SORT(.ctors.*))
 *(.ctors)
 *crtbegin.o(.dtors)
 *crtbegin?.o(.dtors)
 *(EXCLUDE_FILE(*crtend.o *crtend?.o) .dtors)
 *(SORT(.dtors.*))
 *(.dtors)
 *(.rodata*)
 .rodata.str1.1
                0x00000e80        0x2 c:/siliconlabs/simplicitystudio/v2/developer/toolchains/gnu_arm/4.8_2013q4/bin/../lib/gcc/arm-none-eabi/4.8.3/../../../../arm-none-eabi/lib/armv7-m\libc_s.a(lib_a-impure.o)
 *fill*         0x00000e82        0x2 
 .rodata._global_impure_ptr
                0x00000e84        0x4 c:/siliconlabs/simplicitystudio/v2/developer/toolchains/gnu_arm/4.8_2013q4/bin/../lib/gcc/arm-none-eabi/4.8.3/../../../../arm-none-eabi/lib/armv7-m\libc_s.a(lib_a-impure.o)
                0x00000e84                _global_impure_ptr
 *(.eh_frame*)
 .eh_frame      0x00000e88        0x0 c:/siliconlabs/simplicitystudio/v2/developer/toolchains/gnu_arm/4.8_2013q4/bin/../lib/gcc/arm-none-eabi/4.8.3/armv7-m/crtbegin.o
 .eh_frame      0x00000e88        0x4 c:/siliconlabs/simplicitystudio/v2/developer/toolchains/gnu_arm/4.8_2013q4/bin/../lib/gcc/arm-none-eabi/4.8.3/armv7-m/crtend.o

.glue_7         0x00000e8c        0x0
 .glue_7        0x00000000        0x0 linker stubs

.glue_7t        0x00000e8c        0x0
 .glue_7t       0x00000000        0x0 linker stubs

.vfp11_veneer   0x00000e8c        0x0
 .vfp11_veneer  0x00000000        0x0 linker stubs

.v4_bx          0x00000e8c        0x0
 .v4_bx         0x00000000        0x0 linker stubs

.iplt           0x00000e8c        0x0
 .iplt          0x00000000        0x0 c:/siliconlabs/simplicitystudio/v2/developer/toolchains/gnu_arm/4.8_2013q4/bin/../lib/gcc/arm-none-eabi/4.8.3/armv7-m/crtbegin.o

.ARM.extab
 *(.ARM.extab* .gnu.linkonce.armextab.*)
                0x00000e8c                __exidx_start = .

.ARM.exidx      0x00000e8c        0x8
 *(.ARM.exidx* .gnu.linkonce.armexidx.*)
 .ARM.exidx     0x00000e8c        0x8 c:/siliconlabs/simplicitystudio/v2/developer/toolchains/gnu_arm/4.8_2013q4/bin/../lib/gcc/arm-none-eabi/4.8.3/../../../../arm-none-eabi/lib/armv7-m/crt0.o
                0x00000e94                __exidx_end = .
                0x00000e94                __etext = .

.rel.dyn        0x00000e94        0x0
 .rel.iplt      0x00000000        0x0 c:/siliconlabs/simplicitystudio/v2/developer/toolchains/gnu_arm/4.8_2013q4/bin/../lib/gcc/arm-none-eabi/4.8.3/armv7-m/crtbegin.o

.data           0x20000000       0x70 load address 0x00000e94
                0x20000000                __data_start__ = .
 *(vtable)
 *(.data*)
 .data.SystemHFXOClock
                0x20000000        0x4 ./CMSIS/system_efm32gg.o
 .data.SystemLFXOClock
                0x20000004        0x4 ./CMSIS/system_efm32gg.o
 .data.impure_data
                0x20000008       0x60 c:/siliconlabs/simplicitystudio/v2/developer/toolchains/gnu_arm/4.8_2013q4/bin/../lib/gcc/arm-none-eabi/4.8.3/../../../../arm-none-eabi/lib/armv7-m\libc_s.a(lib_a-impure.o)
                0x20000068                . = ALIGN (0x4)
 *(.ram)
                0x20000068                . = ALIGN (0x4)
                0x20000068                PROVIDE (__preinit_array_start, .)
 *(.preinit_array)
                0x20000068                PROVIDE (__preinit_array_end, .)
                0x20000068                . = ALIGN (0x4)
                0x20000068                PROVIDE (__init_array_start, .)
 *(SORT(.init_array.*))
 *(.init_array)
 .init_array    0x20000068        0x4 c:/siliconlabs/simplicitystudio/v2/developer/toolchains/gnu_arm/4.8_2013q4/bin/../lib/gcc/arm-none-eabi/4.8.3/armv7-m/crtbegin.o
                0x2000006c                PROVIDE (__init_array_end, .)
                0x2000006c                . = ALIGN (0x4)
                0x2000006c                PROVIDE (__fini_array_start, .)
 *(SORT(.fini_array.*))
 *(.fini_array)
 .fini_array    0x2000006c        0x4 c:/siliconlabs/simplicitystudio/v2/developer/toolchains/gnu_arm/4.8_2013q4/bin/../lib/gcc/arm-none-eabi/4.8.3/armv7-m/crtbegin.o
                0x20000070                PROVIDE (__fini_array_end, .)
                0x20000070                . = ALIGN (0x4)
                0x20000070                __data_end__ = .

.jcr            0x20000070        0x0 load address 0x00000f04
 .jcr           0x20000070        0x0 c:/siliconlabs/simplicitystudio/v2/developer/toolchains/gnu_arm/4.8_2013q4/bin/../lib/gcc/arm-none-eabi/4.8.3/armv7-m/crtbegin.o

.igot.plt       0x20000070        0x0 load address 0x00000f04
 .igot.plt      0x00000000        0x0 c:/siliconlabs/simplicitystudio/v2/developer/toolchains/gnu_arm/4.8_2013q4/bin/../lib/gcc/arm-none-eabi/4.8.3/armv7-m/crtbegin.o

.bss            0x20000070       0x20 load address 0x00000f04
                0x20000070                __bss_start__ = .
 *(.bss*)
 .bss           0x20000070       0x1c c:/siliconlabs/simplicitystudio/v2/developer/toolchains/gnu_arm/4.8_2013q4/bin/../lib/gcc/arm-none-eabi/4.8.3/armv7-m/crtbegin.o
 *(COMMON)
 COMMON         0x2000008c        0x4 ./CMSIS/system_efm32gg.o
                0x2000008c                SystemCoreClock
                0x20000090                __bss_end__ = .

.heap           0x20000090      0xc00
                0x20000090                __end__ = .
                0x20000090                end = __end__
                0x20000090                _end = __end__
 *(.heap*)
 .heap          0x20000090      0xc00 ./CMSIS/GCC/startup_efm32gg.o
                0x20000090                __HeapBase
                0x20000c90                __HeapLimit = .

.stack_dummy    0x20000090      0x400
 *(.stack)
 .stack         0x20000090      0x400 ./CMSIS/GCC/startup_efm32gg.o
                0x20020000                __StackTop = (ORIGIN (RAM) + 0x20000)
                0x2001fc00                __StackLimit = (__StackTop - SIZEOF (.stack_dummy))
                0x20020000                PROVIDE (__stack, __StackTop)
                0x00000001                ASSERT ((__StackLimit >= __HeapLimit), region RAM overflowed with stack)
                0x00000001                ASSERT ((0x100000 >= (__etext + SIZEOF (.data))), FLASH memory overflowed !)
OUTPUT(main.axf elf32-littlearm)

.ARM.attributes
                0x00000000       0x29
 .ARM.attributes
                0x00000000       0x1d c:/siliconlabs/simplicitystudio/v2/developer/toolchains/gnu_arm/4.8_2013q4/bin/../lib/gcc/arm-none-eabi/4.8.3/armv7-m/crti.o
 .ARM.attributes
                0x0000001d       0x2d c:/siliconlabs/simplicitystudio/v2/developer/toolchains/gnu_arm/4.8_2013q4/bin/../lib/gcc/arm-none-eabi/4.8.3/armv7-m/crtbegin.o
 .ARM.attributes
                0x0000004a       0x1b c:/siliconlabs/simplicitystudio/v2/developer/toolchains/gnu_arm/4.8_2013q4/bin/../lib/gcc/arm-none-eabi/4.8.3/../../../../arm-none-eabi/lib/armv7-m/crt0.o
 .ARM.attributes
                0x00000065       0x33 ./emlib/em_cmu.o
 .ARM.attributes
                0x00000098       0x33 ./emlib/em_dma.o
 .ARM.attributes
                0x000000cb       0x33 ./emlib/em_gpio.o
 .ARM.attributes
                0x000000fe       0x33 ./emlib/em_system.o
 .ARM.attributes
                0x00000131       0x33 ./main.o
 .ARM.attributes
                0x00000164       0x33 ./CMSIS/system_efm32gg.o
 .ARM.attributes
                0x00000197       0x1b ./CMSIS/GCC/startup_efm32gg.o
 .ARM.attributes
                0x000001b2       0x2d c:/siliconlabs/simplicitystudio/v2/developer/toolchains/gnu_arm/4.8_2013q4/bin/../lib/gcc/arm-none-eabi/4.8.3/../../../../arm-none-eabi/lib/armv7-m\libc_s.a(lib_a-exit.o)
 .ARM.attributes
                0x000001df       0x2d c:/siliconlabs/simplicitystudio/v2/developer/toolchains/gnu_arm/4.8_2013q4/bin/../lib/gcc/arm-none-eabi/4.8.3/../../../../arm-none-eabi/lib/armv7-m\libc_s.a(lib_a-impure.o)
 .ARM.attributes
                0x0000020c       0x2d c:/siliconlabs/simplicitystudio/v2/developer/toolchains/gnu_arm/4.8_2013q4/bin/../lib/gcc/arm-none-eabi/4.8.3/../../../../arm-none-eabi/lib/armv7-m\libc_s.a(lib_a-init.o)
 .ARM.attributes
                0x00000239       0x2d c:/siliconlabs/simplicitystudio/v2/developer/toolchains/gnu_arm/4.8_2013q4/bin/../lib/gcc/arm-none-eabi/4.8.3/../../../../arm-none-eabi/lib/armv7-m\libc_s.a(lib_a-memset.o)
 .ARM.attributes
                0x00000266       0x2d c:/siliconlabs/simplicitystudio/v2/developer/toolchains/gnu_arm/4.8_2013q4/bin/../lib/gcc/arm-none-eabi/4.8.3/../../../../arm-none-eabi/lib/armv7-m\libnosys.a(_exit.o)
 .ARM.attributes
                0x00000293       0x2d c:/siliconlabs/simplicitystudio/v2/developer/toolchains/gnu_arm/4.8_2013q4/bin/../lib/gcc/arm-none-eabi/4.8.3/armv7-m/crtend.o
 .ARM.attributes
                0x000002c0       0x1d c:/siliconlabs/simplicitystudio/v2/developer/toolchains/gnu_arm/4.8_2013q4/bin/../lib/gcc/arm-none-eabi/4.8.3/armv7-m/crtn.o

.comment        0x00000000       0x70
 .comment       0x00000000       0x70 ./emlib/em_cmu.o
                                 0x71 (size before relaxing)
 .comment       0x00000000       0x71 ./emlib/em_dma.o
 .comment       0x00000000       0x71 ./emlib/em_gpio.o
 .comment       0x00000000       0x71 ./emlib/em_system.o
 .comment       0x00000000       0x71 ./main.o
 .comment       0x00000000       0x71 ./CMSIS/system_efm32gg.o

.debug_info     0x00000000     0x3974
 .debug_info    0x00000000     0x1050 ./emlib/em_cmu.o
 .debug_info    0x00001050     0x1252 ./emlib/em_dma.o
 .debug_info    0x000022a2      0x4d0 ./emlib/em_gpio.o
 .debug_info    0x00002772      0x241 ./emlib/em_system.o
 .debug_info    0x000029b3      0x94e ./main.o
 .debug_info    0x00003301      0x566 ./CMSIS/system_efm32gg.o
 .debug_info    0x00003867      0x10d ./CMSIS/GCC/startup_efm32gg.o

.debug_abbrev   0x00000000      0xa82
 .debug_abbrev  0x00000000      0x2ca ./emlib/em_cmu.o
 .debug_abbrev  0x000002ca      0x23b ./emlib/em_dma.o
 .debug_abbrev  0x00000505      0x138 ./emlib/em_gpio.o
 .debug_abbrev  0x0000063d       0xed ./emlib/em_system.o
 .debug_abbrev  0x0000072a      0x1a1 ./main.o
 .debug_abbrev  0x000008cb      0x1a3 ./CMSIS/system_efm32gg.o
 .debug_abbrev  0x00000a6e       0x14 ./CMSIS/GCC/startup_efm32gg.o

.debug_loc      0x00000000      0xf80
 .debug_loc     0x00000000      0x6d0 ./emlib/em_cmu.o
 .debug_loc     0x000006d0      0x460 ./emlib/em_dma.o
 .debug_loc     0x00000b30      0x118 ./emlib/em_gpio.o
 .debug_loc     0x00000c48       0x70 ./emlib/em_system.o
 .debug_loc     0x00000cb8       0xe0 ./main.o
 .debug_loc     0x00000d98      0x1e8 ./CMSIS/system_efm32gg.o

.debug_aranges  0x00000000      0x2f8
 .debug_aranges
                0x00000000      0x118 ./emlib/em_cmu.o
 .debug_aranges
                0x00000118       0xb8 ./emlib/em_dma.o
 .debug_aranges
                0x000001d0       0x40 ./emlib/em_gpio.o
 .debug_aranges
                0x00000210       0x28 ./emlib/em_system.o
 .debug_aranges
                0x00000238       0x38 ./main.o
 .debug_aranges
                0x00000270       0x68 ./CMSIS/system_efm32gg.o
 .debug_aranges
                0x000002d8       0x20 ./CMSIS/GCC/startup_efm32gg.o

.debug_ranges   0x00000000      0x278
 .debug_ranges  0x00000000      0x108 ./emlib/em_cmu.o
 .debug_ranges  0x00000108       0xa8 ./emlib/em_dma.o
 .debug_ranges  0x000001b0       0x30 ./emlib/em_gpio.o
 .debug_ranges  0x000001e0       0x18 ./emlib/em_system.o
 .debug_ranges  0x000001f8       0x28 ./main.o
 .debug_ranges  0x00000220       0x58 ./CMSIS/system_efm32gg.o

.debug_line     0x00000000     0x1a1f
 .debug_line    0x00000000      0x7f1 ./emlib/em_cmu.o
 .debug_line    0x000007f1      0x55b ./emlib/em_dma.o
 .debug_line    0x00000d4c      0x31f ./emlib/em_gpio.o
 .debug_line    0x0000106b      0x2b7 ./emlib/em_system.o
 .debug_line    0x00001322      0x2f5 ./main.o
 .debug_line    0x00001617      0x303 ./CMSIS/system_efm32gg.o
 .debug_line    0x0000191a      0x105 ./CMSIS/GCC/startup_efm32gg.o

.debug_str      0x00000000     0x1b56
 .debug_str     0x00000000      0xb9a ./emlib/em_cmu.o
                                0xc0a (size before relaxing)
 .debug_str     0x00000b9a      0x90b ./emlib/em_dma.o
                                0xd54 (size before relaxing)
 .debug_str     0x000014a5      0x398 ./emlib/em_gpio.o
                                0x553 (size before relaxing)
 .debug_str     0x0000183d      0x100 ./emlib/em_system.o
                                0x2c2 (size before relaxing)
 .debug_str     0x0000193d       0xb2 ./main.o
                                0x854 (size before relaxing)
 .debug_str     0x000019ef      0x167 ./CMSIS/system_efm32gg.o
                                0x49b (size before relaxing)

.debug_frame    0x00000000      0x934
 .debug_frame   0x00000000      0x3a8 ./emlib/em_cmu.o
 .debug_frame   0x000003a8      0x25c ./emlib/em_dma.o
 .debug_frame   0x00000604       0xa8 ./emlib/em_gpio.o
 .debug_frame   0x000006ac       0x48 ./emlib/em_system.o
 .debug_frame   0x000006f4       0x8c ./main.o
 .debug_frame   0x00000780      0x120 ./CMSIS/system_efm32gg.o
 .debug_frame   0x000008a0       0x28 c:/siliconlabs/simplicitystudio/v2/developer/toolchains/gnu_arm/4.8_2013q4/bin/../lib/gcc/arm-none-eabi/4.8.3/../../../../arm-none-eabi/lib/armv7-m\libc_s.a(lib_a-exit.o)
 .debug_frame   0x000008c8       0x2c c:/siliconlabs/simplicitystudio/v2/developer/toolchains/gnu_arm/4.8_2013q4/bin/../lib/gcc/arm-none-eabi/4.8.3/../../../../arm-none-eabi/lib/armv7-m\libc_s.a(lib_a-init.o)
 .debug_frame   0x000008f4       0x20 c:/siliconlabs/simplicitystudio/v2/developer/toolchains/gnu_arm/4.8_2013q4/bin/../lib/gcc/arm-none-eabi/4.8.3/../../../../arm-none-eabi/lib/armv7-m\libc_s.a(lib_a-memset.o)
 .debug_frame   0x00000914       0x20 c:/siliconlabs/simplicitystudio/v2/developer/toolchains/gnu_arm/4.8_2013q4/bin/../lib/gcc/arm-none-eabi/4.8.3/../../../../arm-none-eabi/lib/armv7-m\libnosys.a(_exit.o)
